Archive member included to satisfy reference by file (symbol)

c:/progra~2/armgnu~1/125863~1.3re/bin/../lib/gcc/arm-none-eabi/12.3.1/thumb/v6-m/nofp\libgcc.a(_dvmd_tls.o)
                              CMakeFiles/ov2640_pio.dir/C_/Users/08809/Desktop/RP2040/sdk/pico-sdk/src/rp2_common/pico_divider/divider.S.obj (__aeabi_idiv0)
c:/progra~2/armgnu~1/125863~1.3re/bin/../lib/gcc/arm-none-eabi/12.3.1/thumb/v6-m/nofp\libg.a(libc_a-calloc.o)
                              CMakeFiles/ov2640_pio.dir/C_/Users/08809/Desktop/RP2040/sdk/pico-sdk/src/rp2_common/pico_malloc/pico_malloc.c.obj (calloc)
c:/progra~2/armgnu~1/125863~1.3re/bin/../lib/gcc/arm-none-eabi/12.3.1/thumb/v6-m/nofp\libg.a(libc_a-callocr.o)
                              c:/progra~2/armgnu~1/125863~1.3re/bin/../lib/gcc/arm-none-eabi/12.3.1/thumb/v6-m/nofp\libg.a(libc_a-calloc.o) (_calloc_r)
c:/progra~2/armgnu~1/125863~1.3re/bin/../lib/gcc/arm-none-eabi/12.3.1/thumb/v6-m/nofp\libg.a(libc_a-malloc.o)
                              CMakeFiles/ov2640_pio.dir/C_/Users/08809/Desktop/RP2040/sdk/pico-sdk/src/rp2_common/pico_malloc/pico_malloc.c.obj (malloc)
c:/progra~2/armgnu~1/125863~1.3re/bin/../lib/gcc/arm-none-eabi/12.3.1/thumb/v6-m/nofp\libg.a(libc_a-mallocr.o)
                              c:/progra~2/armgnu~1/125863~1.3re/bin/../lib/gcc/arm-none-eabi/12.3.1/thumb/v6-m/nofp\libg.a(libc_a-callocr.o) (_malloc_r)
c:/progra~2/armgnu~1/125863~1.3re/bin/../lib/gcc/arm-none-eabi/12.3.1/thumb/v6-m/nofp\libg.a(libc_a-mlock.o)
                              c:/progra~2/armgnu~1/125863~1.3re/bin/../lib/gcc/arm-none-eabi/12.3.1/thumb/v6-m/nofp\libg.a(libc_a-mallocr.o) (__malloc_lock)
c:/progra~2/armgnu~1/125863~1.3re/bin/../lib/gcc/arm-none-eabi/12.3.1/thumb/v6-m/nofp\libg.a(libc_a-realloc.o)
                              CMakeFiles/ov2640_pio.dir/C_/Users/08809/Desktop/RP2040/sdk/pico-sdk/src/rp2_common/pico_malloc/pico_malloc.c.obj (realloc)
c:/progra~2/armgnu~1/125863~1.3re/bin/../lib/gcc/arm-none-eabi/12.3.1/thumb/v6-m/nofp\libg.a(libc_a-reallocr.o)
                              c:/progra~2/armgnu~1/125863~1.3re/bin/../lib/gcc/arm-none-eabi/12.3.1/thumb/v6-m/nofp\libg.a(libc_a-realloc.o) (_realloc_r)
c:/progra~2/armgnu~1/125863~1.3re/bin/../lib/gcc/arm-none-eabi/12.3.1/thumb/v6-m/nofp\libg.a(libc_a-memcmp.o)
                              CMakeFiles/ov2640_pio.dir/C_/Users/08809/Desktop/RP2040/sdk/pico-sdk/lib/cyw43-driver/src/cyw43_ll.c.obj (memcmp)
c:/progra~2/armgnu~1/125863~1.3re/bin/../lib/gcc/arm-none-eabi/12.3.1/thumb/v6-m/nofp\libg.a(libc_a-memmove.o)
                              CMakeFiles/ov2640_pio.dir/C_/Users/08809/Desktop/RP2040/sdk/pico-sdk/lib/cyw43-driver/src/cyw43_ll.c.obj (memmove)
c:/progra~2/armgnu~1/125863~1.3re/bin/../lib/gcc/arm-none-eabi/12.3.1/thumb/v6-m/nofp\libg.a(libc_a-strncmp.o)
                              CMakeFiles/ov2640_pio.dir/C_/Users/08809/Desktop/RP2040/sdk/pico-sdk/lib/cyw43-driver/src/cyw43_ll.c.obj (strncmp)
c:/progra~2/armgnu~1/125863~1.3re/bin/../lib/gcc/arm-none-eabi/12.3.1/thumb/v6-m/nofp\libg.a(libc_a-impure.o)
                              c:/progra~2/armgnu~1/125863~1.3re/bin/../lib/gcc/arm-none-eabi/12.3.1/thumb/v6-m/nofp\libg.a(libc_a-calloc.o) (_impure_ptr)
c:/progra~2/armgnu~1/125863~1.3re/bin/../lib/gcc/arm-none-eabi/12.3.1/thumb/v6-m/nofp\libg.a(libc_a-sbrkr.o)
                              c:/progra~2/armgnu~1/125863~1.3re/bin/../lib/gcc/arm-none-eabi/12.3.1/thumb/v6-m/nofp\libg.a(libc_a-mallocr.o) (_sbrk_r)
c:/progra~2/armgnu~1/125863~1.3re/bin/../lib/gcc/arm-none-eabi/12.3.1/thumb/v6-m/nofp\libg.a(libc_a-errno.o)
                              c:/progra~2/armgnu~1/125863~1.3re/bin/../lib/gcc/arm-none-eabi/12.3.1/thumb/v6-m/nofp\libg.a(libc_a-callocr.o) (__errno)
c:/progra~2/armgnu~1/125863~1.3re/bin/../lib/gcc/arm-none-eabi/12.3.1/thumb/v6-m/nofp\libg.a(libc_a-init.o)
                              c:/progra~2/armgnu~1/125863~1.3re/bin/../lib/gcc/arm-none-eabi/12.3.1/thumb/v6-m/nofp/crt0.o (__libc_init_array)
c:/progra~2/armgnu~1/125863~1.3re/bin/../lib/gcc/arm-none-eabi/12.3.1/thumb/v6-m/nofp\libg.a(libc_a-lock.o)
                              c:/progra~2/armgnu~1/125863~1.3re/bin/../lib/gcc/arm-none-eabi/12.3.1/thumb/v6-m/nofp\libg.a(libc_a-mlock.o) (__retarget_lock_acquire_recursive)
c:/progra~2/armgnu~1/125863~1.3re/bin/../lib/gcc/arm-none-eabi/12.3.1/thumb/v6-m/nofp\libg.a(libc_a-sysconf.o)
                              c:/progra~2/armgnu~1/125863~1.3re/bin/../lib/gcc/arm-none-eabi/12.3.1/thumb/v6-m/nofp\libg.a(libc_a-mallocr.o) (sysconf)
c:/progra~2/armgnu~1/125863~1.3re/bin/../lib/gcc/arm-none-eabi/12.3.1/thumb/v6-m/nofp\libg.a(libc_a-strlen-stub.o)
                              CMakeFiles/ov2640_pio.dir/C_/Users/08809/Desktop/RP2040/sdk/pico-sdk/src/rp2_common/pico_stdio/stdio.c.obj (strlen)
c:/progra~2/armgnu~1/125863~1.3re/bin/../lib/gcc/arm-none-eabi/12.3.1/thumb/v6-m/nofp\libg.a(libc_a-freer.o)
[...]
Memory Configuration

Name             Origin             Length             Attributes
FLASH            0x10000000         0x00200000         xr
RAM              0x20000000         0x00040000         xrw
SCRATCH_X        0x20040000         0x00001000         xrw
SCRATCH_Y        0x20041000         0x00001000         xrw
*default*        0x00000000         0xffffffff

Linker script and memory map

LOAD c:/progra~2/armgnu~1/125863~1.3re/bin/../lib/gcc/arm-none-eabi/12.3.1/thumb/v6-m/nofp/crti.o
LOAD c:/progra~2/armgnu~1/125863~1.3re/bin/../lib/gcc/arm-none-eabi/12.3.1/thumb/v6-m/nofp/crtbegin.o
LOAD c:/progra~2/armgnu~1/125863~1.3re/bin/../lib/gcc/arm-none-eabi/12.3.1/thumb/v6-m/nofp/crt0.o

.flash_begin    0x10000000        0x0
                0x10000000                        __flash_binary_start = .

.boot2          0x10000000      0x100
                0x10000000                        __boot2_start__ = .
 *(.boot2)
 .boot2         0x10000000      0x100 C:\Users\08809\AppData\Local\Temp\cc24bKtc.o
                0x10000100                        __boot2_end__ = .
                0x00000001                        ASSERT (((__boot2_end__ - __boot2_start__) == 0x100), ERROR: Pico second stage bootloader must be 256 bytes in size)

.text           0x10000100     0x8800
                0x10000100                        __logical_binary_start = .
 *(.vectors)
 .vectors       0x10000100       0xd4 CMakeFiles/ov2640_pio.dir/C_/Users/08809/Desktop/RP2040/sdk/pico-sdk/src/rp2_common/pico_standard_link/crt0.S.obj
                0x10000100                __VECTOR_TABLE
                0x10000100                __vectors
                0x100001c0                isr_invalid
                0x100001c0                __default_isrs_start
                0x100001c2                isr_nmi
                0x100001c4                isr_hardfault
                0x100001c6                isr_svcall
                0x100001c8                isr_pendsv
                0x100001ca                isr_systick
                0x100001cc                isr_irq23
                0x100001cc                isr_irq18
                0x100001cc                isr_irq11
                0x100001cc                isr_irq28
                0x100001cc                isr_irq19
                0x100001cc                isr_irq0
                0x100001cc                isr_irq6
                0x100001cc                isr_irq5
                0x100001cc                isr_irq12
                0x100001cc                isr_irq22
                0x100001cc                isr_irq31
                0x100001cc                isr_irq17
                0x100001cc                isr_irq27
                0x100001cc                isr_irq30
                0x100001cc                isr_irq2
                0x100001cc                isr_irq10
                0x100001cc                isr_irq8
                0x100001cc                isr_irq24
                0x100001cc                isr_irq1
                0x100001cc                isr_irq7
                0x100001cc                isr_irq21
                0x100001cc                isr_irq20
                0x100001cc                isr_irq15
                0x100001cc                isr_irq25
                0x100001cc                isr_irq13
                0x100001cc                __unhandled_user_irq
                0x100001cc                isr_irq4
                0x100001cc                isr_irq16
                0x100001cc                isr_irq29
                0x100001cc                isr_irq26
                0x100001cc                __default_isrs_end
                0x100001cc                isr_irq3
                0x100001cc                isr_irq14
                0x100001cc                isr_irq9
                0x100001d2                unhandled_user_irq_num_in_r0
 *(.binary_info_header)
 .binary_info_header
                0x100001d4       0x14 CMakeFiles/ov2640_pio.dir/C_/Users/08809/Desktop/RP2040/sdk/pico-sdk/src/rp2_common/pico_standard_link/crt0.S.obj
                0x100001e8                        __binary_info_header_end = .
 *(.reset)
 .reset         0x100001e8       0xa0 CMakeFiles/ov2640_pio.dir/C_/Users/08809/Desktop/RP2040/sdk/pico-sdk/src/rp2_common/pico_standard_link/crt0.S.obj
                0x100001e8                _entry_point
 .reset         0x10000288       0x30 CMakeFiles/ov2640_pio.dir/C_/Users/08809/Desktop/RP2040/sdk/pico-sdk/src/rp2_common/pico_standard_link/binary_info.c.obj
 *(.init)
 .init          0x100002b8        0x4 c:/progra~2/armgnu~1/125863~1.3re/bin/../lib/gcc/arm-none-eabi/12.3.1/thumb/v6-m/nofp/crti.o
                0x100002b8                _init
 *(EXCLUDE_FILE(*libm.a: *libc.a:*lib_a-mem*.o *libgcc.a:) .text*)
 .text.register_tm_clones
                0x100002bc       0x28 c:/progra~2/armgnu~1/125863~1.3re/bin/../lib/gcc/arm-none-eabi/12.3.1/thumb/v6-m/nofp/crtbegin.o
 .text.frame_dummy
                0x100002e4       0x24 c:/progra~2/armgnu~1/125863~1.3re/bin/../lib/gcc/arm-none-eabi/12.3.1/thumb/v6-m/nofp/crtbegin.o
 .text.camera_interface_isr_handler
                0x10000308       0x74 CMakeFiles/ov2640_pio.dir/main.c.obj
                0x10000308                camera_interface_isr_handler
 .text.uart_write_nonblocking
                0x1000037c       0x38 CMakeFiles/ov2640_pio.dir/main.c.obj
                0x1000037c                uart_write_nonblocking
 .text.main     0x100003b4      0x15c CMakeFiles/ov2640_pio.dir/main.c.obj
                0x100003b4                main
 .text.pio_get_default_sm_config
                0x10000510       0x28 CMakeFiles/ov2640_pio.dir/src/ov2640.c.obj
 .text.camera_read_program_get_default_config
                0x10000538       0x24 CMakeFiles/ov2640_pio.dir/src/ov2640.c.obj
 .text.camera_read_init
                0x1000055c       0x74 CMakeFiles/ov2640_pio.dir/src/ov2640.c.obj
 .text.channel_config_set_chain_to
                0x100005d0       0x30 CMakeFiles/ov2640_pio.dir/src/ov2640.c.obj
 .text.dma_channel_get_default_config
                0x10000600       0x74 CMakeFiles/ov2640_pio.dir/src/ov2640.c.obj
 .text.channel_config_set_dreq
                0x10000674       0x30 CMakeFiles/ov2640_pio.dir/src/ov2640.c.obj
 .text.OV2640_init
                0x100006a4      0x124 CMakeFiles/ov2640_pio.dir/src/ov2640.c.obj
                0x100006a4                OV2640_init
 .text.OV2640_Capture
                0x100007c8       0x36 CMakeFiles/ov2640_pio.dir/src/ov2640.c.obj
                0x100007c8                OV2640_Capture
 .text.SCCB_reg_write
                0x100007fe       0x1a CMakeFiles/ov2640_pio.dir/src/sccb.c.obj
                0x100007fe                SCCB_reg_write
 .text.SCCB_reg_read
                0x10000818       0x32 CMakeFiles/ov2640_pio.dir/src/sccb.c.obj
                0x10000818                SCCB_reg_read
 .text.SCCB_reg_list_write
                0x1000084a       0x20 CMakeFiles/ov2640_pio.dir/src/sccb.c.obj
                0x1000084a                SCCB_reg_list_write
 *fill*         0x1000086a        0x2 
 .text.RGB565_to_Binary_nonblocking
                0x1000086c       0xe8 CMakeFiles/ov2640_pio.dir/src/image_process.c.obj
                0x1000086c                RGB565_to_Binary_nonblocking
 .text.Line_Detection_nonblocking
                0x10000954      0x15c CMakeFiles/ov2640_pio.dir/src/image_process.c.obj
                0x10000954                Line_Detection_nonblocking
 .text.gpio_set_function
                0x10000ab0       0x30 CMakeFiles/ov2640_pio.dir/C_/Users/08809/Desktop/RP2040/sdk/pico-sdk/src/rp2_common/hardware_gpio/gpio.c.obj
                0x10000ab0                gpio_set_function
 .text.gpio_set_pulls
                0x10000ae0       0x34 CMakeFiles/ov2640_pio.dir/C_/Users/08809/Desktop/RP2040/sdk/pico-sdk/src/rp2_common/hardware_gpio/gpio.c.obj
                0x10000ae0                gpio_set_pulls
 .text.gpio_set_input_hysteresis_enabled
                0x10000b14       0x30 CMakeFiles/ov2640_pio.dir/C_/Users/08809/Desktop/RP2040/sdk/pico-sdk/src/rp2_common/hardware_gpio/gpio.c.obj
                0x10000b14                gpio_set_input_hysteresis_enabled
 .text.gpio_set_irq_callback
                0x10000b44       0x48 CMakeFiles/ov2640_pio.dir/C_/Users/08809/Desktop/RP2040/sdk/pico-sdk/src/rp2_common/hardware_gpio/gpio.c.obj
                0x10000b44                gpio_set_irq_callback
 .text.gpio_add_raw_irq_handler_with_order_priority_masked
                0x10000b8c       0x40 CMakeFiles/ov2640_pio.dir/C_/Users/08809/Desktop/RP2040/sdk/pico-sdk/src/rp2_common/hardware_gpio/gpio.c.obj
                0x10000b8c                gpio_add_raw_irq_handler_with_order_priority_masked
 .text.gpio_remove_raw_irq_handler_masked
                0x10000bcc       0x48 CMakeFiles/ov2640_pio.dir/C_/Users/08809/Desktop/RP2040/sdk/pico-sdk/src/rp2_common/hardware_gpio/gpio.c.obj
                0x10000bcc                gpio_remove_raw_irq_handler_masked
 .text.gpio_acknowledge_irq
                0x10000c14       0x18 CMakeFiles/ov2640_pio.dir/C_/Users/08809/Desktop/RP2040/sdk/pico-sdk/src/rp2_common/hardware_gpio/gpio.c.obj
                0x10000c14                gpio_acknowledge_irq
 .text._gpio_set_irq_enabled
                0x10000c2c       0x34 CMakeFiles/ov2640_pio.dir/C_/Users/08809/Desktop/RP2040/sdk/pico-sdk/src/rp2_common/hardware_gpio/gpio.c.obj
 .text.gpio_set_irq_enabled
                0x10000c60       0x20 CMakeFiles/ov2640_pio.dir/C_/Users/08809/Desktop/RP2040/sdk/pico-sdk/src/rp2_common/hardware_gpio/gpio.c.obj
                0x10000c60                gpio_set_irq_enabled
 .text.gpio_set_irq_enabled_with_callback
                0x10000c80       0x20 CMakeFiles/ov2640_pio.dir/C_/Users/08809/Desktop/RP2040/sdk/pico-sdk/src/rp2_common/hardware_gpio/gpio.c.obj
                0x10000c80                gpio_set_irq_enabled_with_callback
 .text.gpio_default_irq_handler
                0x10000ca0       0x98 CMakeFiles/ov2640_pio.dir/C_/Users/08809/Desktop/RP2040/sdk/pico-sdk/src/rp2_common/hardware_gpio/gpio.c.obj
 .text.gpio_init
                0x10000d38       0x16 CMakeFiles/ov2640_pio.dir/C_/Users/08809/Desktop/RP2040/sdk/pico-sdk/src/rp2_common/hardware_gpio/gpio.c.obj
                0x10000d38                gpio_init
 *fill*         0x10000d4e        0x2 
 .text.running_on_fpga
                0x10000d50       0x14 CMakeFiles/ov2640_pio.dir/C_/Users/08809/Desktop/RP2040/sdk/pico-sdk/src/rp2_common/pico_platform/platform.c.obj
                0x10000d50                running_on_fpga
 .text.hw_claim_lock
                0x10000d64       0x18 CMakeFiles/ov2640_pio.dir/C_/Users/08809/Desktop/RP2040/sdk/pico-sdk/src/rp2_common/hardware_claim/claim.c.obj
                0x10000d64                hw_claim_lock
 .text.hw_claim_unlock
                0x10000d7c       0x14 CMakeFiles/ov2640_pio.dir/C_/Users/08809/Desktop/RP2040/sdk/pico-sdk/src/rp2_common/hardware_claim/claim.c.obj
                0x10000d7c                hw_claim_unlock
 .text.hw_claim_or_assert
                0x10000d90       0x32 CMakeFiles/ov2640_pio.dir/C_/Users/08809/Desktop/RP2040/sdk/pico-sdk/src/rp2_common/hardware_claim/claim.c.obj
                0x10000d90                hw_claim_or_assert
 .text.hw_claim_unused_from_range
                0x10000dc2       0x50 CMakeFiles/ov2640_pio.dir/C_/Users/08809/Desktop/RP2040/sdk/pico-sdk/src/rp2_common/hardware_claim/claim.c.obj
                0x10000dc2                hw_claim_unused_from_range
 *fill*         0x10000e12        0x2 
 .text.hw_claim_clear
                0x10000e14       0x40 CMakeFiles/ov2640_pio.dir/C_/Users/08809/Desktop/RP2040/sdk/pico-sdk/src/rp2_common/hardware_claim/claim.c.obj
                0x10000e14                hw_claim_clear
 .text.spin_locks_reset
                0x10000e54       0x20 CMakeFiles/ov2640_pio.dir/C_/Users/08809/Desktop/RP2040/sdk/pico-sdk/src/rp2_common/hardware_sync/sync.c.obj
                0x10000e54                spin_locks_reset
 .text.next_striped_spin_lock_num
                0x10000e74       0x1c CMakeFiles/ov2640_pio.dir/C_/Users/08809/Desktop/RP2040/sdk/pico-sdk/src/rp2_common/hardware_sync/sync.c.obj
                0x10000e74                next_striped_spin_lock_num
 .text.set_raw_irq_handler_and_unlock
                0x10000e90       0x28 CMakeFiles/ov2640_pio.dir/C_/Users/08809/Desktop/RP2040/sdk/pico-sdk/src/rp2_common/hardware_irq/irq.c.obj
 .text.get_user_irq_claim_index
                0x10000eb8        0x6 CMakeFiles/ov2640_pio.dir/C_/Users/08809/Desktop/RP2040/sdk/pico-sdk/src/rp2_common/hardware_irq/irq.c.obj
 *fill*         0x10000ebe        0x2 
 .text.resolve_branch
                0x10000ec0       0x30 CMakeFiles/ov2640_pio.dir/C_/Users/08809/Desktop/RP2040/sdk/pico-sdk/src/rp2_common/hardware_irq/irq.c.obj
 .text.make_branch
                0x10000ef0       0x48 CMakeFiles/ov2640_pio.dir/C_/Users/08809/Desktop/RP2040/sdk/pico-sdk/src/rp2_common/hardware_irq/irq.c.obj
 .text.insert_branch_and_link
                0x10000f38       0x40 CMakeFiles/ov2640_pio.dir/C_/Users/08809/Desktop/RP2040/sdk/pico-sdk/src/rp2_common/hardware_irq/irq.c.obj
 .text.irq_is_enabled
                0x10000f78       0x18 CMakeFiles/ov2640_pio.dir/C_/Users/08809/Desktop/RP2040/sdk/pico-sdk/src/rp2_common/hardware_irq/irq.c.obj
                0x10000f78                irq_is_enabled
 .text.irq_set_mask_enabled
                0x10000f90       0x20 CMakeFiles/ov2640_pio.dir/C_/Users/08809/Desktop/RP2040/sdk/pico-sdk/src/rp2_common/hardware_irq/irq.c.obj
                0x10000f90                irq_set_mask_enabled
 .text.irq_set_enabled
                0x10000fb0        0xe CMakeFiles/ov2640_pio.dir/C_/Users/08809/Desktop/RP2040/sdk/pico-sdk/src/rp2_common/hardware_irq/irq.c.obj
                0x10000fb0                irq_set_enabled
 *fill*         0x10000fbe        0x2 
 .text.irq_set_pending
                0x10000fc0       0x10 CMakeFiles/ov2640_pio.dir/C_/Users/08809/Desktop/RP2040/sdk/pico-sdk/src/rp2_common/hardware_irq/irq.c.obj
                0x10000fc0                irq_set_pending
 .text.irq_get_vtable_handler
                0x10000fd0       0x10 CMakeFiles/ov2640_pio.dir/C_/Users/08809/Desktop/RP2040/sdk/pico-sdk/src/rp2_common/hardware_irq/irq.c.obj
                0x10000fd0                irq_get_vtable_handler
 .text.irq_set_exclusive_handler
                0x10000fe0       0x54 CMakeFiles/ov2640_pio.dir/C_/Users/08809/Desktop/RP2040/sdk/pico-sdk/src/rp2_common/hardware_irq/irq.c.obj
                0x10000fe0                irq_set_exclusive_handler
 .text.irq_add_shared_handler
                0x10001034      0x210 CMakeFiles/ov2640_pio.dir/C_/Users/08809/Desktop/RP2040/sdk/pico-sdk/src/rp2_common/hardware_irq/irq.c.obj
                0x10001034                irq_add_shared_handler
 .text.irq_remove_handler
                0x10001244      0x188 CMakeFiles/ov2640_pio.dir/C_/Users/08809/Desktop/RP2040/sdk/pico-sdk/src/rp2_common/hardware_irq/irq.c.obj
                0x10001244                irq_remove_handler
 .text.irq_set_priority
                0x100013cc       0x28 CMakeFiles/ov2640_pio.dir/C_/Users/08809/Desktop/RP2040/sdk/pico-sdk/src/rp2_common/hardware_irq/irq.c.obj
                0x100013cc                irq_set_priority
 .text.irq_add_tail_to_free_list
                0x100013f4       0xf0 CMakeFiles/ov2640_pio.dir/C_/Users/08809/Desktop/RP2040/sdk/pico-sdk/src/rp2_common/hardware_irq/irq.c.obj
                0x100013f4                irq_add_tail_to_free_list
 .text.irq_init_priorities
                0x100014e4       0x1c CMakeFiles/ov2640_pio.dir/C_/Users/08809/Desktop/RP2040/sdk/pico-sdk/src/rp2_common/hardware_irq/irq.c.obj
                0x100014e4                irq_init_priorities
 .text.user_irq_unclaim
                0x10001500       0x18 CMakeFiles/ov2640_pio.dir/C_/Users/08809/Desktop/RP2040/sdk/pico-sdk/src/rp2_common/hardware_irq/irq.c.obj
                0x10001500                user_irq_unclaim
 .text.user_irq_claim_unused
                0x10001518       0x2c CMakeFiles/ov2640_pio.dir/C_/Users/08809/Desktop/RP2040/sdk/pico-sdk/src/rp2_common/hardware_irq/irq.c.obj
                0x10001518                user_irq_claim_unused
 .text.sem_init
                0x10001544       0x1e CMakeFiles/ov2640_pio.dir/C_/Users/08809/Desktop/RP2040/sdk/pico-sdk/src/common/pico_sync/sem.c.obj
                0x10001544                sem_init
 *fill*         0x10001562        0x2 
 .text.lock_init
                0x10001564       0x10 CMakeFiles/ov2640_pio.dir/C_/Users/08809/Desktop/RP2040/sdk/pico-sdk/src/common/pico_sync/lock_core.c.obj
                0x10001564                lock_init
 .text.mutex_init
                0x10001574       0x1a CMakeFiles/ov2640_pio.dir/C_/Users/08809/Desktop/RP2040/sdk/pico-sdk/src/common/pico_sync/mutex.c.obj
                0x10001574                mutex_init
 .text.recursive_mutex_init
                0x1000158e       0x1e CMakeFiles/ov2640_pio.dir/C_/Users/08809/Desktop/RP2040/sdk/pico-sdk/src/common/pico_sync/mutex.c.obj
                0x1000158e                recursive_mutex_init
 .text.time_reached
                0x100015ac       0x28 CMakeFiles/ov2640_pio.dir/C_/Users/08809/Desktop/RP2040/sdk/pico-sdk/src/common/pico_time/time.c.obj
 .text.get_entry
                0x100015d4       0x38 CMakeFiles/ov2640_pio.dir/C_/Users/08809/Desktop/RP2040/sdk/pico-sdk/src/common/pico_time/time.c.obj
 .text.timer_pool_entry_comparator
                0x1000160c       0x2e CMakeFiles/ov2640_pio.dir/C_/Users/08809/Desktop/RP2040/sdk/pico-sdk/src/common/pico_time/time.c.obj
                0x1000160c                timer_pool_entry_comparator
 *fill*         0x1000163a        0x2 
 .text.update_us_since_boot
                0x1000163c       0x24 CMakeFiles/ov2640_pio.dir/C_/Users/08809/Desktop/RP2040/sdk/pico-sdk/src/common/pico_time/time.c.obj
 .text.delayed_by_us
                0x10001660       0x34 CMakeFiles/ov2640_pio.dir/C_/Users/08809/Desktop/RP2040/sdk/pico-sdk/src/common/pico_time/time.c.obj
 .text.ph_get_node
                0x10001694       0x30 CMakeFiles/ov2640_pio.dir/C_/Users/08809/Desktop/RP2040/sdk/pico-sdk/src/common/pico_time/time.c.obj
 .text.ph_contains_node
                0x100016c4       0x1e CMakeFiles/ov2640_pio.dir/C_/Users/08809/Desktop/RP2040/sdk/pico-sdk/src/common/pico_time/time.c.obj
 .text.ph_new_node
                0x100016e2       0x28 CMakeFiles/ov2640_pio.dir/C_/Users/08809/Desktop/RP2040/sdk/pico-sdk/src/common/pico_time/time.c.obj
 *fill*         0x1000170a        0x2 
 .text.ph_add_child_node
                0x1000170c       0x6c CMakeFiles/ov2640_pio.dir/C_/Users/08809/Desktop/RP2040/sdk/pico-sdk/src/common/pico_time/time.c.obj
 .text.ph_merge_nodes
                0x10001778       0x3e CMakeFiles/ov2640_pio.dir/C_/Users/08809/Desktop/RP2040/sdk/pico-sdk/src/common/pico_time/time.c.obj
 *fill*         0x100017b6        0x2 
 .text.ph_insert_node
                0x100017b8       0x3c CMakeFiles/ov2640_pio.dir/C_/Users/08809/Desktop/RP2040/sdk/pico-sdk/src/common/pico_time/time.c.obj
 .text.ph_free_node
                0x100017f4       0x5c CMakeFiles/ov2640_pio.dir/C_/Users/08809/Desktop/RP2040/sdk/pico-sdk/src/common/pico_time/time.c.obj
 .text.get_entry_id_high
                0x10001850       0x30 CMakeFiles/ov2640_pio.dir/C_/Users/08809/Desktop/RP2040/sdk/pico-sdk/src/common/pico_time/time.c.obj
 .text.alarm_pool_post_alloc_init
                0x10001880       0x40 CMakeFiles/ov2640_pio.dir/C_/Users/08809/Desktop/RP2040/sdk/pico-sdk/src/common/pico_time/time.c.obj
 .text.sleep_until_callback
                0x100018c0       0x30 CMakeFiles/ov2640_pio.dir/C_/Users/08809/Desktop/RP2040/sdk/pico-sdk/src/common/pico_time/time.c.obj
 .text.get_absolute_time
                0x100018f0       0x22 CMakeFiles/ov2640_pio.dir/C_/Users/08809/Desktop/RP2040/sdk/pico-sdk/src/common/pico_time/time.c.obj
 .text.make_timeout_time_us
                0x10001912       0x24 CMakeFiles/ov2640_pio.dir/C_/Users/08809/Desktop/RP2040/sdk/pico-sdk/src/common/pico_time/time.c.obj
 *fill*         0x10001936        0x2 
 .text.add_alarm_under_lock
                0x10001938       0x94 CMakeFiles/ov2640_pio.dir/C_/Users/08809/Desktop/RP2040/sdk/pico-sdk/src/common/pico_time/time.c.obj
 .text.alarm_pool_alarm_callback
                0x100019cc      0x210 CMakeFiles/ov2640_pio.dir/C_/Users/08809/Desktop/RP2040/sdk/pico-sdk/src/common/pico_time/time.c.obj
 .text.alarm_pool_init_default
                0x10001bdc       0x40 CMakeFiles/ov2640_pio.dir/C_/Users/08809/Desktop/RP2040/sdk/pico-sdk/src/common/pico_time/time.c.obj
                0x10001bdc                alarm_pool_init_default
 .text.alarm_pool_get_default
                0x10001c1c       0x2c CMakeFiles/ov2640_pio.dir/C_/Users/08809/Desktop/RP2040/sdk/pico-sdk/src/common/pico_time/time.c.obj
                0x10001c1c                alarm_pool_get_default
 .text.alarm_pool_add_alarm_at
                0x10001c48      0x10e CMakeFiles/ov2640_pio.dir/C_/Users/08809/Desktop/RP2040/sdk/pico-sdk/src/common/pico_time/time.c.obj
                0x10001c48                alarm_pool_add_alarm_at
 .text.add_alarm_at
                0x10001d56       0x2e CMakeFiles/ov2640_pio.dir/C_/Users/08809/Desktop/RP2040/sdk/pico-sdk/src/common/pico_time/time.c.obj
 .text.alarm_pool_cancel_alarm
                0x10001d84       0xa8 CMakeFiles/ov2640_pio.dir/C_/Users/08809/Desktop/RP2040/sdk/pico-sdk/src/common/pico_time/time.c.obj
                0x10001d84                alarm_pool_cancel_alarm
 .text.cancel_alarm
                0x10001e2c       0x10 CMakeFiles/ov2640_pio.dir/C_/Users/08809/Desktop/RP2040/sdk/pico-sdk/src/common/pico_time/time.c.obj
 .text.alarm_pool_core_num
                0x10001e3c        0x4 CMakeFiles/ov2640_pio.dir/C_/Users/08809/Desktop/RP2040/sdk/pico-sdk/src/common/pico_time/time.c.obj
                0x10001e3c                alarm_pool_core_num
 .text.sleep_until
                0x10001e40       0xb0 CMakeFiles/ov2640_pio.dir/C_/Users/08809/Desktop/RP2040/sdk/pico-sdk/src/common/pico_time/time.c.obj
                0x10001e40                sleep_until
 .text.sleep_us
                0x10001ef0       0x1a CMakeFiles/ov2640_pio.dir/C_/Users/08809/Desktop/RP2040/sdk/pico-sdk/src/common/pico_time/time.c.obj
                0x10001ef0                sleep_us
 .text.sleep_ms
                0x10001f0a       0x14 CMakeFiles/ov2640_pio.dir/C_/Users/08809/Desktop/RP2040/sdk/pico-sdk/src/common/pico_time/time.c.obj
                0x10001f0a                sleep_ms
 *fill*         0x10001f1e        0x2 
 .text.best_effort_wfe_or_timeout
                0x10001f20       0x44 CMakeFiles/ov2640_pio.dir/C_/Users/08809/Desktop/RP2040/sdk/pico-sdk/src/common/pico_time/time.c.obj
                0x10001f20                best_effort_wfe_or_timeout
 .text.update_us_since_boot
                0x10001f64       0x24 CMakeFiles/ov2640_pio.dir/C_/Users/08809/Desktop/RP2040/sdk/pico-sdk/src/rp2_common/hardware_timer/timer.c.obj
 .text.hardware_alarm_irq_handler
                0x10001f88       0x8c CMakeFiles/ov2640_pio.dir/C_/Users/08809/Desktop/RP2040/sdk/pico-sdk/src/rp2_common/hardware_timer/timer.c.obj
 .text.hardware_alarm_claim
                0x10002014       0x18 CMakeFiles/ov2640_pio.dir/C_/Users/08809/Desktop/RP2040/sdk/pico-sdk/src/rp2_common/hardware_timer/timer.c.obj
                0x10002014                hardware_alarm_claim
 .text.time_us_64
                0x1000202c       0x18 CMakeFiles/ov2640_pio.dir/C_/Users/08809/Desktop/RP2040/sdk/pico-sdk/src/rp2_common/hardware_timer/timer.c.obj
                0x1000202c                time_us_64
 .text.busy_wait_until
                0x10002044       0x28 CMakeFiles/ov2640_pio.dir/C_/Users/08809/Desktop/RP2040/sdk/pico-sdk/src/rp2_common/hardware_timer/timer.c.obj
                0x10002044                busy_wait_until
 .text.busy_wait_us
                0x1000206c       0x3a CMakeFiles/ov2640_pio.dir/C_/Users/08809/Desktop/RP2040/sdk/pico-sdk/src/rp2_common/hardware_timer/timer.c.obj
                0x1000206c                busy_wait_us
 *fill*         0x100020a6        0x2 
 .text.hardware_alarm_set_callback
                0x100020a8       0x90 CMakeFiles/ov2640_pio.dir/C_/Users/08809/Desktop/RP2040/sdk/pico-sdk/src/rp2_common/hardware_timer/timer.c.obj
                0x100020a8                hardware_alarm_set_callback
 .text.hardware_alarm_set_target
                0x10002138       0xe8 CMakeFiles/ov2640_pio.dir/C_/Users/08809/Desktop/RP2040/sdk/pico-sdk/src/rp2_common/hardware_timer/timer.c.obj
                0x10002138                hardware_alarm_set_target
 .text.hardware_alarm_cancel
                0x10002220       0x40 CMakeFiles/ov2640_pio.dir/C_/Users/08809/Desktop/RP2040/sdk/pico-sdk/src/rp2_common/hardware_timer/timer.c.obj
                0x10002220                hardware_alarm_cancel
 .text.ph_get_node
                0x10002260       0x30 CMakeFiles/ov2640_pio.dir/C_/Users/08809/Desktop/RP2040/sdk/pico-sdk/src/common/pico_util/pheap.c.obj
 .text.ph_add_child_node
                0x10002290       0x6c CMakeFiles/ov2640_pio.dir/C_/Users/08809/Desktop/RP2040/sdk/pico-sdk/src/common/pico_util/pheap.c.obj
 .text.ph_merge_nodes
                0x100022fc       0x3e CMakeFiles/ov2640_pio.dir/C_/Users/08809/Desktop/RP2040/sdk/pico-sdk/src/common/pico_util/pheap.c.obj
 .text.ph_clear
                0x1000233a       0x34 CMakeFiles/ov2640_pio.dir/C_/Users/08809/Desktop/RP2040/sdk/pico-sdk/src/common/pico_util/pheap.c.obj
                0x1000233a                ph_clear
 .text.ph_post_alloc_init
                0x1000236e        0xe CMakeFiles/ov2640_pio.dir/C_/Users/08809/Desktop/RP2040/sdk/pico-sdk/src/common/pico_util/pheap.c.obj
                0x1000236e                ph_post_alloc_init
 .text.ph_merge_two_pass
                0x1000237c       0x5c CMakeFiles/ov2640_pio.dir/C_/Users/08809/Desktop/RP2040/sdk/pico-sdk/src/common/pico_util/pheap.c.obj
                0x1000237c                ph_merge_two_pass
 .text.ph_remove_any_head
                0x100023d8       0xc0 CMakeFiles/ov2640_pio.dir/C_/Users/08809/Desktop/RP2040/sdk/pico-sdk/src/common/pico_util/pheap.c.obj
 .text.ph_remove_head
                0x10002498       0x14 CMakeFiles/ov2640_pio.dir/C_/Users/08809/Desktop/RP2040/sdk/pico-sdk/src/common/pico_util/pheap.c.obj
                0x10002498                ph_remove_head
 .text.ph_remove_and_free_node
                0x100024ac       0xa0 CMakeFiles/ov2640_pio.dir/C_/Users/08809/Desktop/RP2040/sdk/pico-sdk/src/common/pico_util/pheap.c.obj
                0x100024ac                ph_remove_and_free_node
 .text.uart_disable_before_lcr_write
                0x1000254c       0x48 CMakeFiles/ov2640_pio.dir/C_/Users/08809/Desktop/RP2040/sdk/pico-sdk/src/rp2_common/hardware_uart/uart.c.obj
 .text.uart_write_lcr_bits_masked
                0x10002594       0x22 CMakeFiles/ov2640_pio.dir/C_/Users/08809/Desktop/RP2040/sdk/pico-sdk/src/rp2_common/hardware_uart/uart.c.obj
 *fill*         0x100025b6        0x2 
 .text.uart_set_baudrate
                0x100025b8       0x5c CMakeFiles/ov2640_pio.dir/C_/Users/08809/Desktop/RP2040/sdk/pico-sdk/src/rp2_common/hardware_uart/uart.c.obj
                0x100025b8                uart_set_baudrate
 .text.uart_set_format
                0x10002614       0x2c CMakeFiles/ov2640_pio.dir/C_/Users/08809/Desktop/RP2040/sdk/pico-sdk/src/rp2_common/hardware_uart/uart.c.obj
                0x10002614                uart_set_format
 .text.uart_set_translate_crlf
                0x10002640       0x28 CMakeFiles/ov2640_pio.dir/C_/Users/08809/Desktop/RP2040/sdk/pico-sdk/src/rp2_common/hardware_uart/uart.c.obj
                0x10002640                uart_set_translate_crlf
 .text.uart_init
                0x10002668       0x80 CMakeFiles/ov2640_pio.dir/C_/Users/08809/Desktop/RP2040/sdk/pico-sdk/src/rp2_common/hardware_uart/uart.c.obj
                0x10002668                uart_init
 .text.clock_configure
                0x100026e8      0x108 CMakeFiles/ov2640_pio.dir/C_/Users/08809/Desktop/RP2040/sdk/pico-sdk/src/rp2_common/hardware_clocks/clocks.c.obj
                0x100026e8                clock_configure
 .text.clocks_init
                0x100027f0      0x100 CMakeFiles/ov2640_pio.dir/C_/Users/08809/Desktop/RP2040/sdk/pico-sdk/src/rp2_common/hardware_clocks/clocks.c.obj
                0x100027f0                clocks_init
 .text.clock_get_hz
                0x100028f0        0xc CMakeFiles/ov2640_pio.dir/C_/Users/08809/Desktop/RP2040/sdk/pico-sdk/src/rp2_common/hardware_clocks/clocks.c.obj
                0x100028f0                clock_get_hz
 .text.pll_init
                0x100028fc      0x120 CMakeFiles/ov2640_pio.dir/C_/Users/08809/Desktop/RP2040/sdk/pico-sdk/src/rp2_common/hardware_pll/pll.c.obj
                0x100028fc                pll_init
 .text.watchdog_start_tick
                0x10002a1c       0x10 CMakeFiles/ov2640_pio.dir/C_/Users/08809/Desktop/RP2040/sdk/pico-sdk/src/rp2_common/hardware_watchdog/watchdog.c.obj
                0x10002a1c                watchdog_start_tick
 .text.xosc_init
                0x10002a2c       0x28 CMakeFiles/ov2640_pio.dir/C_/Users/08809/Desktop/RP2040/sdk/pico-sdk/src/rp2_common/hardware_xosc/xosc.c.obj
                0x10002a2c                xosc_init
 .text._exit    0x10002a54        0x4 CMakeFiles/ov2640_pio.dir/C_/Users/08809/Desktop/RP2040/sdk/pico-sdk/src/rp2_common/pico_runtime/runtime.c.obj
                0x10002a54                _exit
 .text.exit     0x10002a58        0x6 CMakeFiles/ov2640_pio.dir/C_/Users/08809/Desktop/RP2040/sdk/pico-sdk/src/rp2_common/pico_runtime/runtime.c.obj
                0x10002a58                exit
 *fill*         0x10002a5e        0x2 
 .text.__assert_func
                0x10002a60       0x38 CMakeFiles/ov2640_pio.dir/C_/Users/08809/Desktop/RP2040/sdk/pico-sdk/src/rp2_common/pico_runtime/runtime.c.obj
                0x10002a60                __assert_func
 .text.runtime_init
                0x10002a98       0xf8 CMakeFiles/ov2640_pio.dir/C_/Users/08809/Desktop/RP2040/sdk/pico-sdk/src/rp2_common/pico_runtime/runtime.c.obj
                0x10002a98                runtime_init
 .text.panic    0x10002b90       0x30 CMakeFiles/ov2640_pio.dir/C_/Users/08809/Desktop/RP2040/sdk/pico-sdk/src/rp2_common/pico_runtime/runtime.c.obj
                0x10002b90                panic
 .text.panic_unsupported
                0x10002bc0        0xc CMakeFiles/ov2640_pio.dir/C_/Users/08809/Desktop/RP2040/sdk/pico-sdk/src/rp2_common/pico_runtime/runtime.c.obj
                0x10002bc0                panic_unsupported
 .text._out_null
                0x10002bcc        0x2 CMakeFiles/ov2640_pio.dir/C_/Users/08809/Desktop/RP2040/sdk/pico-sdk/src/rp2_common/pico_printf/printf.c.obj
 .text._out_fct
                0x10002bce        0xe CMakeFiles/ov2640_pio.dir/C_/Users/08809/Desktop/RP2040/sdk/pico-sdk/src/rp2_common/pico_printf/printf.c.obj
 .text._atoi    0x10002bdc       0x24 CMakeFiles/ov2640_pio.dir/C_/Users/08809/Desktop/RP2040/sdk/pico-sdk/src/rp2_common/pico_printf/printf.c.obj
 .text._out_rev
                0x10002c00       0xae CMakeFiles/ov2640_pio.dir/C_/Users/08809/Desktop/RP2040/sdk/pico-sdk/src/rp2_common/pico_printf/printf.c.obj
 .text._ntoa_format
                0x10002cae      0x110 CMakeFiles/ov2640_pio.dir/C_/Users/08809/Desktop/RP2040/sdk/pico-sdk/src/rp2_common/pico_printf/printf.c.obj
 .text._ntoa_long
                0x10002dbe       0xbc CMakeFiles/ov2640_pio.dir/C_/Users/08809/Desktop/RP2040/sdk/pico-sdk/src/rp2_common/pico_printf/printf.c.obj
 .text._ntoa_long_long
                0x10002e7a      0x10e CMakeFiles/ov2640_pio.dir/C_/Users/08809/Desktop/RP2040/sdk/pico-sdk/src/rp2_common/pico_printf/printf.c.obj
 .text._etoa    0x10002f88      0x420 CMakeFiles/ov2640_pio.dir/C_/Users/08809/Desktop/RP2040/sdk/pico-sdk/src/rp2_common/pico_printf/printf.c.obj
 .text._ftoa    0x100033a8      0x354 CMakeFiles/ov2640_pio.dir/C_/Users/08809/Desktop/RP2040/sdk/pico-sdk/src/rp2_common/pico_printf/printf.c.obj
 .text._vsnprintf
                0x100036fc      0x65c CMakeFiles/ov2640_pio.dir/C_/Users/08809/Desktop/RP2040/sdk/pico-sdk/src/rp2_common/pico_printf/printf.c.obj
 .text.vfctprintf
                0x10003d58       0x20 CMakeFiles/ov2640_pio.dir/C_/Users/08809/Desktop/RP2040/sdk/pico-sdk/src/rp2_common/pico_printf/printf.c.obj
                0x10003d58                vfctprintf
 .text          0x10003d78       0x10 CMakeFiles/ov2640_pio.dir/C_/Users/08809/Desktop/RP2040/sdk/pico-sdk/src/rp2_common/pico_bit_ops/bit_ops_aeabi.S.obj
 .text.ctzsi    0x10003d88        0xc CMakeFiles/ov2640_pio.dir/C_/Users/08809/Desktop/RP2040/sdk/pico-sdk/src/rp2_common/pico_bit_ops/bit_ops_aeabi.S.obj
                0x10003d88                __wrap___ctzsi2
 .text.rom_func_lookup
                0x10003d94       0x10 CMakeFiles/ov2640_pio.dir/C_/Users/08809/Desktop/RP2040/sdk/pico-sdk/src/rp2_common/pico_bootrom/bootrom.c.obj
                0x10003d94                rom_func_lookup
 .text.rom_data_lookup
                0x10003da4       0x10 CMakeFiles/ov2640_pio.dir/C_/Users/08809/Desktop/RP2040/sdk/pico-sdk/src/rp2_common/pico_bootrom/bootrom.c.obj
                0x10003da4                rom_data_lookup
 .text.rom_funcs_lookup
                0x10003db4       0x36 CMakeFiles/ov2640_pio.dir/C_/Users/08809/Desktop/RP2040/sdk/pico-sdk/src/rp2_common/pico_bootrom/bootrom.c.obj
                0x10003db4                rom_funcs_lookup
 *fill*         0x10003dea        0x2 
 .text.__wrap___aeabi_idiv
                0x10003dec       0x50 CMakeFiles/ov2640_pio.dir/C_/Users/08809/Desktop/RP2040/sdk/pico-sdk/src/rp2_common/pico_divider/divider.S.obj
                0x10003dec                __wrap___aeabi_idivmod
                0x10003dec                divmod_s32s32
                0x10003dec                div_s32s32
                0x10003dec                __wrap___aeabi_idiv
                0x10003df4                divmod_s32s32_unsafe
                0x10003e20                divmod_s32s32_savestate
 .text.__wrap___aeabi_uidiv
                0x10003e3c       0x4c CMakeFiles/ov2640_pio.dir/C_/Users/08809/Desktop/RP2040/sdk/pico-sdk/src/rp2_common/pico_divider/divider.S.obj
                0x10003e3c                __wrap___aeabi_uidiv
                0x10003e3c                __wrap___aeabi_uidivmod
                0x10003e3c                div_u32u32
                0x10003e3c                divmod_u32u32
                0x10003e44                divmod_u32u32_unsafe
                0x10003e6c                divmod_u32u32_savestate
 .text.__wrap___aeabi_ldiv
                0x10003e88      0x424 CMakeFiles/ov2640_pio.dir/C_/Users/08809/Desktop/RP2040/sdk/pico-sdk/src/rp2_common/pico_divider/divider.S.obj
                0x10003e88                div_s64s64
                0x10003e88                divmod_s64s64
                0x10003e88                __wrap___aeabi_ldivmod
                0x10003eb8                divmod_u64u64
                0x10003eb8                div_u64u64
                0x10003eb8                __wrap___aeabi_uldivmod
                0x10003ec8                divmod_u64u64_savestate
                0x10003ee8                divmod_s64s64_unsafe
                0x10003f70                divmod_u64u64_unsafe
 .text.__wrap___aeabi_darithmetic
                0x100042ac       0x60 CMakeFiles/ov2640_pio.dir/C_/Users/08809/Desktop/RP2040/sdk/pico-sdk/src/rp2_common/pico_double/double_aeabi.S.obj
                0x100042ac                __wrap___aeabi_drsub
                0x100042b2                __wrap___aeabi_dsub
                0x100042bc                __wrap___aeabi_dadd
                0x100042c6                __wrap___aeabi_ddiv
                0x100042fa                __wrap___aeabi_dmul
 .text.__wrap___aeabi_cdcmple
                0x1000430c       0x6c CMakeFiles/ov2640_pio.dir/C_/Users/08809/Desktop/RP2040/sdk/pico-sdk/src/rp2_common/pico_double/double_aeabi.S.obj
                0x1000430c                __wrap___aeabi_cdrcmple
                0x1000431c                __wrap___aeabi_cdcmpeq
                0x1000431c                __wrap___aeabi_cdcmple
 .text.__wrap___aeabi_dcmplt
                0x10004378        0xc CMakeFiles/ov2640_pio.dir/C_/Users/08809/Desktop/RP2040/sdk/pico-sdk/src/rp2_common/pico_double/double_aeabi.S.obj
                0x10004378                __wrap___aeabi_dcmplt
 .text.__wrap___aeabi_dcmple
                0x10004384       0x10 CMakeFiles/ov2640_pio.dir/C_/Users/08809/Desktop/RP2040/sdk/pico-sdk/src/rp2_common/pico_double/double_aeabi.S.obj
                0x10004384                __wrap___aeabi_dcmple
 .text.__wrap___aeabi_dcmpge
                0x10004394       0x10 CMakeFiles/ov2640_pio.dir/C_/Users/08809/Desktop/RP2040/sdk/pico-sdk/src/rp2_common/pico_double/double_aeabi.S.obj
                0x10004394                __wrap___aeabi_dcmpge
 .text.__wrap___aeabi_dcmpgt
                0x100043a4        0xa CMakeFiles/ov2640_pio.dir/C_/Users/08809/Desktop/RP2040/sdk/pico-sdk/src/rp2_common/pico_double/double_aeabi.S.obj
                0x100043a4                __wrap___aeabi_dcmpgt
 .text.__wrap___aeabi_dcmpun
                0x100043ae       0x1c CMakeFiles/ov2640_pio.dir/C_/Users/08809/Desktop/RP2040/sdk/pico-sdk/src/rp2_common/pico_double/double_aeabi.S.obj
                0x100043ae                __wrap___aeabi_dcmpun
 *fill*         0x100043ca        0x2 
 .text.__wrap___aeabi_i2d
                0x100043cc       0x38 CMakeFiles/ov2640_pio.dir/C_/Users/08809/Desktop/RP2040/sdk/pico-sdk/src/rp2_common/pico_double/double_aeabi.S.obj
                0x100043cc                __wrap___aeabi_ui2d
                0x100043d4                __wrap___aeabi_i2d
 .text.__wrap___aeabi_d2iz
                0x10004404       0x48 CMakeFiles/ov2640_pio.dir/C_/Users/08809/Desktop/RP2040/sdk/pico-sdk/src/rp2_common/pico_double/double_aeabi.S.obj
                0x10004404                double2int_z
                0x10004404                __wrap___aeabi_d2iz
 .text.__wrap___aeabi_d2uiz
                0x1000444c       0x10 CMakeFiles/ov2640_pio.dir/C_/Users/08809/Desktop/RP2040/sdk/pico-sdk/src/rp2_common/pico_double/double_aeabi.S.obj
                0x1000444c                __wrap___aeabi_d2uiz
                0x1000444c                double2uint
 .text.missing_double_func_shim
                0x1000445c        0xc CMakeFiles/ov2640_pio.dir/C_/Users/08809/Desktop/RP2040/sdk/pico-sdk/src/rp2_common/pico_double/double_init_rom.c.obj
 .text.__aeabi_double_init
                0x10004468       0xd0 CMakeFiles/ov2640_pio.dir/C_/Users/08809/Desktop/RP2040/sdk/pico-sdk/src/rp2_common/pico_double/double_init_rom.c.obj
                0x10004468                __aeabi_double_init
 .text.double_table_shim_on_use_helper
                0x10004538       0x34 CMakeFiles/ov2640_pio.dir/C_/Users/08809/Desktop/RP2040/sdk/pico-sdk/src/rp2_common/pico_double/double_v1_rom_shim.S.obj
                0x10004538                double_table_shim_on_use_helper
 .text.__aeabi_lmul
                0x1000456c       0x32 CMakeFiles/ov2640_pio.dir/C_/Users/08809/Desktop/RP2040/sdk/pico-sdk/src/rp2_common/pico_int64_ops/pico_int64_ops_aeabi.S.obj
                0x1000456c                __wrap___aeabi_lmul
 *fill*         0x1000459e        0x2 
 .text.__wrap___aeabi_farithmetic
                0x100045a0       0x48 CMakeFiles/ov2640_pio.dir/C_/Users/08809/Desktop/RP2040/sdk/pico-sdk/src/rp2_common/pico_float/float_aeabi.S.obj
                0x100045a0                __wrap___aeabi_frsub
                0x100045a6                __wrap___aeabi_fsub
                0x100045ac                __wrap___aeabi_fadd
                0x100045b2                __wrap___aeabi_fdiv
                0x100045da                __wrap___aeabi_fmul
 .text.__wrap___aeabi_cfcmple
                0x100045e8       0x50 CMakeFiles/ov2640_pio.dir/C_/Users/08809/Desktop/RP2040/sdk/pico-sdk/src/rp2_common/pico_float/float_aeabi.S.obj
                0x100045e8                __wrap___aeabi_cfrcmple
                0x100045f4                __wrap___aeabi_cfcmple
                0x100045f4                __wrap___aeabi_cfcmpeq
 .text.__wrap___aeabi_fcmpeq
                0x10004638       0x10 CMakeFiles/ov2640_pio.dir/C_/Users/08809/Desktop/RP2040/sdk/pico-sdk/src/rp2_common/pico_float/float_aeabi.S.obj
                0x10004638                __wrap___aeabi_fcmpeq
 .text.__wrap___aeabi_i2f
                0x10004648       0x44 CMakeFiles/ov2640_pio.dir/C_/Users/08809/Desktop/RP2040/sdk/pico-sdk/src/rp2_common/pico_float/float_aeabi.S.obj
                0x10004648                __wrap___aeabi_i2f
 .text.__wrap___aeabi_f2uiz
                0x1000468c        0xc CMakeFiles/ov2640_pio.dir/C_/Users/08809/Desktop/RP2040/sdk/pico-sdk/src/rp2_common/pico_float/float_aeabi.S.obj
                0x1000468c                __wrap___aeabi_f2uiz
 .text.missing_float_func_shim
                0x10004698        0xc CMakeFiles/ov2640_pio.dir/C_/Users/08809/Desktop/RP2040/sdk/pico-sdk/src/rp2_common/pico_float/float_init_rom.c.obj
 .text.__aeabi_float_init
                0x100046a4       0x88 CMakeFiles/ov2640_pio.dir/C_/Users/08809/Desktop/RP2040/sdk/pico-sdk/src/rp2_common/pico_float/float_init_rom.c.obj
                0x100046a4                __aeabi_float_init
 .text          0x1000472c       0x10 CMakeFiles/ov2640_pio.dir/C_/Users/08809/Desktop/RP2040/sdk/pico-sdk/src/rp2_common/pico_mem_ops/mem_ops_aeabi.S.obj
                0x1000472c                __aeabi_mem_init
 .text.memset   0x1000473c        0xc CMakeFiles/ov2640_pio.dir/C_/Users/08809/Desktop/RP2040/sdk/pico-sdk/src/rp2_common/pico_mem_ops/mem_ops_aeabi.S.obj
                0x1000473c                __wrap_memset
 .text.memcpy   0x10004748        0xc CMakeFiles/ov2640_pio.dir/C_/Users/08809/Desktop/RP2040/sdk/pico-sdk/src/rp2_common/pico_mem_ops/mem_ops_aeabi.S.obj
                0x10004748                __wrap_memcpy
                0x10004748                __wrap___aeabi_memcpy
 .text.stdio_out_chars_no_crlf
                0x10004754        0xe CMakeFiles/ov2640_pio.dir/C_/Users/08809/Desktop/RP2040/sdk/pico-sdk/src/rp2_common/pico_stdio/stdio.c.obj
 *fill*         0x10004762        0x2 
 .text.stdio_out_chars_crlf
                0x10004764       0x80 CMakeFiles/ov2640_pio.dir/C_/Users/08809/Desktop/RP2040/sdk/pico-sdk/src/rp2_common/pico_stdio/stdio.c.obj
 .text.stdio_stack_buffer_flush
                0x100047e4       0x44 CMakeFiles/ov2640_pio.dir/C_/Users/08809/Desktop/RP2040/sdk/pico-sdk/src/rp2_common/pico_stdio/stdio.c.obj
 .text.stdio_buffered_printer
                0x10004828       0x20 CMakeFiles/ov2640_pio.dir/C_/Users/08809/Desktop/RP2040/sdk/pico-sdk/src/rp2_common/pico_stdio/stdio.c.obj
 .text.update_us_since_boot
                0x10004848       0x24 CMakeFiles/ov2640_pio.dir/C_/Users/08809/Desktop/RP2040/sdk/pico-sdk/src/rp2_common/pico_stdio/stdio.c.obj
 .text.get_absolute_time
                0x1000486c       0x22 CMakeFiles/ov2640_pio.dir/C_/Users/08809/Desktop/RP2040/sdk/pico-sdk/src/rp2_common/pico_stdio/stdio.c.obj
 *fill*         0x1000488e        0x2 
 .text.delayed_by_ms
                0x10004890       0x44 CMakeFiles/ov2640_pio.dir/C_/Users/08809/Desktop/RP2040/sdk/pico-sdk/src/rp2_common/pico_stdio/stdio.c.obj
 .text.make_timeout_time_ms
                0x100048d4       0x20 CMakeFiles/ov2640_pio.dir/C_/Users/08809/Desktop/RP2040/sdk/pico-sdk/src/rp2_common/pico_stdio/stdio.c.obj
 .text.stdout_serialize_begin
                0x100048f4       0x20 CMakeFiles/ov2640_pio.dir/C_/Users/08809/Desktop/RP2040/sdk/pico-sdk/src/rp2_common/pico_stdio/stdio.c.obj
                0x100048f4                stdout_serialize_begin
 .text.stdout_serialize_end
                0x10004914       0x10 CMakeFiles/ov2640_pio.dir/C_/Users/08809/Desktop/RP2040/sdk/pico-sdk/src/rp2_common/pico_stdio/stdio.c.obj
                0x10004914                stdout_serialize_end
 .text.stdio_put_string
                0x10004924       0x98 CMakeFiles/ov2640_pio.dir/C_/Users/08809/Desktop/RP2040/sdk/pico-sdk/src/rp2_common/pico_stdio/stdio.c.obj
 .text.stdio_set_driver_enabled
                0x100049bc       0x2c CMakeFiles/ov2640_pio.dir/C_/Users/08809/Desktop/RP2040/sdk/pico-sdk/src/rp2_common/pico_stdio/stdio.c.obj
                0x100049bc                stdio_set_driver_enabled
 .text.stdio_flush
                0x100049e8       0x20 CMakeFiles/ov2640_pio.dir/C_/Users/08809/Desktop/RP2040/sdk/pico-sdk/src/rp2_common/pico_stdio/stdio.c.obj
                0x100049e8                stdio_flush
 .text.__wrap_puts
                0x10004a08       0x1e CMakeFiles/ov2640_pio.dir/C_/Users/08809/Desktop/RP2040/sdk/pico-sdk/src/rp2_common/pico_stdio/stdio.c.obj
                0x10004a08                __wrap_puts
 *fill*         0x10004a26        0x2 
 .text.__wrap_vprintf
                0x10004a28       0x40 CMakeFiles/ov2640_pio.dir/C_/Users/08809/Desktop/RP2040/sdk/pico-sdk/src/rp2_common/pico_stdio/stdio.c.obj
                0x10004a28                __wrap_vprintf
 .text.__wrap_printf
                0x10004a68       0x18 CMakeFiles/ov2640_pio.dir/C_/Users/08809/Desktop/RP2040/sdk/pico-sdk/src/rp2_common/pico_stdio/stdio.c.obj
                0x10004a68                __wrap_printf
 .text.stdio_init_all
                0x10004a80        0xa CMakeFiles/ov2640_pio.dir/C_/Users/08809/Desktop/RP2040/sdk/pico-sdk/src/rp2_common/pico_stdio/stdio.c.obj
                0x10004a80                stdio_init_all
 *fill*         0x10004a8a        0x2 
 .text.uart_putc
                0x10004a8c       0x60 CMakeFiles/ov2640_pio.dir/C_/Users/08809/Desktop/RP2040/sdk/pico-sdk/src/rp2_common/pico_stdio_uart/stdio_uart.c.obj
 .text.uart_getc
                0x10004aec       0x24 CMakeFiles/ov2640_pio.dir/C_/Users/08809/Desktop/RP2040/sdk/pico-sdk/src/rp2_common/pico_stdio_uart/stdio_uart.c.obj
 .text.stdio_uart_out_chars
                0x10004b10       0x20 CMakeFiles/ov2640_pio.dir/C_/Users/08809/Desktop/RP2040/sdk/pico-sdk/src/rp2_common/pico_stdio_uart/stdio_uart.c.obj
 .text.stdio_uart_in_chars
                0x10004b30       0x5c CMakeFiles/ov2640_pio.dir/C_/Users/08809/Desktop/RP2040/sdk/pico-sdk/src/rp2_common/pico_stdio_uart/stdio_uart.c.obj
                0x10004b30                stdio_uart_in_chars
 .text.on_uart_rx
                0x10004b8c       0x28 CMakeFiles/ov2640_pio.dir/C_/Users/08809/Desktop/RP2040/sdk/pico-sdk/src/rp2_common/pico_stdio_uart/stdio_uart.c.obj
 .text.stdio_uart_set_chars_available_callback
                0x10004bb4       0x8c CMakeFiles/ov2640_pio.dir/C_/Users/08809/Desktop/RP2040/sdk/pico-sdk/src/rp2_common/pico_stdio_uart/stdio_uart.c.obj
 .text.stdio_uart_init_full
                0x10004c40       0x44 CMakeFiles/ov2640_pio.dir/C_/Users/08809/Desktop/RP2040/sdk/pico-sdk/src/rp2_common/pico_stdio_uart/stdio_uart.c.obj
                0x10004c40                stdio_uart_init_full
 .text.stdio_uart_init
                0x10004c84       0x28 CMakeFiles/ov2640_pio.dir/C_/Users/08809/Desktop/RP2040/sdk/pico-sdk/src/rp2_common/pico_stdio_uart/stdio_uart.c.obj
                0x10004c84                stdio_uart_init
 .text.cyw43_arch_set_async_context
                0x10004cac        0xc CMakeFiles/ov2640_pio.dir/C_/Users/08809/Desktop/RP2040/sdk/pico-sdk/src/rp2_common/pico_cyw43_arch/cyw43_arch.c.obj
                0x10004cac                cyw43_arch_set_async_context
 .text.cyw43_arch_gpio_put
                0x10004cb8       0x14 CMakeFiles/ov2640_pio.dir/C_/Users/08809/Desktop/RP2040/sdk/pico-sdk/src/rp2_common/pico_cyw43_arch/cyw43_arch.c.obj
                0x10004cb8                cyw43_arch_gpio_put
 .text.cyw43_arch_async_context
                0x10004ccc        0xc CMakeFiles/ov2640_pio.dir/C_/Users/08809/Desktop/RP2040/sdk/pico-sdk/src/rp2_common/pico_cyw43_arch/cyw43_arch.c.obj
                0x10004ccc                cyw43_arch_async_context
 .text.cyw43_arch_init_default_async_context
                0x10004cd8       0x20 CMakeFiles/ov2640_pio.dir/C_/Users/08809/Desktop/RP2040/sdk/pico-sdk/src/rp2_common/pico_cyw43_arch/cyw43_arch_threadsafe_background.c.obj
                0x10004cd8                cyw43_arch_init_default_async_context
 .text.cyw43_arch_deinit
                0x10004cf8       0x28 CMakeFiles/ov2640_pio.dir/C_/Users/08809/Desktop/RP2040/sdk/pico-sdk/src/rp2_common/pico_cyw43_arch/cyw43_arch_threadsafe_background.c.obj
                0x10004cf8                cyw43_arch_deinit
 .text.cyw43_arch_init
                0x10004d20       0x36 CMakeFiles/ov2640_pio.dir/C_/Users/08809/Desktop/RP2040/sdk/pico-sdk/src/rp2_common/pico_cyw43_arch/cyw43_arch_threadsafe_background.c.obj
                0x10004d20                cyw43_arch_init
 *fill*         0x10004d56        0x2 
 .text._retrieve_unique_id_on_boot
                0x10004d58       0x10 CMakeFiles/ov2640_pio.dir/C_/Users/08809/Desktop/RP2040/sdk/pico-sdk/src/rp2_common/pico_unique_id/unique_id.c.obj
 .text.pico_get_unique_board_id
                0x10004d68       0x10 CMakeFiles/ov2640_pio.dir/C_/Users/08809/Desktop/RP2040/sdk/pico-sdk/src/rp2_common/pico_unique_id/unique_id.c.obj
                0x10004d68                pico_get_unique_board_id
 .text.flash_get_unique_id
                0x10004d78       0x46 CMakeFiles/ov2640_pio.dir/C_/Users/08809/Desktop/RP2040/sdk/pico-sdk/src/rp2_common/hardware_flash/flash.c.obj
                0x10004d78                flash_get_unique_id
 .text.pio_get_default_sm_config
                0x10004dbe       0x28 CMakeFiles/ov2640_pio.dir/C_/Users/08809/Desktop/RP2040/sdk/pico-sdk/src/rp2_common/pico_cyw43_driver/cyw43_bus_pio_spi.c.obj
 *fill*         0x10004de6        0x2 
 .text.spi_gap01_sample0_program_get_default_config
                0x10004de8       0x3c CMakeFiles/ov2640_pio.dir/C_/Users/08809/Desktop/RP2040/sdk/pico-sdk/src/rp2_common/pico_cyw43_driver/cyw43_bus_pio_spi.c.obj
 .text.cs_set   0x10004e24       0x1c CMakeFiles/ov2640_pio.dir/C_/Users/08809/Desktop/RP2040/sdk/pico-sdk/src/rp2_common/pico_cyw43_driver/cyw43_bus_pio_spi.c.obj
 .text.channel_config_set_chain_to
                0x10004e40       0x30 CMakeFiles/ov2640_pio.dir/C_/Users/08809/Desktop/RP2040/sdk/pico-sdk/src/rp2_common/pico_cyw43_driver/cyw43_bus_pio_spi.c.obj
 .text.dma_channel_get_default_config
                0x10004e70       0x74 CMakeFiles/ov2640_pio.dir/C_/Users/08809/Desktop/RP2040/sdk/pico-sdk/src/rp2_common/pico_cyw43_driver/cyw43_bus_pio_spi.c.obj
 .text.channel_config_set_dreq
                0x10004ee4       0x30 CMakeFiles/ov2640_pio.dir/C_/Users/08809/Desktop/RP2040/sdk/pico-sdk/src/rp2_common/pico_cyw43_driver/cyw43_bus_pio_spi.c.obj
 .text.start_spi_comms
                0x10004f14       0x2c CMakeFiles/ov2640_pio.dir/C_/Users/08809/Desktop/RP2040/sdk/pico-sdk/src/rp2_common/pico_cyw43_driver/cyw43_bus_pio_spi.c.obj
 .text.ns_delay
                0x10004f40       0x20 CMakeFiles/ov2640_pio.dir/C_/Users/08809/Desktop/RP2040/sdk/pico-sdk/src/rp2_common/pico_cyw43_driver/cyw43_bus_pio_spi.c.obj
 .text.stop_spi_comms
                0x10004f60       0x10 CMakeFiles/ov2640_pio.dir/C_/Users/08809/Desktop/RP2040/sdk/pico-sdk/src/rp2_common/pico_cyw43_driver/cyw43_bus_pio_spi.c.obj
 .text.cyw43_spi_deinit
                0x10004f70       0x74 CMakeFiles/ov2640_pio.dir/C_/Users/08809/Desktop/RP2040/sdk/pico-sdk/src/rp2_common/pico_cyw43_driver/cyw43_bus_pio_spi.c.obj
                0x10004f70                cyw43_spi_deinit
 .text.cyw43_spi_init
                0x10004fe4      0x234 CMakeFiles/ov2640_pio.dir/C_/Users/08809/Desktop/RP2040/sdk/pico-sdk/src/rp2_common/pico_cyw43_driver/cyw43_bus_pio_spi.c.obj
                0x10004fe4                cyw43_spi_init
 .text.cyw43_spi_transfer
                0x10005218      0x568 CMakeFiles/ov2640_pio.dir/C_/Users/08809/Desktop/RP2040/sdk/pico-sdk/src/rp2_common/pico_cyw43_driver/cyw43_bus_pio_spi.c.obj
                0x10005218                cyw43_spi_transfer
 .text._cyw43_read_reg
                0x10005780       0x50 CMakeFiles/ov2640_pio.dir/C_/Users/08809/Desktop/RP2040/sdk/pico-sdk/src/rp2_common/pico_cyw43_driver/cyw43_bus_pio_spi.c.obj
 .text._cyw43_write_reg
                0x100057d0       0x58 CMakeFiles/ov2640_pio.dir/C_/Users/08809/Desktop/RP2040/sdk/pico-sdk/src/rp2_common/pico_cyw43_driver/cyw43_bus_pio_spi.c.obj
 .text.cyw43_spi_gpio_setup
                0x10005828       0x3a CMakeFiles/ov2640_pio.dir/C_/Users/08809/Desktop/RP2040/sdk/pico-sdk/src/rp2_common/pico_cyw43_driver/cyw43_bus_pio_spi.c.obj
                0x10005828                cyw43_spi_gpio_setup
 .text.cyw43_spi_reset
                0x10005862       0x28 CMakeFiles/ov2640_pio.dir/C_/Users/08809/Desktop/RP2040/sdk/pico-sdk/src/rp2_common/pico_cyw43_driver/cyw43_bus_pio_spi.c.obj
                0x10005862                cyw43_spi_reset
 *fill*         0x1000588a        0x2 
 .text.read_reg_u32_swap
                0x1000588c       0x68 CMakeFiles/ov2640_pio.dir/C_/Users/08809/Desktop/RP2040/sdk/pico-sdk/src/rp2_common/pico_cyw43_driver/cyw43_bus_pio_spi.c.obj
                0x1000588c                read_reg_u32_swap
 .text.cyw43_read_reg_u32
                0x100058f4        0xa CMakeFiles/ov2640_pio.dir/C_/Users/08809/Desktop/RP2040/sdk/pico-sdk/src/rp2_common/pico_cyw43_driver/cyw43_bus_pio_spi.c.obj
                0x100058f4                cyw43_read_reg_u32
 .text.cyw43_read_reg_u16
                0x100058fe        0xa CMakeFiles/ov2640_pio.dir/C_/Users/08809/Desktop/RP2040/sdk/pico-sdk/src/rp2_common/pico_cyw43_driver/cyw43_bus_pio_spi.c.obj
                0x100058fe                cyw43_read_reg_u16
 .text.cyw43_read_reg_u8
                0x10005908        0xa CMakeFiles/ov2640_pio.dir/C_/Users/08809/Desktop/RP2040/sdk/pico-sdk/src/rp2_common/pico_cyw43_driver/cyw43_bus_pio_spi.c.obj
                0x10005908                cyw43_read_reg_u8
 *fill*         0x10005912        0x2 
 .text.write_reg_u32_swap
                0x10005914       0x34 CMakeFiles/ov2640_pio.dir/C_/Users/08809/Desktop/RP2040/sdk/pico-sdk/src/rp2_common/pico_cyw43_driver/cyw43_bus_pio_spi.c.obj
                0x10005914                write_reg_u32_swap
 .text.cyw43_write_reg_u32
                0x10005948       0x10 CMakeFiles/ov2640_pio.dir/C_/Users/08809/Desktop/RP2040/sdk/pico-sdk/src/rp2_common/pico_cyw43_driver/cyw43_bus_pio_spi.c.obj
                0x10005948                cyw43_write_reg_u32
 .text.cyw43_write_reg_u16
                0x10005958       0x10 CMakeFiles/ov2640_pio.dir/C_/Users/08809/Desktop/RP2040/sdk/pico-sdk/src/rp2_common/pico_cyw43_driver/cyw43_bus_pio_spi.c.obj
                0x10005958                cyw43_write_reg_u16
 .text.cyw43_write_reg_u8
                0x10005968       0x10 CMakeFiles/ov2640_pio.dir/C_/Users/08809/Desktop/RP2040/sdk/pico-sdk/src/rp2_common/pico_cyw43_driver/cyw43_bus_pio_spi.c.obj
                0x10005968                cyw43_write_reg_u8
 .text.cyw43_read_bytes
                0x10005978       0xfc CMakeFiles/ov2640_pio.dir/C_/Users/08809/Desktop/RP2040/sdk/pico-sdk/src/rp2_common/pico_cyw43_driver/cyw43_bus_pio_spi.c.obj
                0x10005978                cyw43_read_bytes
 .text.cyw43_write_bytes
                0x10005a74      0x124 CMakeFiles/ov2640_pio.dir/C_/Users/08809/Desktop/RP2040/sdk/pico-sdk/src/rp2_common/pico_cyw43_driver/cyw43_bus_pio_spi.c.obj
                0x10005a74                cyw43_write_bytes
 .text.get_core_address
                0x10005b98       0x1c CMakeFiles/ov2640_pio.dir/C_/Users/08809/Desktop/RP2040/sdk/pico-sdk/lib/cyw43-driver/src/cyw43_ll.c.obj
 .text.sdpcm_process_rx_packet
                0x10005bb4      0x180 CMakeFiles/ov2640_pio.dir/C_/Users/08809/Desktop/RP2040/sdk/pico-sdk/lib/cyw43-driver/src/cyw43_ll.c.obj
 .text.cyw43_ll_wifi_parse_scan_result
                0x10005d34       0x9c CMakeFiles/ov2640_pio.dir/C_/Users/08809/Desktop/RP2040/sdk/pico-sdk/lib/cyw43-driver/src/cyw43_ll.c.obj
 .text.cyw43_ll_parse_async_event
                0x10005dd0       0x8e CMakeFiles/ov2640_pio.dir/C_/Users/08809/Desktop/RP2040/sdk/pico-sdk/lib/cyw43-driver/src/cyw43_ll.c.obj
 *fill*         0x10005e5e        0x2 
 .text.cyw43_kso_set
                0x10005e60       0x98 CMakeFiles/ov2640_pio.dir/C_/Users/08809/Desktop/RP2040/sdk/pico-sdk/lib/cyw43-driver/src/cyw43_ll.c.obj
 .text.cyw43_ll_bus_sleep_helper
                0x10005ef8        0xe CMakeFiles/ov2640_pio.dir/C_/Users/08809/Desktop/RP2040/sdk/pico-sdk/lib/cyw43-driver/src/cyw43_ll.c.obj
 *fill*         0x10005f06        0x2 
 .text.cyw43_read_reg
                0x10005f08       0x48 CMakeFiles/ov2640_pio.dir/C_/Users/08809/Desktop/RP2040/sdk/pico-sdk/lib/cyw43-driver/src/cyw43_ll.c.obj
 .text.cyw43_write_reg
                0x10005f50       0x4c CMakeFiles/ov2640_pio.dir/C_/Users/08809/Desktop/RP2040/sdk/pico-sdk/lib/cyw43-driver/src/cyw43_ll.c.obj
 .text.cyw43_set_backplane_window
                0x10005f9c       0x78 CMakeFiles/ov2640_pio.dir/C_/Users/08809/Desktop/RP2040/sdk/pico-sdk/lib/cyw43-driver/src/cyw43_ll.c.obj
 .text.cyw43_read_backplane
                0x10006014       0x30 CMakeFiles/ov2640_pio.dir/C_/Users/08809/Desktop/RP2040/sdk/pico-sdk/lib/cyw43-driver/src/cyw43_ll.c.obj
 .text.disable_device_core
                0x10006044       0x3c CMakeFiles/ov2640_pio.dir/C_/Users/08809/Desktop/RP2040/sdk/pico-sdk/lib/cyw43-driver/src/cyw43_ll.c.obj
 .text.device_core_is_up
                0x10006080       0x4c CMakeFiles/ov2640_pio.dir/C_/Users/08809/Desktop/RP2040/sdk/pico-sdk/lib/cyw43-driver/src/cyw43_ll.c.obj
 .text.cyw43_write_backplane
                0x100060cc       0x34 CMakeFiles/ov2640_pio.dir/C_/Users/08809/Desktop/RP2040/sdk/pico-sdk/lib/cyw43-driver/src/cyw43_ll.c.obj
 .text.reset_device_core
                0x10006100       0x74 CMakeFiles/ov2640_pio.dir/C_/Users/08809/Desktop/RP2040/sdk/pico-sdk/lib/cyw43-driver/src/cyw43_ll.c.obj
 .text.cyw43_download_resource
                0x10006174      0x17c CMakeFiles/ov2640_pio.dir/C_/Users/08809/Desktop/RP2040/sdk/pico-sdk/lib/cyw43-driver/src/cyw43_ll.c.obj
 .text.cyw43_ll_init
                0x100062f0       0x20 CMakeFiles/ov2640_pio.dir/C_/Users/08809/Desktop/RP2040/sdk/pico-sdk/lib/cyw43-driver/src/cyw43_ll.c.obj
                0x100062f0                cyw43_ll_init
 .text.cyw43_ll_deinit
                0x10006310        0x8 CMakeFiles/ov2640_pio.dir/C_/Users/08809/Desktop/RP2040/sdk/pico-sdk/lib/cyw43-driver/src/cyw43_ll.c.obj
                0x10006310                cyw43_ll_deinit
 .text.cyw43_ll_bus_sleep
                0x10006318       0x34 CMakeFiles/ov2640_pio.dir/C_/Users/08809/Desktop/RP2040/sdk/pico-sdk/lib/cyw43-driver/src/cyw43_ll.c.obj
                0x10006318                cyw43_ll_bus_sleep
 .text.cyw43_ll_sdpcm_poll_device
                0x1000634c      0x158 CMakeFiles/ov2640_pio.dir/C_/Users/08809/Desktop/RP2040/sdk/pico-sdk/lib/cyw43-driver/src/cyw43_ll.c.obj
 .text.cyw43_ll_process_packets
                0x100064a4       0x60 CMakeFiles/ov2640_pio.dir/C_/Users/08809/Desktop/RP2040/sdk/pico-sdk/lib/cyw43-driver/src/cyw43_ll.c.obj
                0x100064a4                cyw43_ll_process_packets
 .text.cyw43_sdpcm_send_common
                0x10006504      0x104 CMakeFiles/ov2640_pio.dir/C_/Users/08809/Desktop/RP2040/sdk/pico-sdk/lib/cyw43-driver/src/cyw43_ll.c.obj
 .text.cyw43_send_ioctl
                0x10006608       0x56 CMakeFiles/ov2640_pio.dir/C_/Users/08809/Desktop/RP2040/sdk/pico-sdk/lib/cyw43-driver/src/cyw43_ll.c.obj
 *fill*         0x1000665e        0x2 
 .text.cyw43_do_ioctl
                0x10006660       0xc0 CMakeFiles/ov2640_pio.dir/C_/Users/08809/Desktop/RP2040/sdk/pico-sdk/lib/cyw43-driver/src/cyw43_ll.c.obj
 .text.cyw43_ll_ioctl
                0x10006720       0x1e CMakeFiles/ov2640_pio.dir/C_/Users/08809/Desktop/RP2040/sdk/pico-sdk/lib/cyw43-driver/src/cyw43_ll.c.obj
                0x10006720                cyw43_ll_ioctl
 *fill*         0x1000673e        0x2 
 .text.cyw43_clm_load
                0x10006740       0xdc CMakeFiles/ov2640_pio.dir/C_/Users/08809/Desktop/RP2040/sdk/pico-sdk/lib/cyw43-driver/src/cyw43_ll.c.obj
 .text.cyw43_write_iovar_u32
                0x1000681c       0x60 CMakeFiles/ov2640_pio.dir/C_/Users/08809/Desktop/RP2040/sdk/pico-sdk/lib/cyw43-driver/src/cyw43_ll.c.obj
 .text.cyw43_write_iovar_n
                0x1000687c       0x50 CMakeFiles/ov2640_pio.dir/C_/Users/08809/Desktop/RP2040/sdk/pico-sdk/lib/cyw43-driver/src/cyw43_ll.c.obj
 .text.cyw43_set_ioctl_u32
                0x100068cc       0x30 CMakeFiles/ov2640_pio.dir/C_/Users/08809/Desktop/RP2040/sdk/pico-sdk/lib/cyw43-driver/src/cyw43_ll.c.obj
 .text.cyw43_write_iovar_u32_u32
                0x100068fc       0x74 CMakeFiles/ov2640_pio.dir/C_/Users/08809/Desktop/RP2040/sdk/pico-sdk/lib/cyw43-driver/src/cyw43_ll.c.obj
 .text.cyw43_ll_wifi_get_mac
                0x10006970       0x44 CMakeFiles/ov2640_pio.dir/C_/Users/08809/Desktop/RP2040/sdk/pico-sdk/lib/cyw43-driver/src/cyw43_ll.c.obj
                0x10006970                cyw43_ll_wifi_get_mac
 .text.cyw43_ll_bus_init
                0x100069b4      0x360 CMakeFiles/ov2640_pio.dir/C_/Users/08809/Desktop/RP2040/sdk/pico-sdk/lib/cyw43-driver/src/cyw43_ll.c.obj
                0x100069b4                cyw43_ll_bus_init
 .text.cyw43_ll_wifi_set_wpa_auth
                0x10006d14        0xe CMakeFiles/ov2640_pio.dir/C_/Users/08809/Desktop/RP2040/sdk/pico-sdk/lib/cyw43-driver/src/cyw43_ll.c.obj
                0x10006d14                cyw43_ll_wifi_set_wpa_auth
 *fill*         0x10006d22        0x2 
 .text.cyw43_ll_wifi_rejoin
                0x10006d24       0x20 CMakeFiles/ov2640_pio.dir/C_/Users/08809/Desktop/RP2040/sdk/pico-sdk/lib/cyw43-driver/src/cyw43_ll.c.obj
                0x10006d24                cyw43_ll_wifi_rejoin
 .text.cyw43_ll_gpio_set
                0x10006d44       0x30 CMakeFiles/ov2640_pio.dir/C_/Users/08809/Desktop/RP2040/sdk/pico-sdk/lib/cyw43-driver/src/cyw43_ll.c.obj
                0x10006d44                cyw43_ll_gpio_set
 .text.cyw43_ll_has_work
                0x10006d74       0x12 CMakeFiles/ov2640_pio.dir/C_/Users/08809/Desktop/RP2040/sdk/pico-sdk/lib/cyw43-driver/src/cyw43_ll.c.obj
                0x10006d74                cyw43_ll_has_work
 .text.to_ms_since_boot
                0x10006d86       0x1c CMakeFiles/ov2640_pio.dir/C_/Users/08809/Desktop/RP2040/sdk/pico-sdk/lib/cyw43-driver/src/cyw43_ctrl.c.obj
 *fill*         0x10006da2        0x2 
 .text.update_us_since_boot
                0x10006da4       0x24 CMakeFiles/ov2640_pio.dir/C_/Users/08809/Desktop/RP2040/sdk/pico-sdk/lib/cyw43-driver/src/cyw43_ctrl.c.obj
 .text.cyw43_poll_func
                0x10006dc8       0xac CMakeFiles/ov2640_pio.dir/C_/Users/08809/Desktop/RP2040/sdk/pico-sdk/lib/cyw43-driver/src/cyw43_ctrl.c.obj
 .text.get_absolute_time
                0x10006e74       0x22 CMakeFiles/ov2640_pio.dir/C_/Users/08809/Desktop/RP2040/sdk/pico-sdk/lib/cyw43-driver/src/cyw43_ctrl.c.obj
 .text.cyw43_hal_ticks_ms
                0x10006e96       0x16 CMakeFiles/ov2640_pio.dir/C_/Users/08809/Desktop/RP2040/sdk/pico-sdk/lib/cyw43-driver/src/cyw43_ctrl.c.obj
 .text.cyw43_dump_async_event
                0x10006eac       0x58 CMakeFiles/ov2640_pio.dir/C_/Users/08809/Desktop/RP2040/sdk/pico-sdk/lib/cyw43-driver/src/cyw43_ctrl.c.obj
 .text.cyw43_ensure_up
                0x10006f04       0xec CMakeFiles/ov2640_pio.dir/C_/Users/08809/Desktop/RP2040/sdk/pico-sdk/lib/cyw43-driver/src/cyw43_ctrl.c.obj
 .text.cyw43_init
                0x10006ff0       0x8c CMakeFiles/ov2640_pio.dir/C_/Users/08809/Desktop/RP2040/sdk/pico-sdk/lib/cyw43-driver/src/cyw43_ctrl.c.obj
                0x10006ff0                cyw43_init
 .text.cyw43_deinit
                0x1000707c       0x3c CMakeFiles/ov2640_pio.dir/C_/Users/08809/Desktop/RP2040/sdk/pico-sdk/lib/cyw43-driver/src/cyw43_ctrl.c.obj
                0x1000707c                cyw43_deinit
 .text.cyw43_cb_read_host_interrupt_pin
                0x100070b8        0xe CMakeFiles/ov2640_pio.dir/C_/Users/08809/Desktop/RP2040/sdk/pico-sdk/lib/cyw43-driver/src/cyw43_ctrl.c.obj
                0x100070b8                cyw43_cb_read_host_interrupt_pin
 *fill*         0x100070c6        0x2 
 .text.cyw43_cb_ensure_awake
                0x100070c8        0xc CMakeFiles/ov2640_pio.dir/C_/Users/08809/Desktop/RP2040/sdk/pico-sdk/lib/cyw43-driver/src/cyw43_ctrl.c.obj
                0x100070c8                cyw43_cb_ensure_awake
 .text.cyw43_cb_process_async_event
                0x100070d4      0x1b0 CMakeFiles/ov2640_pio.dir/C_/Users/08809/Desktop/RP2040/sdk/pico-sdk/lib/cyw43-driver/src/cyw43_ctrl.c.obj
                0x100070d4                cyw43_cb_process_async_event
 .text.cyw43_gpio_set
                0x10007284       0x30 CMakeFiles/ov2640_pio.dir/C_/Users/08809/Desktop/RP2040/sdk/pico-sdk/lib/cyw43-driver/src/cyw43_ctrl.c.obj
                0x10007284                cyw43_gpio_set
 .text.pio_get_default_sm_config
                0x100072b4       0x28 CMakeFiles/ov2640_pio.dir/C_/Users/08809/Desktop/RP2040/sdk/pico-sdk/src/rp2_common/hardware_pio/pio.c.obj
 .text._pio_can_add_program_at_offset
                0x100072dc       0x3c CMakeFiles/ov2640_pio.dir/C_/Users/08809/Desktop/RP2040/sdk/pico-sdk/src/rp2_common/hardware_pio/pio.c.obj
 .text._pio_find_offset_for_program
                0x10007318       0x7c CMakeFiles/ov2640_pio.dir/C_/Users/08809/Desktop/RP2040/sdk/pico-sdk/src/rp2_common/hardware_pio/pio.c.obj
 .text._pio_add_program_at_offset
                0x10007394       0x7c CMakeFiles/ov2640_pio.dir/C_/Users/08809/Desktop/RP2040/sdk/pico-sdk/src/rp2_common/hardware_pio/pio.c.obj
 .text.pio_sm_unclaim
                0x10007410       0x20 CMakeFiles/ov2640_pio.dir/C_/Users/08809/Desktop/RP2040/sdk/pico-sdk/src/rp2_common/hardware_pio/pio.c.obj
                0x10007410                pio_sm_unclaim
 .text.pio_claim_unused_sm
                0x10007430       0x3c CMakeFiles/ov2640_pio.dir/C_/Users/08809/Desktop/RP2040/sdk/pico-sdk/src/rp2_common/hardware_pio/pio.c.obj
                0x10007430                pio_claim_unused_sm
 .text.pio_can_add_program
                0x1000746c       0x26 CMakeFiles/ov2640_pio.dir/C_/Users/08809/Desktop/RP2040/sdk/pico-sdk/src/rp2_common/hardware_pio/pio.c.obj
                0x1000746c                pio_can_add_program
 *fill*         0x10007492        0x2 
 .text.pio_add_program
                0x10007494       0x38 CMakeFiles/ov2640_pio.dir/C_/Users/08809/Desktop/RP2040/sdk/pico-sdk/src/rp2_common/hardware_pio/pio.c.obj
                0x10007494                pio_add_program
 .text.pio_remove_program
                0x100074cc       0x58 CMakeFiles/ov2640_pio.dir/C_/Users/08809/Desktop/RP2040/sdk/pico-sdk/src/rp2_common/hardware_pio/pio.c.obj
                0x100074cc                pio_remove_program
 .text.pio_sm_set_pindirs_with_mask
                0x10007524       0x9c CMakeFiles/ov2640_pio.dir/C_/Users/08809/Desktop/RP2040/sdk/pico-sdk/src/rp2_common/hardware_pio/pio.c.obj
                0x10007524                pio_sm_set_pindirs_with_mask
 .text.pio_sm_set_consecutive_pindirs
                0x100075c0       0xa4 CMakeFiles/ov2640_pio.dir/C_/Users/08809/Desktop/RP2040/sdk/pico-sdk/src/rp2_common/hardware_pio/pio.c.obj
                0x100075c0                pio_sm_set_consecutive_pindirs
 .text.pio_sm_init
                0x10007664       0xb0 CMakeFiles/ov2640_pio.dir/C_/Users/08809/Desktop/RP2040/sdk/pico-sdk/src/rp2_common/hardware_pio/pio.c.obj
                0x10007664                pio_sm_init
 .text.dma_channel_unclaim
                0x10007714       0x14 CMakeFiles/ov2640_pio.dir/C_/Users/08809/Desktop/RP2040/sdk/pico-sdk/src/rp2_common/hardware_dma/dma.c.obj
                0x10007714                dma_channel_unclaim
 .text.dma_claim_unused_channel
                0x10007728       0x24 CMakeFiles/ov2640_pio.dir/C_/Users/08809/Desktop/RP2040/sdk/pico-sdk/src/rp2_common/hardware_dma/dma.c.obj
                0x10007728                dma_claim_unused_channel
 .text.dma_channel_cleanup
                0x1000774c       0x5c CMakeFiles/ov2640_pio.dir/C_/Users/08809/Desktop/RP2040/sdk/pico-sdk/src/rp2_common/hardware_dma/dma.c.obj
                0x1000774c                dma_channel_cleanup
 .text.cyw43_sleep_timeout_reached
                0x100077a8       0x50 CMakeFiles/ov2640_pio.dir/C_/Users/08809/Desktop/RP2040/sdk/pico-sdk/src/rp2_common/pico_cyw43_driver/cyw43_driver.c.obj
 .text.update_us_since_boot
                0x100077f8       0x24 CMakeFiles/ov2640_pio.dir/C_/Users/08809/Desktop/RP2040/sdk/pico-sdk/src/rp2_common/pico_cyw43_driver/cyw43_driver.c.obj
 .text.delayed_by_ms
                0x1000781c       0x44 CMakeFiles/ov2640_pio.dir/C_/Users/08809/Desktop/RP2040/sdk/pico-sdk/src/rp2_common/pico_cyw43_driver/cyw43_driver.c.obj
 .text.delayed_by_us
                0x10007860       0x34 CMakeFiles/ov2640_pio.dir/C_/Users/08809/Desktop/RP2040/sdk/pico-sdk/src/rp2_common/pico_cyw43_driver/cyw43_driver.c.obj
 .text.get_absolute_time
                0x10007894       0x22 CMakeFiles/ov2640_pio.dir/C_/Users/08809/Desktop/RP2040/sdk/pico-sdk/src/rp2_common/pico_cyw43_driver/cyw43_driver.c.obj
 .text.make_timeout_time_ms
                0x100078b6       0x20 CMakeFiles/ov2640_pio.dir/C_/Users/08809/Desktop/RP2040/sdk/pico-sdk/src/rp2_common/pico_cyw43_driver/cyw43_driver.c.obj
 .text.async_context_add_at_time_worker_in_ms
                0x100078d6       0x26 CMakeFiles/ov2640_pio.dir/C_/Users/08809/Desktop/RP2040/sdk/pico-sdk/src/rp2_common/pico_cyw43_driver/cyw43_driver.c.obj
 .text.cyw43_do_poll
                0x100078fc       0x74 CMakeFiles/ov2640_pio.dir/C_/Users/08809/Desktop/RP2040/sdk/pico-sdk/src/rp2_common/pico_cyw43_driver/cyw43_driver.c.obj
 .text.make_timeout_time_us
                0x10007970       0x24 CMakeFiles/ov2640_pio.dir/C_/Users/08809/Desktop/RP2040/sdk/pico-sdk/src/rp2_common/pico_cyw43_driver/cyw43_driver.c.obj
 .text.cyw43_set_irq_enabled
                0x10007994        0xe CMakeFiles/ov2640_pio.dir/C_/Users/08809/Desktop/RP2040/sdk/pico-sdk/src/rp2_common/pico_cyw43_driver/cyw43_driver.c.obj
 *fill*         0x100079a2        0x2 
 .text.cyw43_irq_init
                0x100079a4       0x50 CMakeFiles/ov2640_pio.dir/C_/Users/08809/Desktop/RP2040/sdk/pico-sdk/src/rp2_common/pico_cyw43_driver/cyw43_driver.c.obj
                0x100079a4                cyw43_irq_init
 .text.cyw43_gpio_irq_handler
                0x100079f4       0x40 CMakeFiles/ov2640_pio.dir/C_/Users/08809/Desktop/RP2040/sdk/pico-sdk/src/rp2_common/pico_cyw43_driver/cyw43_driver.c.obj
 .text.cyw43_irq_deinit
                0x10007a34       0x48 CMakeFiles/ov2640_pio.dir/C_/Users/08809/Desktop/RP2040/sdk/pico-sdk/src/rp2_common/pico_cyw43_driver/cyw43_driver.c.obj
                0x10007a34                cyw43_irq_deinit
 .text.no_lwip_fail
                0x10007a7c        0xc CMakeFiles/ov2640_pio.dir/C_/Users/08809/Desktop/RP2040/sdk/pico-sdk/src/rp2_common/pico_cyw43_driver/cyw43_driver.c.obj
 .text.cyw43_post_poll_hook
                0x10007a88       0x38 CMakeFiles/ov2640_pio.dir/C_/Users/08809/Desktop/RP2040/sdk/pico-sdk/src/rp2_common/pico_cyw43_driver/cyw43_driver.c.obj
                0x10007a88                cyw43_post_poll_hook
 .text.cyw43_schedule_internal_poll_dispatch
                0x10007ac0       0x3c CMakeFiles/ov2640_pio.dir/C_/Users/08809/Desktop/RP2040/sdk/pico-sdk/src/rp2_common/pico_cyw43_driver/cyw43_driver.c.obj
                0x10007ac0                cyw43_schedule_internal_poll_dispatch
 .text.cyw43_driver_init
                0x10007afc       0x38 CMakeFiles/ov2640_pio.dir/C_/Users/08809/Desktop/RP2040/sdk/pico-sdk/src/rp2_common/pico_cyw43_driver/cyw43_driver.c.obj
                0x10007afc                cyw43_driver_init
 .text.cyw43_driver_deinit
                0x10007b34       0x64 CMakeFiles/ov2640_pio.dir/C_/Users/08809/Desktop/RP2040/sdk/pico-sdk/src/rp2_common/pico_cyw43_driver/cyw43_driver.c.obj
                0x10007b34                cyw43_driver_deinit
 .text.storage_read_blocks
                0x10007b98        0x6 CMakeFiles/ov2640_pio.dir/C_/Users/08809/Desktop/RP2040/sdk/pico-sdk/src/rp2_common/pico_cyw43_driver/cyw43_driver.c.obj
                0x10007b98                storage_read_blocks
 *fill*         0x10007b9e        0x2 
 .text.cyw43_hal_generate_laa_mac
                0x10007ba0       0x34 CMakeFiles/ov2640_pio.dir/C_/Users/08809/Desktop/RP2040/sdk/pico-sdk/src/rp2_common/pico_cyw43_driver/cyw43_driver.c.obj
                0x10007ba0                cyw43_hal_generate_laa_mac
 .text.cyw43_thread_enter
                0x10007bd4       0x14 CMakeFiles/ov2640_pio.dir/C_/Users/08809/Desktop/RP2040/sdk/pico-sdk/src/rp2_common/pico_cyw43_driver/cyw43_driver.c.obj
                0x10007bd4                cyw43_thread_enter
 .text.cyw43_thread_exit
                0x10007be8       0x14 CMakeFiles/ov2640_pio.dir/C_/Users/08809/Desktop/RP2040/sdk/pico-sdk/src/rp2_common/pico_cyw43_driver/cyw43_driver.c.obj
                0x10007be8                cyw43_thread_exit
 .text.cyw43_thread_lock_check
                0x10007bfc       0x14 CMakeFiles/ov2640_pio.dir/C_/Users/08809/Desktop/RP2040/sdk/pico-sdk/src/rp2_common/pico_cyw43_driver/cyw43_driver.c.obj
                0x10007bfc                cyw43_thread_lock_check
 .text.cyw43_await_background_or_timeout_us
                0x10007c10       0x28 CMakeFiles/ov2640_pio.dir/C_/Users/08809/Desktop/RP2040/sdk/pico-sdk/src/rp2_common/pico_cyw43_driver/cyw43_driver.c.obj
                0x10007c10                cyw43_await_background_or_timeout_us
 .text.cyw43_delay_ms
                0x10007c38       0x24 CMakeFiles/ov2640_pio.dir/C_/Users/08809/Desktop/RP2040/sdk/pico-sdk/src/rp2_common/pico_cyw43_driver/cyw43_driver.c.obj
                0x10007c38                cyw43_delay_ms
 .text.cyw43_cb_tcpip_deinit
                0x10007c5c        0x2 CMakeFiles/ov2640_pio.dir/C_/Users/08809/Desktop/RP2040/sdk/pico-sdk/src/rp2_common/pico_cyw43_driver/cyw43_driver.c.obj
                0x10007c5c                cyw43_cb_tcpip_deinit
 .text.cyw43_cb_tcpip_set_link_up
                0x10007c5e        0x6 CMakeFiles/ov2640_pio.dir/C_/Users/08809/Desktop/RP2040/sdk/pico-sdk/src/rp2_common/pico_cyw43_driver/cyw43_driver.c.obj
                0x10007c5e                cyw43_cb_tcpip_set_link_up
 .text.cyw43_cb_tcpip_set_link_down
                0x10007c64        0x6 CMakeFiles/ov2640_pio.dir/C_/Users/08809/Desktop/RP2040/sdk/pico-sdk/src/rp2_common/pico_cyw43_driver/cyw43_driver.c.obj
                0x10007c64                cyw43_cb_tcpip_set_link_down
 .text.cyw43_cb_process_ethernet
                0x10007c6a        0x6 CMakeFiles/ov2640_pio.dir/C_/Users/08809/Desktop/RP2040/sdk/pico-sdk/src/rp2_common/pico_cyw43_driver/cyw43_driver.c.obj
                0x10007c6a                cyw43_cb_process_ethernet
 .text.is_at_the_end_of_time
                0x10007c70       0x1c CMakeFiles/ov2640_pio.dir/C_/Users/08809/Desktop/RP2040/sdk/pico-sdk/src/rp2_common/pico_async_context/async_context_threadsafe_background.c.obj
 .text.async_context_threadsafe_background_acquire_lock_blocking
                0x10007c8c        0xa CMakeFiles/ov2640_pio.dir/C_/Users/08809/Desktop/RP2040/sdk/pico-sdk/src/rp2_common/pico_async_context/async_context_threadsafe_background.c.obj
 *fill*         0x10007c96        0x2 
 .text.update_us_since_boot
                0x10007c98       0x24 CMakeFiles/ov2640_pio.dir/C_/Users/08809/Desktop/RP2040/sdk/pico-sdk/src/rp2_common/pico_async_context/async_context_threadsafe_background.c.obj
 .text.async_context_threadsafe_background_wake_up
                0x10007cbc       0x16 CMakeFiles/ov2640_pio.dir/C_/Users/08809/Desktop/RP2040/sdk/pico-sdk/src/rp2_common/pico_async_context/async_context_threadsafe_background.c.obj
 .text.alarm_handler
                0x10007cd2       0x14 CMakeFiles/ov2640_pio.dir/C_/Users/08809/Desktop/RP2040/sdk/pico-sdk/src/rp2_common/pico_async_context/async_context_threadsafe_background.c.obj
 .text.async_context_threadsafe_background_set_work_pending
                0x10007ce6        0xc CMakeFiles/ov2640_pio.dir/C_/Users/08809/Desktop/RP2040/sdk/pico-sdk/src/rp2_common/pico_async_context/async_context_threadsafe_background.c.obj
 *fill*         0x10007cf2        0x2 
 .text.async_context_threadsafe_background_lock_check
                0x10007cf4       0x2c CMakeFiles/ov2640_pio.dir/C_/Users/08809/Desktop/RP2040/sdk/pico-sdk/src/rp2_common/pico_async_context/async_context_threadsafe_background.c.obj
 .text.get_absolute_time
                0x10007d20       0x22 CMakeFiles/ov2640_pio.dir/C_/Users/08809/Desktop/RP2040/sdk/pico-sdk/src/rp2_common/pico_async_context/async_context_threadsafe_background.c.obj
 *fill*         0x10007d42        0x2 
 .text.process_under_lock
                0x10007d44       0xe0 CMakeFiles/ov2640_pio.dir/C_/Users/08809/Desktop/RP2040/sdk/pico-sdk/src/rp2_common/pico_async_context/async_context_threadsafe_background.c.obj
 .text.lock_release
                0x10007e24       0x1e CMakeFiles/ov2640_pio.dir/C_/Users/08809/Desktop/RP2040/sdk/pico-sdk/src/rp2_common/pico_async_context/async_context_threadsafe_background.c.obj
 .text.async_context_threadsafe_background_execute_sync
                0x10007e42       0x1e CMakeFiles/ov2640_pio.dir/C_/Users/08809/Desktop/RP2040/sdk/pico-sdk/src/rp2_common/pico_async_context/async_context_threadsafe_background.c.obj
                0x10007e42                async_context_threadsafe_background_execute_sync
 .text.async_context_threadsafe_background_release_lock
                0x10007e60        0x8 CMakeFiles/ov2640_pio.dir/C_/Users/08809/Desktop/RP2040/sdk/pico-sdk/src/rp2_common/pico_async_context/async_context_threadsafe_background.c.obj
 .text.low_prio_irq_deinit
                0x10007e68       0x50 CMakeFiles/ov2640_pio.dir/C_/Users/08809/Desktop/RP2040/sdk/pico-sdk/src/rp2_common/pico_async_context/async_context_threadsafe_background.c.obj
 .text.async_context_threadsafe_background_deinit
                0x10007eb8       0x58 CMakeFiles/ov2640_pio.dir/C_/Users/08809/Desktop/RP2040/sdk/pico-sdk/src/rp2_common/pico_async_context/async_context_threadsafe_background.c.obj
 .text.low_priority_irq_handler
                0x10007f10       0x78 CMakeFiles/ov2640_pio.dir/C_/Users/08809/Desktop/RP2040/sdk/pico-sdk/src/rp2_common/pico_async_context/async_context_threadsafe_background.c.obj
 .text.async_context_threadsafe_background_wait_for_work_until
                0x10007f88        0xa CMakeFiles/ov2640_pio.dir/C_/Users/08809/Desktop/RP2040/sdk/pico-sdk/src/rp2_common/pico_async_context/async_context_threadsafe_background.c.obj
 .text.async_context_threadsafe_background_wait_until
                0x10007f92       0x1a CMakeFiles/ov2640_pio.dir/C_/Users/08809/Desktop/RP2040/sdk/pico-sdk/src/rp2_common/pico_async_context/async_context_threadsafe_background.c.obj
 .text.async_context_threadsafe_background_when_pending_worker
                0x10007fac       0x20 CMakeFiles/ov2640_pio.dir/C_/Users/08809/Desktop/RP2040/sdk/pico-sdk/src/rp2_common/pico_async_context/async_context_threadsafe_background.c.obj
 .text.async_context_threadsafe_background_add_when_pending_worker
                0x10007fcc       0x20 CMakeFiles/ov2640_pio.dir/C_/Users/08809/Desktop/RP2040/sdk/pico-sdk/src/rp2_common/pico_async_context/async_context_threadsafe_background.c.obj
 .text.async_context_threadsafe_background_remove_at_time_worker
                0x10007fec       0x20 CMakeFiles/ov2640_pio.dir/C_/Users/08809/Desktop/RP2040/sdk/pico-sdk/src/rp2_common/pico_async_context/async_context_threadsafe_background.c.obj
 .text.async_context_threadsafe_background_add_at_time_worker
                0x1000800c       0x20 CMakeFiles/ov2640_pio.dir/C_/Users/08809/Desktop/RP2040/sdk/pico-sdk/src/rp2_common/pico_async_context/async_context_threadsafe_background.c.obj
 .text.low_prio_irq_init
                0x1000802c       0x84 CMakeFiles/ov2640_pio.dir/C_/Users/08809/Desktop/RP2040/sdk/pico-sdk/src/rp2_common/pico_async_context/async_context_threadsafe_background.c.obj
 .text.async_context_threadsafe_background_default_config
                0x100080b0        0xa CMakeFiles/ov2640_pio.dir/C_/Users/08809/Desktop/RP2040/sdk/pico-sdk/src/rp2_common/pico_async_context/async_context_threadsafe_background.c.obj
                0x100080b0                async_context_threadsafe_background_default_config
 *fill*         0x100080ba        0x2 
 .text.async_context_threadsafe_background_init
                0x100080bc       0x74 CMakeFiles/ov2640_pio.dir/C_/Users/08809/Desktop/RP2040/sdk/pico-sdk/src/rp2_common/pico_async_context/async_context_threadsafe_background.c.obj
                0x100080bc                async_context_threadsafe_background_init
 .text.is_at_the_end_of_time
                0x10008130       0x1c CMakeFiles/ov2640_pio.dir/C_/Users/08809/Desktop/RP2040/sdk/pico-sdk/src/rp2_common/pico_async_context/async_context_base.c.obj
 .text.update_us_since_boot
                0x1000814c       0x24 CMakeFiles/ov2640_pio.dir/C_/Users/08809/Desktop/RP2040/sdk/pico-sdk/src/rp2_common/pico_async_context/async_context_base.c.obj
 .text.get_absolute_time
                0x10008170       0x22 CMakeFiles/ov2640_pio.dir/C_/Users/08809/Desktop/RP2040/sdk/pico-sdk/src/rp2_common/pico_async_context/async_context_base.c.obj
 .text.async_context_base_add_at_time_worker
                0x10008192       0x1c CMakeFiles/ov2640_pio.dir/C_/Users/08809/Desktop/RP2040/sdk/pico-sdk/src/rp2_common/pico_async_context/async_context_base.c.obj
                0x10008192                async_context_base_add_at_time_worker
 .text.async_context_base_remove_at_time_worker
                0x100081ae       0x1c CMakeFiles/ov2640_pio.dir/C_/Users/08809/Desktop/RP2040/sdk/pico-sdk/src/rp2_common/pico_async_context/async_context_base.c.obj
                0x100081ae                async_context_base_remove_at_time_worker
 .text.async_context_base_add_when_pending_worker
                0x100081ca       0x1c CMakeFiles/ov2640_pio.dir/C_/Users/08809/Desktop/RP2040/sdk/pico-sdk/src/rp2_common/pico_async_context/async_context_base.c.obj
                0x100081ca                async_context_base_add_when_pending_worker
 .text.async_context_base_remove_when_pending_worker
                0x100081e6       0x1c CMakeFiles/ov2640_pio.dir/C_/Users/08809/Desktop/RP2040/sdk/pico-sdk/src/rp2_common/pico_async_context/async_context_base.c.obj
                0x100081e6                async_context_base_remove_when_pending_worker
 *fill*         0x10008202        0x2 
 .text.async_context_base_remove_ready_at_time_worker
                0x10008204       0x78 CMakeFiles/ov2640_pio.dir/C_/Users/08809/Desktop/RP2040/sdk/pico-sdk/src/rp2_common/pico_async_context/async_context_base.c.obj
                0x10008204                async_context_base_remove_ready_at_time_worker
 .text.async_context_base_refresh_next_timeout
                0x1000827c       0x3c CMakeFiles/ov2640_pio.dir/C_/Users/08809/Desktop/RP2040/sdk/pico-sdk/src/rp2_common/pico_async_context/async_context_base.c.obj
                0x1000827c                async_context_base_refresh_next_timeout
 .text.async_context_base_execute_once
                0x100082b8       0x48 CMakeFiles/ov2640_pio.dir/C_/Users/08809/Desktop/RP2040/sdk/pico-sdk/src/rp2_common/pico_async_context/async_context_base.c.obj
                0x100082b8                async_context_base_execute_once
 .text.i2c_write_blocking_internal
                0x10008300      0x146 CMakeFiles/ov2640_pio.dir/C_/Users/08809/Desktop/RP2040/sdk/pico-sdk/src/rp2_common/hardware_i2c/i2c.c.obj
 .text.i2c_read_blocking_internal
                0x10008446       0xe6 CMakeFiles/ov2640_pio.dir/C_/Users/08809/Desktop/RP2040/sdk/pico-sdk/src/rp2_common/hardware_i2c/i2c.c.obj
 .text.i2c_set_baudrate
                0x1000852c       0xf0 CMakeFiles/ov2640_pio.dir/C_/Users/08809/Desktop/RP2040/sdk/pico-sdk/src/rp2_common/hardware_i2c/i2c.c.obj
                0x1000852c                i2c_set_baudrate
 .text.i2c_init
                0x1000861c       0x58 CMakeFiles/ov2640_pio.dir/C_/Users/08809/Desktop/RP2040/sdk/pico-sdk/src/rp2_common/hardware_i2c/i2c.c.obj
                0x1000861c                i2c_init
 .text.i2c_write_blocking
                0x10008674       0x18 CMakeFiles/ov2640_pio.dir/C_/Users/08809/Desktop/RP2040/sdk/pico-sdk/src/rp2_common/hardware_i2c/i2c.c.obj
                0x10008674                i2c_write_blocking
 .text.i2c_read_blocking
                0x1000868c       0x18 CMakeFiles/ov2640_pio.dir/C_/Users/08809/Desktop/RP2040/sdk/pico-sdk/src/rp2_common/hardware_i2c/i2c.c.obj
                0x1000868c                i2c_read_blocking
 .text.memcmp   0x100086a4       0x44 c:/progra~2/armgnu~1/125863~1.3re/bin/../lib/gcc/arm-none-eabi/12.3.1/thumb/v6-m/nofp\libg.a(libc_a-memcmp.o)
                0x100086a4                memcmp
 .text.memmove  0x100086e8       0xb0 c:/progra~2/armgnu~1/125863~1.3re/bin/../lib/gcc/arm-none-eabi/12.3.1/thumb/v6-m/nofp\libg.a(libc_a-memmove.o)
                0x100086e8                memmove
 .text.strncmp  0x10008798       0x68 c:/progra~2/armgnu~1/125863~1.3re/bin/../lib/gcc/arm-none-eabi/12.3.1/thumb/v6-m/nofp\libg.a(libc_a-strncmp.o)
                0x10008798                strncmp
 .text.strlen   0x10008800       0x5c c:/progra~2/armgnu~1/125863~1.3re/bin/../lib/gcc/arm-none-eabi/12.3.1/thumb/v6-m/nofp\libg.a(libc_a-strlen-stub.o)
                0x10008800                strlen
 *(.fini)
 .fini          0x1000885c        0x4 c:/progra~2/armgnu~1/125863~1.3re/bin/../lib/gcc/arm-none-eabi/12.3.1/thumb/v6-m/nofp/crti.o
                0x1000885c                _fini
 .fini.__stub   0x10008860       0xa0 linker stubs
 *crtbegin.o(.ctors)
 *crtbegin?.o(.ctors)
 *(EXCLUDE_FILE(*crtend.o *crtend?.o) .ctors)
 *(SORT_BY_NAME(.ctors.*))
 *(.ctors)
 *crtbegin.o(.dtors)
 *crtbegin?.o(.dtors)
 *(EXCLUDE_FILE(*crtend.o *crtend?.o) .dtors)
 *(SORT_BY_NAME(.dtors.*))
 *(.dtors)
 *(.eh_frame*)
 .eh_frame      0x10008900        0x0 c:/progra~2/armgnu~1/125863~1.3re/bin/../lib/gcc/arm-none-eabi/12.3.1/thumb/v6-m/nofp/crtbegin.o
                0x10008900                        . = ALIGN (0x4)

.glue_7         0x10008900        0x0
 .glue_7        0x10008900        0x0 linker stubs

.glue_7t        0x10008900        0x0
 .glue_7t       0x10008900        0x0 linker stubs

.vfp11_veneer   0x10008900        0x0
 .vfp11_veneer  0x10008900        0x0 linker stubs

.v4_bx          0x10008900        0x0
 .v4_bx         0x10008900        0x0 linker stubs

.iplt           0x10008900        0x0
 .iplt          0x10008900        0x0 c:/progra~2/armgnu~1/125863~1.3re/bin/../lib/gcc/arm-none-eabi/12.3.1/thumb/v6-m/nofp/crtbegin.o

.rodata         0x10008900    0x39c5c
 *(EXCLUDE_FILE(*libm.a: *libc.a:*lib_a-mem*.o *libgcc.a:) .rodata*)
 .rodata.channel_config_set_chain_to.str1.4
                0x10008900       0x7e CMakeFiles/ov2640_pio.dir/src/ov2640.c.obj
 *fill*         0x1000897e        0x2 
 .rodata.channel_config_set_dreq.str1.4
                0x10008980       0x13 CMakeFiles/ov2640_pio.dir/src/ov2640.c.obj
 *fill*         0x10008993        0x1 
 .rodata.__func__.1
                0x10008994       0x18 CMakeFiles/ov2640_pio.dir/src/ov2640.c.obj
 .rodata.__func__.3
                0x100089ac       0x1c CMakeFiles/ov2640_pio.dir/src/ov2640.c.obj
 .rodata.OV2640_UXGA_88x72_15fps
                0x100089c8       0x22 CMakeFiles/ov2640_pio.dir/src/ov2640.c.obj
 *fill*         0x100089ea        0x2 
 .rodata.OV2640_UXGA_RGB565
                0x100089ec      0x1da CMakeFiles/ov2640_pio.dir/src/ov2640.c.obj
 *fill*         0x10008bc6        0x2 
 .rodata.camera_read_program
                0x10008bc8        0x6 CMakeFiles/ov2640_pio.dir/src/ov2640.c.obj
 *fill*         0x10008bce        0x2 
 .rodata.camera_read_program_instructions
                0x10008bd0        0x8 CMakeFiles/ov2640_pio.dir/src/ov2640.c.obj
 .rodata.gpio_add_raw_irq_handler_with_order_priority_masked.str1.4
                0x10008bd8       0x7b CMakeFiles/ov2640_pio.dir/C_/Users/08809/Desktop/RP2040/sdk/pico-sdk/src/rp2_common/hardware_gpio/gpio.c.obj
 *fill*         0x10008c53        0x1 
 .rodata.gpio_remove_raw_irq_handler_masked.str1.4
                0x10008c54       0x29 CMakeFiles/ov2640_pio.dir/C_/Users/08809/Desktop/RP2040/sdk/pico-sdk/src/rp2_common/hardware_gpio/gpio.c.obj
 *fill*         0x10008c7d        0x3 
 .rodata.__func__.0
                0x10008c80       0x23 CMakeFiles/ov2640_pio.dir/C_/Users/08809/Desktop/RP2040/sdk/pico-sdk/src/rp2_common/hardware_gpio/gpio.c.obj
 *fill*         0x10008ca3        0x1 
 .rodata.__func__.1
                0x10008ca4       0x34 CMakeFiles/ov2640_pio.dir/C_/Users/08809/Desktop/RP2040/sdk/pico-sdk/src/rp2_common/hardware_gpio/gpio.c.obj
 .rodata.hw_claim_clear.str1.4
                0x10008cd8       0x71 CMakeFiles/ov2640_pio.dir/C_/Users/08809/Desktop/RP2040/sdk/pico-sdk/src/rp2_common/hardware_claim/claim.c.obj
 *fill*         0x10008d49        0x3 
 .rodata.__func__.0
                0x10008d4c        0xf CMakeFiles/ov2640_pio.dir/C_/Users/08809/Desktop/RP2040/sdk/pico-sdk/src/rp2_common/hardware_claim/claim.c.obj
 *fill*         0x10008d5b        0x1 
 .rodata.resolve_branch.str1.4
                0x10008d5c       0x65 CMakeFiles/ov2640_pio.dir/C_/Users/08809/Desktop/RP2040/sdk/pico-sdk/src/rp2_common/hardware_irq/irq.c.obj
 *fill*         0x10008dc1        0x3 
 .rodata.make_branch.str1.4
                0x10008dc4       0x30 CMakeFiles/ov2640_pio.dir/C_/Users/08809/Desktop/RP2040/sdk/pico-sdk/src/rp2_common/hardware_irq/irq.c.obj
 .rodata.insert_branch_and_link.str1.4
                0x10008df4       0x10 CMakeFiles/ov2640_pio.dir/C_/Users/08809/Desktop/RP2040/sdk/pico-sdk/src/rp2_common/hardware_irq/irq.c.obj
 .rodata.irq_set_exclusive_handler.str1.4
                0x10008e04       0x36 CMakeFiles/ov2640_pio.dir/C_/Users/08809/Desktop/RP2040/sdk/pico-sdk/src/rp2_common/hardware_irq/irq.c.obj
 *fill*         0x10008e3a        0x2 
 .rodata.irq_add_shared_handler.str1.4
                0x10008e3c       0xc2 CMakeFiles/ov2640_pio.dir/C_/Users/08809/Desktop/RP2040/sdk/pico-sdk/src/rp2_common/hardware_irq/irq.c.obj
 *fill*         0x10008efe        0x2 
 .rodata.irq_remove_handler.str1.4
                0x10008f00       0x3a CMakeFiles/ov2640_pio.dir/C_/Users/08809/Desktop/RP2040/sdk/pico-sdk/src/rp2_common/hardware_irq/irq.c.obj
 *fill*         0x10008f3a        0x2 
 .rodata.irq_add_tail_to_free_list.str1.4
                0x10008f3c       0x3a CMakeFiles/ov2640_pio.dir/C_/Users/08809/Desktop/RP2040/sdk/pico-sdk/src/rp2_common/hardware_irq/irq.c.obj
 *fill*         0x10008f76        0x2 
 .rodata.user_irq_claim_unused.str1.4
                0x10008f78       0x1b CMakeFiles/ov2640_pio.dir/C_/Users/08809/Desktop/RP2040/sdk/pico-sdk/src/rp2_common/hardware_irq/irq.c.obj
 *fill*         0x10008f93        0x1 
 .rodata.__func__.0
                0x10008f94       0x1a CMakeFiles/ov2640_pio.dir/C_/Users/08809/Desktop/RP2040/sdk/pico-sdk/src/rp2_common/hardware_irq/irq.c.obj
 *fill*         0x10008fae        0x2 
 .rodata.__func__.1
                0x10008fb0       0x17 CMakeFiles/ov2640_pio.dir/C_/Users/08809/Desktop/RP2040/sdk/pico-sdk/src/rp2_common/hardware_irq/irq.c.obj
 *fill*         0x10008fc7        0x1 
 .rodata.__func__.2
                0x10008fc8       0x13 CMakeFiles/ov2640_pio.dir/C_/Users/08809/Desktop/RP2040/sdk/pico-sdk/src/rp2_common/hardware_irq/irq.c.obj
 *fill*         0x10008fdb        0x1 
 .rodata.__func__.3
                0x10008fdc        0xc CMakeFiles/ov2640_pio.dir/C_/Users/08809/Desktop/RP2040/sdk/pico-sdk/src/rp2_common/hardware_irq/irq.c.obj
 .rodata.__func__.4
                0x10008fe8        0xf CMakeFiles/ov2640_pio.dir/C_/Users/08809/Desktop/RP2040/sdk/pico-sdk/src/rp2_common/hardware_irq/irq.c.obj
 *fill*         0x10008ff7        0x1 
 .rodata.__func__.5
                0x10008ff8       0x17 CMakeFiles/ov2640_pio.dir/C_/Users/08809/Desktop/RP2040/sdk/pico-sdk/src/rp2_common/hardware_irq/irq.c.obj
 *fill*         0x1000900f        0x1 
 .rodata.__func__.6
                0x10009010       0x1a CMakeFiles/ov2640_pio.dir/C_/Users/08809/Desktop/RP2040/sdk/pico-sdk/src/rp2_common/hardware_irq/irq.c.obj
 *fill*         0x1000902a        0x2 
 .rodata.str1.4
                0x1000902c       0x99 CMakeFiles/ov2640_pio.dir/C_/Users/08809/Desktop/RP2040/sdk/pico-sdk/src/common/pico_sync/mutex.c.obj
 *fill*         0x100090c5        0x3 
 .rodata.__func__.0
                0x100090c8       0x15 CMakeFiles/ov2640_pio.dir/C_/Users/08809/Desktop/RP2040/sdk/pico-sdk/src/common/pico_sync/mutex.c.obj
 *fill*         0x100090dd        0x3 
 .rodata.__func__.1
                0x100090e0        0xb CMakeFiles/ov2640_pio.dir/C_/Users/08809/Desktop/RP2040/sdk/pico-sdk/src/common/pico_sync/mutex.c.obj
 *fill*         0x100090eb        0x1 
 .rodata.__func__.3
                0x100090ec       0x18 CMakeFiles/ov2640_pio.dir/C_/Users/08809/Desktop/RP2040/sdk/pico-sdk/src/common/pico_sync/mutex.c.obj
 .rodata.__func__.5
                0x10009104       0x1a CMakeFiles/ov2640_pio.dir/C_/Users/08809/Desktop/RP2040/sdk/pico-sdk/src/common/pico_sync/mutex.c.obj
 *fill*         0x1000911e        0x2 
 .rodata.__func__.6
                0x10009120       0x1f CMakeFiles/ov2640_pio.dir/C_/Users/08809/Desktop/RP2040/sdk/pico-sdk/src/common/pico_sync/mutex.c.obj
 *fill*         0x1000913f        0x1 
 .rodata.get_entry.str1.4
                0x10009140       0x6b CMakeFiles/ov2640_pio.dir/C_/Users/08809/Desktop/RP2040/sdk/pico-sdk/src/common/pico_time/time.c.obj
 *fill*         0x100091ab        0x1 
 .rodata.update_us_since_boot.str1.4
                0x100091ac       0x71 CMakeFiles/ov2640_pio.dir/C_/Users/08809/Desktop/RP2040/sdk/pico-sdk/src/common/pico_time/time.c.obj
 *fill*         0x1000921d        0x3 
 .rodata.ph_get_node.str1.4
                0x10009220       0x76 CMakeFiles/ov2640_pio.dir/C_/Users/08809/Desktop/RP2040/sdk/pico-sdk/src/common/pico_time/time.c.obj
 *fill*         0x10009296        0x2 
 .rodata.ph_add_child_node.str1.4
                0x10009298       0x2e CMakeFiles/ov2640_pio.dir/C_/Users/08809/Desktop/RP2040/sdk/pico-sdk/src/common/pico_time/time.c.obj
 *fill*         0x100092c6        0x2 
 .rodata.ph_insert_node.str1.4
                0x100092c8        0x3 CMakeFiles/ov2640_pio.dir/C_/Users/08809/Desktop/RP2040/sdk/pico-sdk/src/common/pico_time/time.c.obj
 *fill*         0x100092cb        0x1 
 .rodata.ph_free_node.str1.4
                0x100092cc       0x38 CMakeFiles/ov2640_pio.dir/C_/Users/08809/Desktop/RP2040/sdk/pico-sdk/src/common/pico_time/time.c.obj