Archive member included to satisfy reference by file (symbol)

c:/progra~2/armgnu~1/125863~1.3re/bin/../lib/gcc/arm-none-eabi/12.3.1/thumb/v6-m/nofp\libgcc.a(_dvmd_tls.o)
                              CMakeFiles/ov2640_pio.dir/C_/Users/08809/Desktop/RP2040/sdk/pico-sdk/src/rp2_common/pico_divider/divider.S.obj (__aeabi_idiv0)
c:/progra~2/armgnu~1/125863~1.3re/bin/../lib/gcc/arm-none-eabi/12.3.1/thumb/v6-m/nofp\libg.a(libc_a-calloc.o)
                              CMakeFiles/ov2640_pio.dir/C_/Users/08809/Desktop/RP2040/sdk/pico-sdk/src/rp2_common/pico_malloc/pico_malloc.c.obj (calloc)
c:/progra~2/armgnu~1/125863~1.3re/bin/../lib/gcc/arm-none-eabi/12.3.1/thumb/v6-m/nofp\libg.a(libc_a-callocr.o)
                              c:/progra~2/armgnu~1/125863~1.3re/bin/../lib/gcc/arm-none-eabi/12.3.1/thumb/v6-m/nofp\libg.a(libc_a-calloc.o) (_calloc_r)
c:/progra~2/armgnu~1/125863~1.3re/bin/../lib/gcc/arm-none-eabi/12.3.1/thumb/v6-m/nofp\libg.a(libc_a-malloc.o)
                              CMakeFiles/ov2640_pio.dir/C_/Users/08809/Desktop/RP2040/sdk/pico-sdk/src/rp2_common/pico_malloc/pico_malloc.c.obj (malloc)
c:/progra~2/armgnu~1/125863~1.3re/bin/../lib/gcc/arm-none-eabi/12.3.1/thumb/v6-m/nofp\libg.a(libc_a-mallocr.o)
                              c:/progra~2/armgnu~1/125863~1.3re/bin/../lib/gcc/arm-none-eabi/12.3.1/thumb/v6-m/nofp\libg.a(libc_a-callocr.o) (_malloc_r)
c:/progra~2/armgnu~1/125863~1.3re/bin/../lib/gcc/arm-none-eabi/12.3.1/thumb/v6-m/nofp\libg.a(libc_a-mlock.o)
                              c:/progra~2/armgnu~1/125863~1.3re/bin/../lib/gcc/arm-none-eabi/12.3.1/thumb/v6-m/nofp\libg.a(libc_a-mallocr.o) (__malloc_lock)
c:/progra~2/armgnu~1/125863~1.3re/bin/../lib/gcc/arm-none-eabi/12.3.1/thumb/v6-m/nofp\libg.a(libc_a-realloc.o)
                              CMakeFiles/ov2640_pio.dir/C_/Users/08809/Desktop/RP2040/sdk/pico-sdk/src/rp2_common/pico_malloc/pico_malloc.c.obj (realloc)
c:/progra~2/armgnu~1/125863~1.3re/bin/../lib/gcc/arm-none-eabi/12.3.1/thumb/v6-m/nofp\libg.a(libc_a-reallocr.o)
                              c:/progra~2/armgnu~1/125863~1.3re/bin/../lib/gcc/arm-none-eabi/12.3.1/thumb/v6-m/nofp\libg.a(libc_a-realloc.o) (_realloc_r)
c:/progra~2/armgnu~1/125863~1.3re/bin/../lib/gcc/arm-none-eabi/12.3.1/thumb/v6-m/nofp\libg.a(libc_a-memcmp.o)
                              CMakeFiles/ov2640_pio.dir/C_/Users/08809/Desktop/RP2040/sdk/pico-sdk/lib/cyw43-driver/src/cyw43_ll.c.obj (memcmp)
c:/progra~2/armgnu~1/125863~1.3re/bin/../lib/gcc/arm-none-eabi/12.3.1/thumb/v6-m/nofp\libg.a(libc_a-memmove.o)
                              CMakeFiles/ov2640_pio.dir/C_/Users/08809/Desktop/RP2040/sdk/pico-sdk/lib/cyw43-driver/src/cyw43_ll.c.obj (memmove)
c:/progra~2/armgnu~1/125863~1.3re/bin/../lib/gcc/arm-none-eabi/12.3.1/thumb/v6-m/nofp\libg.a(libc_a-strncmp.o)
                              CMakeFiles/ov2640_pio.dir/C_/Users/08809/Desktop/RP2040/sdk/pico-sdk/lib/cyw43-driver/src/cyw43_ll.c.obj (strncmp)
c:/progra~2/armgnu~1/125863~1.3re/bin/../lib/gcc/arm-none-eabi/12.3.1/thumb/v6-m/nofp\libg.a(libc_a-impure.o)
                              c:/progra~2/armgnu~1/125863~1.3re/bin/../lib/gcc/arm-none-eabi/12.3.1/thumb/v6-m/nofp\libg.a(libc_a-calloc.o) (_impure_ptr)
c:/progra~2/armgnu~1/125863~1.3re/bin/../lib/gcc/arm-none-eabi/12.3.1/thumb/v6-m/nofp\libg.a(libc_a-sbrkr.o)
                              c:/progra~2/armgnu~1/125863~1.3re/bin/../lib/gcc/arm-none-eabi/12.3.1/thumb/v6-m/nofp\libg.a(libc_a-mallocr.o) (_sbrk_r)
c:/progra~2/armgnu~1/125863~1.3re/bin/../lib/gcc/arm-none-eabi/12.3.1/thumb/v6-m/nofp\libg.a(libc_a-errno.o)
                              c:/progra~2/armgnu~1/125863~1.3re/bin/../lib/gcc/arm-none-eabi/12.3.1/thumb/v6-m/nofp\libg.a(libc_a-callocr.o) (__errno)
c:/progra~2/armgnu~1/125863~1.3re/bin/../lib/gcc/arm-none-eabi/12.3.1/thumb/v6-m/nofp\libg.a(libc_a-init.o)
                              c:/progra~2/armgnu~1/125863~1.3re/bin/../lib/gcc/arm-none-eabi/12.3.1/thumb/v6-m/nofp/crt0.o (__libc_init_array)
c:/progra~2/armgnu~1/125863~1.3re/bin/../lib/gcc/arm-none-eabi/12.3.1/thumb/v6-m/nofp\libg.a(libc_a-lock.o)
                              c:/progra~2/armgnu~1/125863~1.3re/bin/../lib/gcc/arm-none-eabi/12.3.1/thumb/v6-m/nofp\libg.a(libc_a-mlock.o) (__retarget_lock_acquire_recursive)
c:/progra~2/armgnu~1/125863~1.3re/bin/../lib/gcc/arm-none-eabi/12.3.1/thumb/v6-m/nofp\libg.a(libc_a-sysconf.o)
                              c:/progra~2/armgnu~1/125863~1.3re/bin/../lib/gcc/arm-none-eabi/12.3.1/thumb/v6-m/nofp\libg.a(libc_a-mallocr.o) (sysconf)
c:/progra~2/armgnu~1/125863~1.3re/bin/../lib/gcc/arm-none-eabi/12.3.1/thumb/v6-m/nofp\libg.a(libc_a-strlen-stub.o)
                              CMakeFiles/ov2640_pio.dir/C_/Users/08809/Desktop/RP2040/sdk/pico-sdk/src/rp2_common/pico_stdio/stdio.c.obj (strlen)
c:/progra~2/armgnu~1/125863~1.3re/bin/../lib/gcc/arm-none-eabi/12.3.1/thumb/v6-m/nofp\libg.a(libc_a-freer.o)
[...]
Memory Configuration

Name             Origin             Length             Attributes
FLASH            0x10000000         0x00200000         xr
RAM              0x20000000         0x00040000         xrw
SCRATCH_X        0x20040000         0x00001000         xrw
SCRATCH_Y        0x20041000         0x00001000         xrw
*default*        0x00000000         0xffffffff

Linker script and memory map

LOAD c:/progra~2/armgnu~1/125863~1.3re/bin/../lib/gcc/arm-none-eabi/12.3.1/thumb/v6-m/nofp/crti.o
LOAD c:/progra~2/armgnu~1/125863~1.3re/bin/../lib/gcc/arm-none-eabi/12.3.1/thumb/v6-m/nofp/crtbegin.o
LOAD c:/progra~2/armgnu~1/125863~1.3re/bin/../lib/gcc/arm-none-eabi/12.3.1/thumb/v6-m/nofp/crt0.o

.flash_begin    0x10000000        0x0
                0x10000000                        __flash_binary_start = .

.boot2          0x10000000      0x100
                0x10000000                        __boot2_start__ = .
 *(.boot2)
 .boot2         0x10000000      0x100 C:\Users\08809\AppData\Local\Temp\ccCkSzSh.o
                0x10000100                        __boot2_end__ = .
                0x00000001                        ASSERT (((__boot2_end__ - __boot2_start__) == 0x100), ERROR: Pico second stage bootloader must be 256 bytes in size)

.text           0x10000100     0x8538
                0x10000100                        __logical_binary_start = .
 *(.vectors)
 .vectors       0x10000100       0xd4 CMakeFiles/ov2640_pio.dir/C_/Users/08809/Desktop/RP2040/sdk/pico-sdk/src/rp2_common/pico_standard_link/crt0.S.obj
                0x10000100                __VECTOR_TABLE
                0x10000100                __vectors
                0x100001c0                isr_invalid
                0x100001c0                __default_isrs_start
                0x100001c2                isr_nmi
                0x100001c4                isr_hardfault
                0x100001c6                isr_svcall
                0x100001c8                isr_pendsv
                0x100001ca                isr_systick
                0x100001cc                isr_irq23
                0x100001cc                isr_irq18
                0x100001cc                isr_irq11
                0x100001cc                isr_irq28
                0x100001cc                isr_irq19
                0x100001cc                isr_irq0
                0x100001cc                isr_irq6
                0x100001cc                isr_irq5
                0x100001cc                isr_irq12
                0x100001cc                isr_irq22
                0x100001cc                isr_irq31
                0x100001cc                isr_irq17
                0x100001cc                isr_irq27
                0x100001cc                isr_irq30
                0x100001cc                isr_irq2
                0x100001cc                isr_irq10
                0x100001cc                isr_irq8
                0x100001cc                isr_irq24
                0x100001cc                isr_irq1
                0x100001cc                isr_irq7
                0x100001cc                isr_irq21
                0x100001cc                isr_irq20
                0x100001cc                isr_irq15
                0x100001cc                isr_irq25
                0x100001cc                isr_irq13
                0x100001cc                __unhandled_user_irq
                0x100001cc                isr_irq4
                0x100001cc                isr_irq16
                0x100001cc                isr_irq29
                0x100001cc                isr_irq26
                0x100001cc                __default_isrs_end
                0x100001cc                isr_irq3
                0x100001cc                isr_irq14
                0x100001cc                isr_irq9
                0x100001d2                unhandled_user_irq_num_in_r0
 *(.binary_info_header)
 .binary_info_header
                0x100001d4       0x14 CMakeFiles/ov2640_pio.dir/C_/Users/08809/Desktop/RP2040/sdk/pico-sdk/src/rp2_common/pico_standard_link/crt0.S.obj
                0x100001e8                        __binary_info_header_end = .
 *(.reset)
 .reset         0x100001e8       0xa0 CMakeFiles/ov2640_pio.dir/C_/Users/08809/Desktop/RP2040/sdk/pico-sdk/src/rp2_common/pico_standard_link/crt0.S.obj
                0x100001e8                _entry_point
 .reset         0x10000288       0x30 CMakeFiles/ov2640_pio.dir/C_/Users/08809/Desktop/RP2040/sdk/pico-sdk/src/rp2_common/pico_standard_link/binary_info.c.obj
 *(.init)
 .init          0x100002b8        0x4 c:/progra~2/armgnu~1/125863~1.3re/bin/../lib/gcc/arm-none-eabi/12.3.1/thumb/v6-m/nofp/crti.o
                0x100002b8                _init
 *(EXCLUDE_FILE(*libm.a: *libc.a:*lib_a-mem*.o *libgcc.a:) .text*)
 .text.register_tm_clones
                0x100002bc       0x28 c:/progra~2/armgnu~1/125863~1.3re/bin/../lib/gcc/arm-none-eabi/12.3.1/thumb/v6-m/nofp/crtbegin.o
 .text.frame_dummy
                0x100002e4       0x24 c:/progra~2/armgnu~1/125863~1.3re/bin/../lib/gcc/arm-none-eabi/12.3.1/thumb/v6-m/nofp/crtbegin.o
 .text.camera_interface_isr_handler
                0x10000308       0x44 CMakeFiles/ov2640_pio.dir/main.c.obj
                0x10000308                camera_interface_isr_handler
 .text.uart_write_nonblocking
                0x1000034c       0x38 CMakeFiles/ov2640_pio.dir/main.c.obj
                0x1000034c                uart_write_nonblocking
 .text.main     0x10000384      0x130 CMakeFiles/ov2640_pio.dir/main.c.obj
                0x10000384                main
 .text.pio_get_default_sm_config
                0x100004b4       0x28 CMakeFiles/ov2640_pio.dir/src/ov2640.c.obj
 .text.camera_read_program_get_default_config
                0x100004dc       0x24 CMakeFiles/ov2640_pio.dir/src/ov2640.c.obj
 .text.camera_read_init
                0x10000500       0x74 CMakeFiles/ov2640_pio.dir/src/ov2640.c.obj
 .text.channel_config_set_chain_to
                0x10000574       0x30 CMakeFiles/ov2640_pio.dir/src/ov2640.c.obj
 .text.dma_channel_get_default_config
                0x100005a4       0x74 CMakeFiles/ov2640_pio.dir/src/ov2640.c.obj
 .text.channel_config_set_dreq
                0x10000618       0x30 CMakeFiles/ov2640_pio.dir/src/ov2640.c.obj
 .text.OV2640_init
                0x10000648      0x124 CMakeFiles/ov2640_pio.dir/src/ov2640.c.obj
                0x10000648                OV2640_init
 .text.OV2640_Capture
                0x1000076c       0x36 CMakeFiles/ov2640_pio.dir/src/ov2640.c.obj
                0x1000076c                OV2640_Capture
 .text.SCCB_reg_write
                0x100007a2       0x1a CMakeFiles/ov2640_pio.dir/src/sccb.c.obj
                0x100007a2                SCCB_reg_write
 .text.SCCB_reg_read
                0x100007bc       0x32 CMakeFiles/ov2640_pio.dir/src/sccb.c.obj
                0x100007bc                SCCB_reg_read
 .text.SCCB_reg_list_write
                0x100007ee       0x20 CMakeFiles/ov2640_pio.dir/src/sccb.c.obj
                0x100007ee                SCCB_reg_list_write
 *fill*         0x1000080e        0x2 
 .text.RGB565_to_Grey_nonblocking
                0x10000810       0xd0 CMakeFiles/ov2640_pio.dir/src/image_process.c.obj
                0x10000810                RGB565_to_Grey_nonblocking
 .text.gpio_set_function
                0x100008e0       0x30 CMakeFiles/ov2640_pio.dir/C_/Users/08809/Desktop/RP2040/sdk/pico-sdk/src/rp2_common/hardware_gpio/gpio.c.obj
                0x100008e0                gpio_set_function
 .text.gpio_set_pulls
                0x10000910       0x34 CMakeFiles/ov2640_pio.dir/C_/Users/08809/Desktop/RP2040/sdk/pico-sdk/src/rp2_common/hardware_gpio/gpio.c.obj
                0x10000910                gpio_set_pulls
 .text.gpio_set_input_hysteresis_enabled
                0x10000944       0x30 CMakeFiles/ov2640_pio.dir/C_/Users/08809/Desktop/RP2040/sdk/pico-sdk/src/rp2_common/hardware_gpio/gpio.c.obj
                0x10000944                gpio_set_input_hysteresis_enabled
 .text.gpio_set_irq_callback
                0x10000974       0x48 CMakeFiles/ov2640_pio.dir/C_/Users/08809/Desktop/RP2040/sdk/pico-sdk/src/rp2_common/hardware_gpio/gpio.c.obj
                0x10000974                gpio_set_irq_callback
 .text.gpio_add_raw_irq_handler_with_order_priority_masked
                0x100009bc       0x40 CMakeFiles/ov2640_pio.dir/C_/Users/08809/Desktop/RP2040/sdk/pico-sdk/src/rp2_common/hardware_gpio/gpio.c.obj
                0x100009bc                gpio_add_raw_irq_handler_with_order_priority_masked
 .text.gpio_remove_raw_irq_handler_masked
                0x100009fc       0x48 CMakeFiles/ov2640_pio.dir/C_/Users/08809/Desktop/RP2040/sdk/pico-sdk/src/rp2_common/hardware_gpio/gpio.c.obj
                0x100009fc                gpio_remove_raw_irq_handler_masked
 .text.gpio_acknowledge_irq
                0x10000a44       0x18 CMakeFiles/ov2640_pio.dir/C_/Users/08809/Desktop/RP2040/sdk/pico-sdk/src/rp2_common/hardware_gpio/gpio.c.obj
                0x10000a44                gpio_acknowledge_irq
 .text._gpio_set_irq_enabled
                0x10000a5c       0x34 CMakeFiles/ov2640_pio.dir/C_/Users/08809/Desktop/RP2040/sdk/pico-sdk/src/rp2_common/hardware_gpio/gpio.c.obj
 .text.gpio_set_irq_enabled
                0x10000a90       0x20 CMakeFiles/ov2640_pio.dir/C_/Users/08809/Desktop/RP2040/sdk/pico-sdk/src/rp2_common/hardware_gpio/gpio.c.obj
                0x10000a90                gpio_set_irq_enabled
 .text.gpio_set_irq_enabled_with_callback
                0x10000ab0       0x20 CMakeFiles/ov2640_pio.dir/C_/Users/08809/Desktop/RP2040/sdk/pico-sdk/src/rp2_common/hardware_gpio/gpio.c.obj
                0x10000ab0                gpio_set_irq_enabled_with_callback
 .text.gpio_default_irq_handler
                0x10000ad0       0x98 CMakeFiles/ov2640_pio.dir/C_/Users/08809/Desktop/RP2040/sdk/pico-sdk/src/rp2_common/hardware_gpio/gpio.c.obj
 .text.gpio_init
                0x10000b68       0x16 CMakeFiles/ov2640_pio.dir/C_/Users/08809/Desktop/RP2040/sdk/pico-sdk/src/rp2_common/hardware_gpio/gpio.c.obj
                0x10000b68                gpio_init
 *fill*         0x10000b7e        0x2 
 .text.running_on_fpga
                0x10000b80       0x14 CMakeFiles/ov2640_pio.dir/C_/Users/08809/Desktop/RP2040/sdk/pico-sdk/src/rp2_common/pico_platform/platform.c.obj
                0x10000b80                running_on_fpga
 .text.hw_claim_lock
                0x10000b94       0x18 CMakeFiles/ov2640_pio.dir/C_/Users/08809/Desktop/RP2040/sdk/pico-sdk/src/rp2_common/hardware_claim/claim.c.obj
                0x10000b94                hw_claim_lock
 .text.hw_claim_unlock
                0x10000bac       0x14 CMakeFiles/ov2640_pio.dir/C_/Users/08809/Desktop/RP2040/sdk/pico-sdk/src/rp2_common/hardware_claim/claim.c.obj
                0x10000bac                hw_claim_unlock
 .text.hw_claim_or_assert
                0x10000bc0       0x32 CMakeFiles/ov2640_pio.dir/C_/Users/08809/Desktop/RP2040/sdk/pico-sdk/src/rp2_common/hardware_claim/claim.c.obj
                0x10000bc0                hw_claim_or_assert
 .text.hw_claim_unused_from_range
                0x10000bf2       0x50 CMakeFiles/ov2640_pio.dir/C_/Users/08809/Desktop/RP2040/sdk/pico-sdk/src/rp2_common/hardware_claim/claim.c.obj
                0x10000bf2                hw_claim_unused_from_range
 *fill*         0x10000c42        0x2 
 .text.hw_claim_clear
                0x10000c44       0x40 CMakeFiles/ov2640_pio.dir/C_/Users/08809/Desktop/RP2040/sdk/pico-sdk/src/rp2_common/hardware_claim/claim.c.obj
                0x10000c44                hw_claim_clear
 .text.spin_locks_reset
                0x10000c84       0x20 CMakeFiles/ov2640_pio.dir/C_/Users/08809/Desktop/RP2040/sdk/pico-sdk/src/rp2_common/hardware_sync/sync.c.obj
                0x10000c84                spin_locks_reset
 .text.next_striped_spin_lock_num
                0x10000ca4       0x1c CMakeFiles/ov2640_pio.dir/C_/Users/08809/Desktop/RP2040/sdk/pico-sdk/src/rp2_common/hardware_sync/sync.c.obj
                0x10000ca4                next_striped_spin_lock_num
 .text.set_raw_irq_handler_and_unlock
                0x10000cc0       0x28 CMakeFiles/ov2640_pio.dir/C_/Users/08809/Desktop/RP2040/sdk/pico-sdk/src/rp2_common/hardware_irq/irq.c.obj
 .text.get_user_irq_claim_index
                0x10000ce8        0x6 CMakeFiles/ov2640_pio.dir/C_/Users/08809/Desktop/RP2040/sdk/pico-sdk/src/rp2_common/hardware_irq/irq.c.obj
 *fill*         0x10000cee        0x2 
 .text.resolve_branch
                0x10000cf0       0x30 CMakeFiles/ov2640_pio.dir/C_/Users/08809/Desktop/RP2040/sdk/pico-sdk/src/rp2_common/hardware_irq/irq.c.obj
 .text.make_branch
                0x10000d20       0x48 CMakeFiles/ov2640_pio.dir/C_/Users/08809/Desktop/RP2040/sdk/pico-sdk/src/rp2_common/hardware_irq/irq.c.obj
 .text.insert_branch_and_link
                0x10000d68       0x40 CMakeFiles/ov2640_pio.dir/C_/Users/08809/Desktop/RP2040/sdk/pico-sdk/src/rp2_common/hardware_irq/irq.c.obj
 .text.irq_is_enabled
                0x10000da8       0x18 CMakeFiles/ov2640_pio.dir/C_/Users/08809/Desktop/RP2040/sdk/pico-sdk/src/rp2_common/hardware_irq/irq.c.obj
                0x10000da8                irq_is_enabled
 .text.irq_set_mask_enabled
                0x10000dc0       0x20 CMakeFiles/ov2640_pio.dir/C_/Users/08809/Desktop/RP2040/sdk/pico-sdk/src/rp2_common/hardware_irq/irq.c.obj
                0x10000dc0                irq_set_mask_enabled
 .text.irq_set_enabled
                0x10000de0        0xe CMakeFiles/ov2640_pio.dir/C_/Users/08809/Desktop/RP2040/sdk/pico-sdk/src/rp2_common/hardware_irq/irq.c.obj
                0x10000de0                irq_set_enabled
 *fill*         0x10000dee        0x2 
 .text.irq_set_pending
                0x10000df0       0x10 CMakeFiles/ov2640_pio.dir/C_/Users/08809/Desktop/RP2040/sdk/pico-sdk/src/rp2_common/hardware_irq/irq.c.obj
                0x10000df0                irq_set_pending
 .text.irq_get_vtable_handler
                0x10000e00       0x10 CMakeFiles/ov2640_pio.dir/C_/Users/08809/Desktop/RP2040/sdk/pico-sdk/src/rp2_common/hardware_irq/irq.c.obj
                0x10000e00                irq_get_vtable_handler
 .text.irq_set_exclusive_handler
                0x10000e10       0x54 CMakeFiles/ov2640_pio.dir/C_/Users/08809/Desktop/RP2040/sdk/pico-sdk/src/rp2_common/hardware_irq/irq.c.obj
                0x10000e10                irq_set_exclusive_handler
 .text.irq_add_shared_handler
                0x10000e64      0x210 CMakeFiles/ov2640_pio.dir/C_/Users/08809/Desktop/RP2040/sdk/pico-sdk/src/rp2_common/hardware_irq/irq.c.obj
                0x10000e64                irq_add_shared_handler
 .text.irq_remove_handler
                0x10001074      0x188 CMakeFiles/ov2640_pio.dir/C_/Users/08809/Desktop/RP2040/sdk/pico-sdk/src/rp2_common/hardware_irq/irq.c.obj
                0x10001074                irq_remove_handler
 .text.irq_set_priority
                0x100011fc       0x28 CMakeFiles/ov2640_pio.dir/C_/Users/08809/Desktop/RP2040/sdk/pico-sdk/src/rp2_common/hardware_irq/irq.c.obj
                0x100011fc                irq_set_priority
 .text.irq_add_tail_to_free_list
                0x10001224       0xf0 CMakeFiles/ov2640_pio.dir/C_/Users/08809/Desktop/RP2040/sdk/pico-sdk/src/rp2_common/hardware_irq/irq.c.obj
                0x10001224                irq_add_tail_to_free_list
 .text.irq_init_priorities
                0x10001314       0x1c CMakeFiles/ov2640_pio.dir/C_/Users/08809/Desktop/RP2040/sdk/pico-sdk/src/rp2_common/hardware_irq/irq.c.obj
                0x10001314                irq_init_priorities
 .text.user_irq_unclaim
                0x10001330       0x18 CMakeFiles/ov2640_pio.dir/C_/Users/08809/Desktop/RP2040/sdk/pico-sdk/src/rp2_common/hardware_irq/irq.c.obj
                0x10001330                user_irq_unclaim
 .text.user_irq_claim_unused
                0x10001348       0x2c CMakeFiles/ov2640_pio.dir/C_/Users/08809/Desktop/RP2040/sdk/pico-sdk/src/rp2_common/hardware_irq/irq.c.obj
                0x10001348                user_irq_claim_unused
 .text.sem_init
                0x10001374       0x1e CMakeFiles/ov2640_pio.dir/C_/Users/08809/Desktop/RP2040/sdk/pico-sdk/src/common/pico_sync/sem.c.obj
                0x10001374                sem_init
 *fill*         0x10001392        0x2 
 .text.lock_init
                0x10001394       0x10 CMakeFiles/ov2640_pio.dir/C_/Users/08809/Desktop/RP2040/sdk/pico-sdk/src/common/pico_sync/lock_core.c.obj
                0x10001394                lock_init
 .text.mutex_init
                0x100013a4       0x1a CMakeFiles/ov2640_pio.dir/C_/Users/08809/Desktop/RP2040/sdk/pico-sdk/src/common/pico_sync/mutex.c.obj
                0x100013a4                mutex_init
 .text.recursive_mutex_init
                0x100013be       0x1e CMakeFiles/ov2640_pio.dir/C_/Users/08809/Desktop/RP2040/sdk/pico-sdk/src/common/pico_sync/mutex.c.obj
                0x100013be                recursive_mutex_init
 .text.time_reached
                0x100013dc       0x28 CMakeFiles/ov2640_pio.dir/C_/Users/08809/Desktop/RP2040/sdk/pico-sdk/src/common/pico_time/time.c.obj
 .text.get_entry
                0x10001404       0x38 CMakeFiles/ov2640_pio.dir/C_/Users/08809/Desktop/RP2040/sdk/pico-sdk/src/common/pico_time/time.c.obj
 .text.timer_pool_entry_comparator
                0x1000143c       0x2e CMakeFiles/ov2640_pio.dir/C_/Users/08809/Desktop/RP2040/sdk/pico-sdk/src/common/pico_time/time.c.obj
                0x1000143c                timer_pool_entry_comparator
 *fill*         0x1000146a        0x2 
 .text.update_us_since_boot
                0x1000146c       0x24 CMakeFiles/ov2640_pio.dir/C_/Users/08809/Desktop/RP2040/sdk/pico-sdk/src/common/pico_time/time.c.obj
 .text.delayed_by_us
                0x10001490       0x34 CMakeFiles/ov2640_pio.dir/C_/Users/08809/Desktop/RP2040/sdk/pico-sdk/src/common/pico_time/time.c.obj
 .text.ph_get_node
                0x100014c4       0x30 CMakeFiles/ov2640_pio.dir/C_/Users/08809/Desktop/RP2040/sdk/pico-sdk/src/common/pico_time/time.c.obj
 .text.ph_contains_node
                0x100014f4       0x1e CMakeFiles/ov2640_pio.dir/C_/Users/08809/Desktop/RP2040/sdk/pico-sdk/src/common/pico_time/time.c.obj
 .text.ph_new_node
                0x10001512       0x28 CMakeFiles/ov2640_pio.dir/C_/Users/08809/Desktop/RP2040/sdk/pico-sdk/src/common/pico_time/time.c.obj
 *fill*         0x1000153a        0x2 
 .text.ph_add_child_node
                0x1000153c       0x6c CMakeFiles/ov2640_pio.dir/C_/Users/08809/Desktop/RP2040/sdk/pico-sdk/src/common/pico_time/time.c.obj
 .text.ph_merge_nodes
                0x100015a8       0x3e CMakeFiles/ov2640_pio.dir/C_/Users/08809/Desktop/RP2040/sdk/pico-sdk/src/common/pico_time/time.c.obj
 *fill*         0x100015e6        0x2 
 .text.ph_insert_node
                0x100015e8       0x3c CMakeFiles/ov2640_pio.dir/C_/Users/08809/Desktop/RP2040/sdk/pico-sdk/src/common/pico_time/time.c.obj
 .text.ph_free_node
                0x10001624       0x5c CMakeFiles/ov2640_pio.dir/C_/Users/08809/Desktop/RP2040/sdk/pico-sdk/src/common/pico_time/time.c.obj
 .text.get_entry_id_high
                0x10001680       0x30 CMakeFiles/ov2640_pio.dir/C_/Users/08809/Desktop/RP2040/sdk/pico-sdk/src/common/pico_time/time.c.obj
 .text.alarm_pool_post_alloc_init
                0x100016b0       0x40 CMakeFiles/ov2640_pio.dir/C_/Users/08809/Desktop/RP2040/sdk/pico-sdk/src/common/pico_time/time.c.obj
 .text.sleep_until_callback
                0x100016f0       0x30 CMakeFiles/ov2640_pio.dir/C_/Users/08809/Desktop/RP2040/sdk/pico-sdk/src/common/pico_time/time.c.obj
 .text.get_absolute_time
                0x10001720       0x22 CMakeFiles/ov2640_pio.dir/C_/Users/08809/Desktop/RP2040/sdk/pico-sdk/src/common/pico_time/time.c.obj
 .text.make_timeout_time_us
                0x10001742       0x24 CMakeFiles/ov2640_pio.dir/C_/Users/08809/Desktop/RP2040/sdk/pico-sdk/src/common/pico_time/time.c.obj
 *fill*         0x10001766        0x2 
 .text.add_alarm_under_lock
                0x10001768       0x94 CMakeFiles/ov2640_pio.dir/C_/Users/08809/Desktop/RP2040/sdk/pico-sdk/src/common/pico_time/time.c.obj
 .text.alarm_pool_alarm_callback
                0x100017fc      0x210 CMakeFiles/ov2640_pio.dir/C_/Users/08809/Desktop/RP2040/sdk/pico-sdk/src/common/pico_time/time.c.obj
 .text.alarm_pool_init_default
                0x10001a0c       0x40 CMakeFiles/ov2640_pio.dir/C_/Users/08809/Desktop/RP2040/sdk/pico-sdk/src/common/pico_time/time.c.obj
                0x10001a0c                alarm_pool_init_default
 .text.alarm_pool_get_default
                0x10001a4c       0x2c CMakeFiles/ov2640_pio.dir/C_/Users/08809/Desktop/RP2040/sdk/pico-sdk/src/common/pico_time/time.c.obj
                0x10001a4c                alarm_pool_get_default
 .text.alarm_pool_add_alarm_at
                0x10001a78      0x10e CMakeFiles/ov2640_pio.dir/C_/Users/08809/Desktop/RP2040/sdk/pico-sdk/src/common/pico_time/time.c.obj
                0x10001a78                alarm_pool_add_alarm_at
 .text.add_alarm_at
                0x10001b86       0x2e CMakeFiles/ov2640_pio.dir/C_/Users/08809/Desktop/RP2040/sdk/pico-sdk/src/common/pico_time/time.c.obj
 .text.alarm_pool_cancel_alarm
                0x10001bb4       0xa8 CMakeFiles/ov2640_pio.dir/C_/Users/08809/Desktop/RP2040/sdk/pico-sdk/src/common/pico_time/time.c.obj
                0x10001bb4                alarm_pool_cancel_alarm
 .text.cancel_alarm
                0x10001c5c       0x10 CMakeFiles/ov2640_pio.dir/C_/Users/08809/Desktop/RP2040/sdk/pico-sdk/src/common/pico_time/time.c.obj
 .text.alarm_pool_core_num
                0x10001c6c        0x4 CMakeFiles/ov2640_pio.dir/C_/Users/08809/Desktop/RP2040/sdk/pico-sdk/src/common/pico_time/time.c.obj
                0x10001c6c                alarm_pool_core_num
 .text.sleep_until
                0x10001c70       0xb0 CMakeFiles/ov2640_pio.dir/C_/Users/08809/Desktop/RP2040/sdk/pico-sdk/src/common/pico_time/time.c.obj
                0x10001c70                sleep_until
 .text.sleep_us
                0x10001d20       0x1a CMakeFiles/ov2640_pio.dir/C_/Users/08809/Desktop/RP2040/sdk/pico-sdk/src/common/pico_time/time.c.obj
                0x10001d20                sleep_us
 .text.sleep_ms
                0x10001d3a       0x14 CMakeFiles/ov2640_pio.dir/C_/Users/08809/Desktop/RP2040/sdk/pico-sdk/src/common/pico_time/time.c.obj
                0x10001d3a                sleep_ms
 *fill*         0x10001d4e        0x2 
 .text.best_effort_wfe_or_timeout
                0x10001d50       0x44 CMakeFiles/ov2640_pio.dir/C_/Users/08809/Desktop/RP2040/sdk/pico-sdk/src/common/pico_time/time.c.obj
                0x10001d50                best_effort_wfe_or_timeout
 .text.update_us_since_boot
                0x10001d94       0x24 CMakeFiles/ov2640_pio.dir/C_/Users/08809/Desktop/RP2040/sdk/pico-sdk/src/rp2_common/hardware_timer/timer.c.obj
 .text.hardware_alarm_irq_handler
                0x10001db8       0x8c CMakeFiles/ov2640_pio.dir/C_/Users/08809/Desktop/RP2040/sdk/pico-sdk/src/rp2_common/hardware_timer/timer.c.obj
 .text.hardware_alarm_claim
                0x10001e44       0x18 CMakeFiles/ov2640_pio.dir/C_/Users/08809/Desktop/RP2040/sdk/pico-sdk/src/rp2_common/hardware_timer/timer.c.obj
                0x10001e44                hardware_alarm_claim
 .text.time_us_64
                0x10001e5c       0x18 CMakeFiles/ov2640_pio.dir/C_/Users/08809/Desktop/RP2040/sdk/pico-sdk/src/rp2_common/hardware_timer/timer.c.obj
                0x10001e5c                time_us_64
 .text.busy_wait_until
                0x10001e74       0x28 CMakeFiles/ov2640_pio.dir/C_/Users/08809/Desktop/RP2040/sdk/pico-sdk/src/rp2_common/hardware_timer/timer.c.obj
                0x10001e74                busy_wait_until
 .text.busy_wait_us
                0x10001e9c       0x3a CMakeFiles/ov2640_pio.dir/C_/Users/08809/Desktop/RP2040/sdk/pico-sdk/src/rp2_common/hardware_timer/timer.c.obj
                0x10001e9c                busy_wait_us
 *fill*         0x10001ed6        0x2 
 .text.hardware_alarm_set_callback
                0x10001ed8       0x90 CMakeFiles/ov2640_pio.dir/C_/Users/08809/Desktop/RP2040/sdk/pico-sdk/src/rp2_common/hardware_timer/timer.c.obj
                0x10001ed8                hardware_alarm_set_callback
 .text.hardware_alarm_set_target
                0x10001f68       0xe8 CMakeFiles/ov2640_pio.dir/C_/Users/08809/Desktop/RP2040/sdk/pico-sdk/src/rp2_common/hardware_timer/timer.c.obj
                0x10001f68                hardware_alarm_set_target
 .text.hardware_alarm_cancel
                0x10002050       0x40 CMakeFiles/ov2640_pio.dir/C_/Users/08809/Desktop/RP2040/sdk/pico-sdk/src/rp2_common/hardware_timer/timer.c.obj
                0x10002050                hardware_alarm_cancel
 .text.ph_get_node
                0x10002090       0x30 CMakeFiles/ov2640_pio.dir/C_/Users/08809/Desktop/RP2040/sdk/pico-sdk/src/common/pico_util/pheap.c.obj
 .text.ph_add_child_node
                0x100020c0       0x6c CMakeFiles/ov2640_pio.dir/C_/Users/08809/Desktop/RP2040/sdk/pico-sdk/src/common/pico_util/pheap.c.obj
 .text.ph_merge_nodes
                0x1000212c       0x3e CMakeFiles/ov2640_pio.dir/C_/Users/08809/Desktop/RP2040/sdk/pico-sdk/src/common/pico_util/pheap.c.obj
 .text.ph_clear
                0x1000216a       0x34 CMakeFiles/ov2640_pio.dir/C_/Users/08809/Desktop/RP2040/sdk/pico-sdk/src/common/pico_util/pheap.c.obj
                0x1000216a                ph_clear
 .text.ph_post_alloc_init
                0x1000219e        0xe CMakeFiles/ov2640_pio.dir/C_/Users/08809/Desktop/RP2040/sdk/pico-sdk/src/common/pico_util/pheap.c.obj
                0x1000219e                ph_post_alloc_init
 .text.ph_merge_two_pass
                0x100021ac       0x5c CMakeFiles/ov2640_pio.dir/C_/Users/08809/Desktop/RP2040/sdk/pico-sdk/src/common/pico_util/pheap.c.obj
                0x100021ac                ph_merge_two_pass
 .text.ph_remove_any_head
                0x10002208       0xc0 CMakeFiles/ov2640_pio.dir/C_/Users/08809/Desktop/RP2040/sdk/pico-sdk/src/common/pico_util/pheap.c.obj
 .text.ph_remove_head
                0x100022c8       0x14 CMakeFiles/ov2640_pio.dir/C_/Users/08809/Desktop/RP2040/sdk/pico-sdk/src/common/pico_util/pheap.c.obj
                0x100022c8                ph_remove_head
 .text.ph_remove_and_free_node
                0x100022dc       0xa0 CMakeFiles/ov2640_pio.dir/C_/Users/08809/Desktop/RP2040/sdk/pico-sdk/src/common/pico_util/pheap.c.obj
                0x100022dc                ph_remove_and_free_node
 .text.uart_disable_before_lcr_write
                0x1000237c       0x48 CMakeFiles/ov2640_pio.dir/C_/Users/08809/Desktop/RP2040/sdk/pico-sdk/src/rp2_common/hardware_uart/uart.c.obj
 .text.uart_write_lcr_bits_masked
                0x100023c4       0x22 CMakeFiles/ov2640_pio.dir/C_/Users/08809/Desktop/RP2040/sdk/pico-sdk/src/rp2_common/hardware_uart/uart.c.obj
 *fill*         0x100023e6        0x2 
 .text.uart_set_baudrate
                0x100023e8       0x5c CMakeFiles/ov2640_pio.dir/C_/Users/08809/Desktop/RP2040/sdk/pico-sdk/src/rp2_common/hardware_uart/uart.c.obj
                0x100023e8                uart_set_baudrate
 .text.uart_set_format
                0x10002444       0x2c CMakeFiles/ov2640_pio.dir/C_/Users/08809/Desktop/RP2040/sdk/pico-sdk/src/rp2_common/hardware_uart/uart.c.obj
                0x10002444                uart_set_format
 .text.uart_set_translate_crlf
                0x10002470       0x28 CMakeFiles/ov2640_pio.dir/C_/Users/08809/Desktop/RP2040/sdk/pico-sdk/src/rp2_common/hardware_uart/uart.c.obj
                0x10002470                uart_set_translate_crlf
 .text.uart_init
                0x10002498       0x80 CMakeFiles/ov2640_pio.dir/C_/Users/08809/Desktop/RP2040/sdk/pico-sdk/src/rp2_common/hardware_uart/uart.c.obj
                0x10002498                uart_init
 .text.clock_configure
                0x10002518      0x108 CMakeFiles/ov2640_pio.dir/C_/Users/08809/Desktop/RP2040/sdk/pico-sdk/src/rp2_common/hardware_clocks/clocks.c.obj
                0x10002518                clock_configure
 .text.clocks_init
                0x10002620      0x100 CMakeFiles/ov2640_pio.dir/C_/Users/08809/Desktop/RP2040/sdk/pico-sdk/src/rp2_common/hardware_clocks/clocks.c.obj
                0x10002620                clocks_init
 .text.clock_get_hz
                0x10002720        0xc CMakeFiles/ov2640_pio.dir/C_/Users/08809/Desktop/RP2040/sdk/pico-sdk/src/rp2_common/hardware_clocks/clocks.c.obj
                0x10002720                clock_get_hz
 .text.pll_init
                0x1000272c      0x120 CMakeFiles/ov2640_pio.dir/C_/Users/08809/Desktop/RP2040/sdk/pico-sdk/src/rp2_common/hardware_pll/pll.c.obj
                0x1000272c                pll_init
 .text.watchdog_start_tick
                0x1000284c       0x10 CMakeFiles/ov2640_pio.dir/C_/Users/08809/Desktop/RP2040/sdk/pico-sdk/src/rp2_common/hardware_watchdog/watchdog.c.obj
                0x1000284c                watchdog_start_tick
 .text.xosc_init
                0x1000285c       0x28 CMakeFiles/ov2640_pio.dir/C_/Users/08809/Desktop/RP2040/sdk/pico-sdk/src/rp2_common/hardware_xosc/xosc.c.obj
                0x1000285c                xosc_init
 .text._exit    0x10002884        0x4 CMakeFiles/ov2640_pio.dir/C_/Users/08809/Desktop/RP2040/sdk/pico-sdk/src/rp2_common/pico_runtime/runtime.c.obj
                0x10002884                _exit
 .text.exit     0x10002888        0x6 CMakeFiles/ov2640_pio.dir/C_/Users/08809/Desktop/RP2040/sdk/pico-sdk/src/rp2_common/pico_runtime/runtime.c.obj
                0x10002888                exit
 *fill*         0x1000288e        0x2 
 .text.__assert_func
                0x10002890       0x38 CMakeFiles/ov2640_pio.dir/C_/Users/08809/Desktop/RP2040/sdk/pico-sdk/src/rp2_common/pico_runtime/runtime.c.obj
                0x10002890                __assert_func
 .text.runtime_init
                0x100028c8       0xf8 CMakeFiles/ov2640_pio.dir/C_/Users/08809/Desktop/RP2040/sdk/pico-sdk/src/rp2_common/pico_runtime/runtime.c.obj
                0x100028c8                runtime_init
 .text.panic    0x100029c0       0x30 CMakeFiles/ov2640_pio.dir/C_/Users/08809/Desktop/RP2040/sdk/pico-sdk/src/rp2_common/pico_runtime/runtime.c.obj
                0x100029c0                panic
 .text.panic_unsupported
                0x100029f0        0xc CMakeFiles/ov2640_pio.dir/C_/Users/08809/Desktop/RP2040/sdk/pico-sdk/src/rp2_common/pico_runtime/runtime.c.obj
                0x100029f0                panic_unsupported
 .text._out_null
                0x100029fc        0x2 CMakeFiles/ov2640_pio.dir/C_/Users/08809/Desktop/RP2040/sdk/pico-sdk/src/rp2_common/pico_printf/printf.c.obj
 .text._out_fct
                0x100029fe        0xe CMakeFiles/ov2640_pio.dir/C_/Users/08809/Desktop/RP2040/sdk/pico-sdk/src/rp2_common/pico_printf/printf.c.obj
 .text._atoi    0x10002a0c       0x24 CMakeFiles/ov2640_pio.dir/C_/Users/08809/Desktop/RP2040/sdk/pico-sdk/src/rp2_common/pico_printf/printf.c.obj
 .text._out_rev
                0x10002a30       0xae CMakeFiles/ov2640_pio.dir/C_/Users/08809/Desktop/RP2040/sdk/pico-sdk/src/rp2_common/pico_printf/printf.c.obj
 .text._ntoa_format
                0x10002ade      0x110 CMakeFiles/ov2640_pio.dir/C_/Users/08809/Desktop/RP2040/sdk/pico-sdk/src/rp2_common/pico_printf/printf.c.obj
 .text._ntoa_long
                0x10002bee       0xbc CMakeFiles/ov2640_pio.dir/C_/Users/08809/Desktop/RP2040/sdk/pico-sdk/src/rp2_common/pico_printf/printf.c.obj
 .text._ntoa_long_long
                0x10002caa      0x10e CMakeFiles/ov2640_pio.dir/C_/Users/08809/Desktop/RP2040/sdk/pico-sdk/src/rp2_common/pico_printf/printf.c.obj
 .text._etoa    0x10002db8      0x420 CMakeFiles/ov2640_pio.dir/C_/Users/08809/Desktop/RP2040/sdk/pico-sdk/src/rp2_common/pico_printf/printf.c.obj
 .text._ftoa    0x100031d8      0x354 CMakeFiles/ov2640_pio.dir/C_/Users/08809/Desktop/RP2040/sdk/pico-sdk/src/rp2_common/pico_printf/printf.c.obj
 .text._vsnprintf
                0x1000352c      0x65c CMakeFiles/ov2640_pio.dir/C_/Users/08809/Desktop/RP2040/sdk/pico-sdk/src/rp2_common/pico_printf/printf.c.obj
 .text.vfctprintf
                0x10003b88       0x20 CMakeFiles/ov2640_pio.dir/C_/Users/08809/Desktop/RP2040/sdk/pico-sdk/src/rp2_common/pico_printf/printf.c.obj
                0x10003b88                vfctprintf
 .text          0x10003ba8       0x10 CMakeFiles/ov2640_pio.dir/C_/Users/08809/Desktop/RP2040/sdk/pico-sdk/src/rp2_common/pico_bit_ops/bit_ops_aeabi.S.obj
 .text.ctzsi    0x10003bb8        0xc CMakeFiles/ov2640_pio.dir/C_/Users/08809/Desktop/RP2040/sdk/pico-sdk/src/rp2_common/pico_bit_ops/bit_ops_aeabi.S.obj
                0x10003bb8                __wrap___ctzsi2
 .text.rom_func_lookup
                0x10003bc4       0x10 CMakeFiles/ov2640_pio.dir/C_/Users/08809/Desktop/RP2040/sdk/pico-sdk/src/rp2_common/pico_bootrom/bootrom.c.obj
                0x10003bc4                rom_func_lookup
 .text.rom_data_lookup
                0x10003bd4       0x10 CMakeFiles/ov2640_pio.dir/C_/Users/08809/Desktop/RP2040/sdk/pico-sdk/src/rp2_common/pico_bootrom/bootrom.c.obj
                0x10003bd4                rom_data_lookup
 .text.rom_funcs_lookup
                0x10003be4       0x36 CMakeFiles/ov2640_pio.dir/C_/Users/08809/Desktop/RP2040/sdk/pico-sdk/src/rp2_common/pico_bootrom/bootrom.c.obj
                0x10003be4                rom_funcs_lookup
 *fill*         0x10003c1a        0x2 
 .text.__wrap___aeabi_idiv
                0x10003c1c       0x50 CMakeFiles/ov2640_pio.dir/C_/Users/08809/Desktop/RP2040/sdk/pico-sdk/src/rp2_common/pico_divider/divider.S.obj
                0x10003c1c                __wrap___aeabi_idivmod
                0x10003c1c                divmod_s32s32
                0x10003c1c                div_s32s32
                0x10003c1c                __wrap___aeabi_idiv
                0x10003c24                divmod_s32s32_unsafe
                0x10003c50                divmod_s32s32_savestate
 .text.__wrap___aeabi_uidiv
                0x10003c6c       0x4c CMakeFiles/ov2640_pio.dir/C_/Users/08809/Desktop/RP2040/sdk/pico-sdk/src/rp2_common/pico_divider/divider.S.obj
                0x10003c6c                __wrap___aeabi_uidiv
                0x10003c6c                __wrap___aeabi_uidivmod
                0x10003c6c                div_u32u32
                0x10003c6c                divmod_u32u32
                0x10003c74                divmod_u32u32_unsafe
                0x10003c9c                divmod_u32u32_savestate
 .text.__wrap___aeabi_ldiv
                0x10003cb8      0x424 CMakeFiles/ov2640_pio.dir/C_/Users/08809/Desktop/RP2040/sdk/pico-sdk/src/rp2_common/pico_divider/divider.S.obj
                0x10003cb8                div_s64s64
                0x10003cb8                divmod_s64s64
                0x10003cb8                __wrap___aeabi_ldivmod
                0x10003ce8                divmod_u64u64
                0x10003ce8                div_u64u64
                0x10003ce8                __wrap___aeabi_uldivmod
                0x10003cf8                divmod_u64u64_savestate
                0x10003d18                divmod_s64s64_unsafe
                0x10003da0                divmod_u64u64_unsafe
 .text.__wrap___aeabi_darithmetic
                0x100040dc       0x60 CMakeFiles/ov2640_pio.dir/C_/Users/08809/Desktop/RP2040/sdk/pico-sdk/src/rp2_common/pico_double/double_aeabi.S.obj
                0x100040dc                __wrap___aeabi_drsub
                0x100040e2                __wrap___aeabi_dsub
                0x100040ec                __wrap___aeabi_dadd
                0x100040f6                __wrap___aeabi_ddiv
                0x1000412a                __wrap___aeabi_dmul
 .text.__wrap___aeabi_cdcmple
                0x1000413c       0x6c CMakeFiles/ov2640_pio.dir/C_/Users/08809/Desktop/RP2040/sdk/pico-sdk/src/rp2_common/pico_double/double_aeabi.S.obj
                0x1000413c                __wrap___aeabi_cdrcmple
                0x1000414c                __wrap___aeabi_cdcmpeq
                0x1000414c                __wrap___aeabi_cdcmple
 .text.__wrap___aeabi_dcmplt
                0x100041a8        0xc CMakeFiles/ov2640_pio.dir/C_/Users/08809/Desktop/RP2040/sdk/pico-sdk/src/rp2_common/pico_double/double_aeabi.S.obj
                0x100041a8                __wrap___aeabi_dcmplt
 .text.__wrap___aeabi_dcmple
                0x100041b4       0x10 CMakeFiles/ov2640_pio.dir/C_/Users/08809/Desktop/RP2040/sdk/pico-sdk/src/rp2_common/pico_double/double_aeabi.S.obj
                0x100041b4                __wrap___aeabi_dcmple
 .text.__wrap___aeabi_dcmpge
                0x100041c4       0x10 CMakeFiles/ov2640_pio.dir/C_/Users/08809/Desktop/RP2040/sdk/pico-sdk/src/rp2_common/pico_double/double_aeabi.S.obj
                0x100041c4                __wrap___aeabi_dcmpge
 .text.__wrap___aeabi_dcmpgt
                0x100041d4        0xa CMakeFiles/ov2640_pio.dir/C_/Users/08809/Desktop/RP2040/sdk/pico-sdk/src/rp2_common/pico_double/double_aeabi.S.obj
                0x100041d4                __wrap___aeabi_dcmpgt
 .text.__wrap___aeabi_dcmpun
                0x100041de       0x1c CMakeFiles/ov2640_pio.dir/C_/Users/08809/Desktop/RP2040/sdk/pico-sdk/src/rp2_common/pico_double/double_aeabi.S.obj
                0x100041de                __wrap___aeabi_dcmpun
 *fill*         0x100041fa        0x2 
 .text.__wrap___aeabi_i2d
                0x100041fc       0x38 CMakeFiles/ov2640_pio.dir/C_/Users/08809/Desktop/RP2040/sdk/pico-sdk/src/rp2_common/pico_double/double_aeabi.S.obj
                0x100041fc                __wrap___aeabi_ui2d
                0x10004204                __wrap___aeabi_i2d
 .text.__wrap___aeabi_d2iz
                0x10004234       0x48 CMakeFiles/ov2640_pio.dir/C_/Users/08809/Desktop/RP2040/sdk/pico-sdk/src/rp2_common/pico_double/double_aeabi.S.obj
                0x10004234                double2int_z
                0x10004234                __wrap___aeabi_d2iz
 .text.__wrap___aeabi_d2uiz
                0x1000427c       0x10 CMakeFiles/ov2640_pio.dir/C_/Users/08809/Desktop/RP2040/sdk/pico-sdk/src/rp2_common/pico_double/double_aeabi.S.obj
                0x1000427c                __wrap___aeabi_d2uiz
                0x1000427c                double2uint
 .text.missing_double_func_shim
                0x1000428c        0xc CMakeFiles/ov2640_pio.dir/C_/Users/08809/Desktop/RP2040/sdk/pico-sdk/src/rp2_common/pico_double/double_init_rom.c.obj
 .text.__aeabi_double_init
                0x10004298       0xd0 CMakeFiles/ov2640_pio.dir/C_/Users/08809/Desktop/RP2040/sdk/pico-sdk/src/rp2_common/pico_double/double_init_rom.c.obj
                0x10004298                __aeabi_double_init
 .text.double_table_shim_on_use_helper
                0x10004368       0x34 CMakeFiles/ov2640_pio.dir/C_/Users/08809/Desktop/RP2040/sdk/pico-sdk/src/rp2_common/pico_double/double_v1_rom_shim.S.obj
                0x10004368                double_table_shim_on_use_helper
 .text.__aeabi_lmul
                0x1000439c       0x32 CMakeFiles/ov2640_pio.dir/C_/Users/08809/Desktop/RP2040/sdk/pico-sdk/src/rp2_common/pico_int64_ops/pico_int64_ops_aeabi.S.obj
                0x1000439c                __wrap___aeabi_lmul
 *fill*         0x100043ce        0x2 
 .text.missing_float_func_shim
                0x100043d0        0xc CMakeFiles/ov2640_pio.dir/C_/Users/08809/Desktop/RP2040/sdk/pico-sdk/src/rp2_common/pico_float/float_init_rom.c.obj
 .text.__aeabi_float_init
                0x100043dc       0x88 CMakeFiles/ov2640_pio.dir/C_/Users/08809/Desktop/RP2040/sdk/pico-sdk/src/rp2_common/pico_float/float_init_rom.c.obj
                0x100043dc                __aeabi_float_init
 .text          0x10004464       0x10 CMakeFiles/ov2640_pio.dir/C_/Users/08809/Desktop/RP2040/sdk/pico-sdk/src/rp2_common/pico_mem_ops/mem_ops_aeabi.S.obj
                0x10004464                __aeabi_mem_init
 .text.memset   0x10004474        0xc CMakeFiles/ov2640_pio.dir/C_/Users/08809/Desktop/RP2040/sdk/pico-sdk/src/rp2_common/pico_mem_ops/mem_ops_aeabi.S.obj
                0x10004474                __wrap_memset
 .text.memcpy   0x10004480        0xc CMakeFiles/ov2640_pio.dir/C_/Users/08809/Desktop/RP2040/sdk/pico-sdk/src/rp2_common/pico_mem_ops/mem_ops_aeabi.S.obj
                0x10004480                __wrap_memcpy
                0x10004480                __wrap___aeabi_memcpy
 .text.stdio_out_chars_no_crlf
                0x1000448c        0xe CMakeFiles/ov2640_pio.dir/C_/Users/08809/Desktop/RP2040/sdk/pico-sdk/src/rp2_common/pico_stdio/stdio.c.obj
 *fill*         0x1000449a        0x2 
 .text.stdio_out_chars_crlf
                0x1000449c       0x80 CMakeFiles/ov2640_pio.dir/C_/Users/08809/Desktop/RP2040/sdk/pico-sdk/src/rp2_common/pico_stdio/stdio.c.obj
 .text.stdio_stack_buffer_flush
                0x1000451c       0x44 CMakeFiles/ov2640_pio.dir/C_/Users/08809/Desktop/RP2040/sdk/pico-sdk/src/rp2_common/pico_stdio/stdio.c.obj
 .text.stdio_buffered_printer
                0x10004560       0x20 CMakeFiles/ov2640_pio.dir/C_/Users/08809/Desktop/RP2040/sdk/pico-sdk/src/rp2_common/pico_stdio/stdio.c.obj
 .text.update_us_since_boot
                0x10004580       0x24 CMakeFiles/ov2640_pio.dir/C_/Users/08809/Desktop/RP2040/sdk/pico-sdk/src/rp2_common/pico_stdio/stdio.c.obj
 .text.get_absolute_time
                0x100045a4       0x22 CMakeFiles/ov2640_pio.dir/C_/Users/08809/Desktop/RP2040/sdk/pico-sdk/src/rp2_common/pico_stdio/stdio.c.obj
 *fill*         0x100045c6        0x2 
 .text.delayed_by_ms
                0x100045c8       0x44 CMakeFiles/ov2640_pio.dir/C_/Users/08809/Desktop/RP2040/sdk/pico-sdk/src/rp2_common/pico_stdio/stdio.c.obj
 .text.make_timeout_time_ms
                0x1000460c       0x20 CMakeFiles/ov2640_pio.dir/C_/Users/08809/Desktop/RP2040/sdk/pico-sdk/src/rp2_common/pico_stdio/stdio.c.obj
 .text.stdout_serialize_begin
                0x1000462c       0x20 CMakeFiles/ov2640_pio.dir/C_/Users/08809/Desktop/RP2040/sdk/pico-sdk/src/rp2_common/pico_stdio/stdio.c.obj
                0x1000462c                stdout_serialize_begin
 .text.stdout_serialize_end
                0x1000464c       0x10 CMakeFiles/ov2640_pio.dir/C_/Users/08809/Desktop/RP2040/sdk/pico-sdk/src/rp2_common/pico_stdio/stdio.c.obj
                0x1000464c                stdout_serialize_end
 .text.stdio_put_string
                0x1000465c       0x98 CMakeFiles/ov2640_pio.dir/C_/Users/08809/Desktop/RP2040/sdk/pico-sdk/src/rp2_common/pico_stdio/stdio.c.obj
 .text.stdio_set_driver_enabled
                0x100046f4       0x2c CMakeFiles/ov2640_pio.dir/C_/Users/08809/Desktop/RP2040/sdk/pico-sdk/src/rp2_common/pico_stdio/stdio.c.obj
                0x100046f4                stdio_set_driver_enabled
 .text.stdio_flush
                0x10004720       0x20 CMakeFiles/ov2640_pio.dir/C_/Users/08809/Desktop/RP2040/sdk/pico-sdk/src/rp2_common/pico_stdio/stdio.c.obj
                0x10004720                stdio_flush
 .text.__wrap_puts
                0x10004740       0x1e CMakeFiles/ov2640_pio.dir/C_/Users/08809/Desktop/RP2040/sdk/pico-sdk/src/rp2_common/pico_stdio/stdio.c.obj
                0x10004740                __wrap_puts
 *fill*         0x1000475e        0x2 
 .text.__wrap_vprintf
                0x10004760       0x40 CMakeFiles/ov2640_pio.dir/C_/Users/08809/Desktop/RP2040/sdk/pico-sdk/src/rp2_common/pico_stdio/stdio.c.obj
                0x10004760                __wrap_vprintf
 .text.__wrap_printf
                0x100047a0       0x18 CMakeFiles/ov2640_pio.dir/C_/Users/08809/Desktop/RP2040/sdk/pico-sdk/src/rp2_common/pico_stdio/stdio.c.obj
                0x100047a0                __wrap_printf
 .text.stdio_init_all
                0x100047b8        0xa CMakeFiles/ov2640_pio.dir/C_/Users/08809/Desktop/RP2040/sdk/pico-sdk/src/rp2_common/pico_stdio/stdio.c.obj
                0x100047b8                stdio_init_all
 *fill*         0x100047c2        0x2 
 .text.uart_putc
                0x100047c4       0x60 CMakeFiles/ov2640_pio.dir/C_/Users/08809/Desktop/RP2040/sdk/pico-sdk/src/rp2_common/pico_stdio_uart/stdio_uart.c.obj
 .text.uart_getc
                0x10004824       0x24 CMakeFiles/ov2640_pio.dir/C_/Users/08809/Desktop/RP2040/sdk/pico-sdk/src/rp2_common/pico_stdio_uart/stdio_uart.c.obj
 .text.stdio_uart_out_chars
                0x10004848       0x20 CMakeFiles/ov2640_pio.dir/C_/Users/08809/Desktop/RP2040/sdk/pico-sdk/src/rp2_common/pico_stdio_uart/stdio_uart.c.obj
 .text.stdio_uart_in_chars
                0x10004868       0x5c CMakeFiles/ov2640_pio.dir/C_/Users/08809/Desktop/RP2040/sdk/pico-sdk/src/rp2_common/pico_stdio_uart/stdio_uart.c.obj
                0x10004868                stdio_uart_in_chars
 .text.on_uart_rx
                0x100048c4       0x28 CMakeFiles/ov2640_pio.dir/C_/Users/08809/Desktop/RP2040/sdk/pico-sdk/src/rp2_common/pico_stdio_uart/stdio_uart.c.obj
 .text.stdio_uart_set_chars_available_callback
                0x100048ec       0x8c CMakeFiles/ov2640_pio.dir/C_/Users/08809/Desktop/RP2040/sdk/pico-sdk/src/rp2_common/pico_stdio_uart/stdio_uart.c.obj
 .text.stdio_uart_init_full
                0x10004978       0x44 CMakeFiles/ov2640_pio.dir/C_/Users/08809/Desktop/RP2040/sdk/pico-sdk/src/rp2_common/pico_stdio_uart/stdio_uart.c.obj
                0x10004978                stdio_uart_init_full
 .text.stdio_uart_init
                0x100049bc       0x28 CMakeFiles/ov2640_pio.dir/C_/Users/08809/Desktop/RP2040/sdk/pico-sdk/src/rp2_common/pico_stdio_uart/stdio_uart.c.obj
                0x100049bc                stdio_uart_init
 .text.cyw43_arch_set_async_context
                0x100049e4        0xc CMakeFiles/ov2640_pio.dir/C_/Users/08809/Desktop/RP2040/sdk/pico-sdk/src/rp2_common/pico_cyw43_arch/cyw43_arch.c.obj
                0x100049e4                cyw43_arch_set_async_context
 .text.cyw43_arch_gpio_put
                0x100049f0       0x14 CMakeFiles/ov2640_pio.dir/C_/Users/08809/Desktop/RP2040/sdk/pico-sdk/src/rp2_common/pico_cyw43_arch/cyw43_arch.c.obj
                0x100049f0                cyw43_arch_gpio_put
 .text.cyw43_arch_async_context
                0x10004a04        0xc CMakeFiles/ov2640_pio.dir/C_/Users/08809/Desktop/RP2040/sdk/pico-sdk/src/rp2_common/pico_cyw43_arch/cyw43_arch.c.obj
                0x10004a04                cyw43_arch_async_context
 .text.cyw43_arch_init_default_async_context
                0x10004a10       0x20 CMakeFiles/ov2640_pio.dir/C_/Users/08809/Desktop/RP2040/sdk/pico-sdk/src/rp2_common/pico_cyw43_arch/cyw43_arch_threadsafe_background.c.obj
                0x10004a10                cyw43_arch_init_default_async_context
 .text.cyw43_arch_deinit
                0x10004a30       0x28 CMakeFiles/ov2640_pio.dir/C_/Users/08809/Desktop/RP2040/sdk/pico-sdk/src/rp2_common/pico_cyw43_arch/cyw43_arch_threadsafe_background.c.obj
                0x10004a30                cyw43_arch_deinit
 .text.cyw43_arch_init
                0x10004a58       0x36 CMakeFiles/ov2640_pio.dir/C_/Users/08809/Desktop/RP2040/sdk/pico-sdk/src/rp2_common/pico_cyw43_arch/cyw43_arch_threadsafe_background.c.obj
                0x10004a58                cyw43_arch_init
 *fill*         0x10004a8e        0x2 
 .text._retrieve_unique_id_on_boot
                0x10004a90       0x10 CMakeFiles/ov2640_pio.dir/C_/Users/08809/Desktop/RP2040/sdk/pico-sdk/src/rp2_common/pico_unique_id/unique_id.c.obj
 .text.pico_get_unique_board_id
                0x10004aa0       0x10 CMakeFiles/ov2640_pio.dir/C_/Users/08809/Desktop/RP2040/sdk/pico-sdk/src/rp2_common/pico_unique_id/unique_id.c.obj
                0x10004aa0                pico_get_unique_board_id
 .text.flash_get_unique_id
                0x10004ab0       0x46 CMakeFiles/ov2640_pio.dir/C_/Users/08809/Desktop/RP2040/sdk/pico-sdk/src/rp2_common/hardware_flash/flash.c.obj
                0x10004ab0                flash_get_unique_id
 .text.pio_get_default_sm_config
                0x10004af6       0x28 CMakeFiles/ov2640_pio.dir/C_/Users/08809/Desktop/RP2040/sdk/pico-sdk/src/rp2_common/pico_cyw43_driver/cyw43_bus_pio_spi.c.obj
 *fill*         0x10004b1e        0x2 
 .text.spi_gap01_sample0_program_get_default_config
                0x10004b20       0x3c CMakeFiles/ov2640_pio.dir/C_/Users/08809/Desktop/RP2040/sdk/pico-sdk/src/rp2_common/pico_cyw43_driver/cyw43_bus_pio_spi.c.obj
 .text.cs_set   0x10004b5c       0x1c CMakeFiles/ov2640_pio.dir/C_/Users/08809/Desktop/RP2040/sdk/pico-sdk/src/rp2_common/pico_cyw43_driver/cyw43_bus_pio_spi.c.obj
 .text.channel_config_set_chain_to
                0x10004b78       0x30 CMakeFiles/ov2640_pio.dir/C_/Users/08809/Desktop/RP2040/sdk/pico-sdk/src/rp2_common/pico_cyw43_driver/cyw43_bus_pio_spi.c.obj
 .text.dma_channel_get_default_config
                0x10004ba8       0x74 CMakeFiles/ov2640_pio.dir/C_/Users/08809/Desktop/RP2040/sdk/pico-sdk/src/rp2_common/pico_cyw43_driver/cyw43_bus_pio_spi.c.obj
 .text.channel_config_set_dreq
                0x10004c1c       0x30 CMakeFiles/ov2640_pio.dir/C_/Users/08809/Desktop/RP2040/sdk/pico-sdk/src/rp2_common/pico_cyw43_driver/cyw43_bus_pio_spi.c.obj
 .text.start_spi_comms
                0x10004c4c       0x2c CMakeFiles/ov2640_pio.dir/C_/Users/08809/Desktop/RP2040/sdk/pico-sdk/src/rp2_common/pico_cyw43_driver/cyw43_bus_pio_spi.c.obj
 .text.ns_delay
                0x10004c78       0x20 CMakeFiles/ov2640_pio.dir/C_/Users/08809/Desktop/RP2040/sdk/pico-sdk/src/rp2_common/pico_cyw43_driver/cyw43_bus_pio_spi.c.obj
 .text.stop_spi_comms
                0x10004c98       0x10 CMakeFiles/ov2640_pio.dir/C_/Users/08809/Desktop/RP2040/sdk/pico-sdk/src/rp2_common/pico_cyw43_driver/cyw43_bus_pio_spi.c.obj
 .text.cyw43_spi_deinit
                0x10004ca8       0x74 CMakeFiles/ov2640_pio.dir/C_/Users/08809/Desktop/RP2040/sdk/pico-sdk/src/rp2_common/pico_cyw43_driver/cyw43_bus_pio_spi.c.obj
                0x10004ca8                cyw43_spi_deinit
 .text.cyw43_spi_init
                0x10004d1c      0x234 CMakeFiles/ov2640_pio.dir/C_/Users/08809/Desktop/RP2040/sdk/pico-sdk/src/rp2_common/pico_cyw43_driver/cyw43_bus_pio_spi.c.obj
                0x10004d1c                cyw43_spi_init
 .text.cyw43_spi_transfer
                0x10004f50      0x568 CMakeFiles/ov2640_pio.dir/C_/Users/08809/Desktop/RP2040/sdk/pico-sdk/src/rp2_common/pico_cyw43_driver/cyw43_bus_pio_spi.c.obj
                0x10004f50                cyw43_spi_transfer
 .text._cyw43_read_reg
                0x100054b8       0x50 CMakeFiles/ov2640_pio.dir/C_/Users/08809/Desktop/RP2040/sdk/pico-sdk/src/rp2_common/pico_cyw43_driver/cyw43_bus_pio_spi.c.obj
 .text._cyw43_write_reg
                0x10005508       0x58 CMakeFiles/ov2640_pio.dir/C_/Users/08809/Desktop/RP2040/sdk/pico-sdk/src/rp2_common/pico_cyw43_driver/cyw43_bus_pio_spi.c.obj
 .text.cyw43_spi_gpio_setup
                0x10005560       0x3a CMakeFiles/ov2640_pio.dir/C_/Users/08809/Desktop/RP2040/sdk/pico-sdk/src/rp2_common/pico_cyw43_driver/cyw43_bus_pio_spi.c.obj
                0x10005560                cyw43_spi_gpio_setup
 .text.cyw43_spi_reset
                0x1000559a       0x28 CMakeFiles/ov2640_pio.dir/C_/Users/08809/Desktop/RP2040/sdk/pico-sdk/src/rp2_common/pico_cyw43_driver/cyw43_bus_pio_spi.c.obj
                0x1000559a                cyw43_spi_reset
 *fill*         0x100055c2        0x2 
 .text.read_reg_u32_swap
                0x100055c4       0x68 CMakeFiles/ov2640_pio.dir/C_/Users/08809/Desktop/RP2040/sdk/pico-sdk/src/rp2_common/pico_cyw43_driver/cyw43_bus_pio_spi.c.obj
                0x100055c4                read_reg_u32_swap
 .text.cyw43_read_reg_u32
                0x1000562c        0xa CMakeFiles/ov2640_pio.dir/C_/Users/08809/Desktop/RP2040/sdk/pico-sdk/src/rp2_common/pico_cyw43_driver/cyw43_bus_pio_spi.c.obj
                0x1000562c                cyw43_read_reg_u32
 .text.cyw43_read_reg_u16
                0x10005636        0xa CMakeFiles/ov2640_pio.dir/C_/Users/08809/Desktop/RP2040/sdk/pico-sdk/src/rp2_common/pico_cyw43_driver/cyw43_bus_pio_spi.c.obj
                0x10005636                cyw43_read_reg_u16
 .text.cyw43_read_reg_u8
                0x10005640        0xa CMakeFiles/ov2640_pio.dir/C_/Users/08809/Desktop/RP2040/sdk/pico-sdk/src/rp2_common/pico_cyw43_driver/cyw43_bus_pio_spi.c.obj
                0x10005640                cyw43_read_reg_u8
 *fill*         0x1000564a        0x2 
 .text.write_reg_u32_swap
                0x1000564c       0x34 CMakeFiles/ov2640_pio.dir/C_/Users/08809/Desktop/RP2040/sdk/pico-sdk/src/rp2_common/pico_cyw43_driver/cyw43_bus_pio_spi.c.obj
                0x1000564c                write_reg_u32_swap
 .text.cyw43_write_reg_u32
                0x10005680       0x10 CMakeFiles/ov2640_pio.dir/C_/Users/08809/Desktop/RP2040/sdk/pico-sdk/src/rp2_common/pico_cyw43_driver/cyw43_bus_pio_spi.c.obj
                0x10005680                cyw43_write_reg_u32
 .text.cyw43_write_reg_u16
                0x10005690       0x10 CMakeFiles/ov2640_pio.dir/C_/Users/08809/Desktop/RP2040/sdk/pico-sdk/src/rp2_common/pico_cyw43_driver/cyw43_bus_pio_spi.c.obj
                0x10005690                cyw43_write_reg_u16
 .text.cyw43_write_reg_u8
                0x100056a0       0x10 CMakeFiles/ov2640_pio.dir/C_/Users/08809/Desktop/RP2040/sdk/pico-sdk/src/rp2_common/pico_cyw43_driver/cyw43_bus_pio_spi.c.obj
                0x100056a0                cyw43_write_reg_u8
 .text.cyw43_read_bytes
                0x100056b0       0xfc CMakeFiles/ov2640_pio.dir/C_/Users/08809/Desktop/RP2040/sdk/pico-sdk/src/rp2_common/pico_cyw43_driver/cyw43_bus_pio_spi.c.obj
                0x100056b0                cyw43_read_bytes
 .text.cyw43_write_bytes
                0x100057ac      0x124 CMakeFiles/ov2640_pio.dir/C_/Users/08809/Desktop/RP2040/sdk/pico-sdk/src/rp2_common/pico_cyw43_driver/cyw43_bus_pio_spi.c.obj
                0x100057ac                cyw43_write_bytes
 .text.get_core_address
                0x100058d0       0x1c CMakeFiles/ov2640_pio.dir/C_/Users/08809/Desktop/RP2040/sdk/pico-sdk/lib/cyw43-driver/src/cyw43_ll.c.obj
 .text.sdpcm_process_rx_packet
                0x100058ec      0x180 CMakeFiles/ov2640_pio.dir/C_/Users/08809/Desktop/RP2040/sdk/pico-sdk/lib/cyw43-driver/src/cyw43_ll.c.obj
 .text.cyw43_ll_wifi_parse_scan_result
                0x10005a6c       0x9c CMakeFiles/ov2640_pio.dir/C_/Users/08809/Desktop/RP2040/sdk/pico-sdk/lib/cyw43-driver/src/cyw43_ll.c.obj
 .text.cyw43_ll_parse_async_event
                0x10005b08       0x8e CMakeFiles/ov2640_pio.dir/C_/Users/08809/Desktop/RP2040/sdk/pico-sdk/lib/cyw43-driver/src/cyw43_ll.c.obj
 *fill*         0x10005b96        0x2 
 .text.cyw43_kso_set
                0x10005b98       0x98 CMakeFiles/ov2640_pio.dir/C_/Users/08809/Desktop/RP2040/sdk/pico-sdk/lib/cyw43-driver/src/cyw43_ll.c.obj
 .text.cyw43_ll_bus_sleep_helper
                0x10005c30        0xe CMakeFiles/ov2640_pio.dir/C_/Users/08809/Desktop/RP2040/sdk/pico-sdk/lib/cyw43-driver/src/cyw43_ll.c.obj
 *fill*         0x10005c3e        0x2 
 .text.cyw43_read_reg
                0x10005c40       0x48 CMakeFiles/ov2640_pio.dir/C_/Users/08809/Desktop/RP2040/sdk/pico-sdk/lib/cyw43-driver/src/cyw43_ll.c.obj
 .text.cyw43_write_reg
                0x10005c88       0x4c CMakeFiles/ov2640_pio.dir/C_/Users/08809/Desktop/RP2040/sdk/pico-sdk/lib/cyw43-driver/src/cyw43_ll.c.obj
 .text.cyw43_set_backplane_window
                0x10005cd4       0x78 CMakeFiles/ov2640_pio.dir/C_/Users/08809/Desktop/RP2040/sdk/pico-sdk/lib/cyw43-driver/src/cyw43_ll.c.obj
 .text.cyw43_read_backplane
                0x10005d4c       0x30 CMakeFiles/ov2640_pio.dir/C_/Users/08809/Desktop/RP2040/sdk/pico-sdk/lib/cyw43-driver/src/cyw43_ll.c.obj
 .text.disable_device_core
                0x10005d7c       0x3c CMakeFiles/ov2640_pio.dir/C_/Users/08809/Desktop/RP2040/sdk/pico-sdk/lib/cyw43-driver/src/cyw43_ll.c.obj
 .text.device_core_is_up
                0x10005db8       0x4c CMakeFiles/ov2640_pio.dir/C_/Users/08809/Desktop/RP2040/sdk/pico-sdk/lib/cyw43-driver/src/cyw43_ll.c.obj
 .text.cyw43_write_backplane
                0x10005e04       0x34 CMakeFiles/ov2640_pio.dir/C_/Users/08809/Desktop/RP2040/sdk/pico-sdk/lib/cyw43-driver/src/cyw43_ll.c.obj
 .text.reset_device_core
                0x10005e38       0x74 CMakeFiles/ov2640_pio.dir/C_/Users/08809/Desktop/RP2040/sdk/pico-sdk/lib/cyw43-driver/src/cyw43_ll.c.obj
 .text.cyw43_download_resource
                0x10005eac      0x17c CMakeFiles/ov2640_pio.dir/C_/Users/08809/Desktop/RP2040/sdk/pico-sdk/lib/cyw43-driver/src/cyw43_ll.c.obj
 .text.cyw43_ll_init
                0x10006028       0x20 CMakeFiles/ov2640_pio.dir/C_/Users/08809/Desktop/RP2040/sdk/pico-sdk/lib/cyw43-driver/src/cyw43_ll.c.obj
                0x10006028                cyw43_ll_init
 .text.cyw43_ll_deinit
                0x10006048        0x8 CMakeFiles/ov2640_pio.dir/C_/Users/08809/Desktop/RP2040/sdk/pico-sdk/lib/cyw43-driver/src/cyw43_ll.c.obj
                0x10006048                cyw43_ll_deinit
 .text.cyw43_ll_bus_sleep
                0x10006050       0x34 CMakeFiles/ov2640_pio.dir/C_/Users/08809/Desktop/RP2040/sdk/pico-sdk/lib/cyw43-driver/src/cyw43_ll.c.obj
                0x10006050                cyw43_ll_bus_sleep
 .text.cyw43_ll_sdpcm_poll_device
                0x10006084      0x158 CMakeFiles/ov2640_pio.dir/C_/Users/08809/Desktop/RP2040/sdk/pico-sdk/lib/cyw43-driver/src/cyw43_ll.c.obj
 .text.cyw43_ll_process_packets
                0x100061dc       0x60 CMakeFiles/ov2640_pio.dir/C_/Users/08809/Desktop/RP2040/sdk/pico-sdk/lib/cyw43-driver/src/cyw43_ll.c.obj
                0x100061dc                cyw43_ll_process_packets
 .text.cyw43_sdpcm_send_common
                0x1000623c      0x104 CMakeFiles/ov2640_pio.dir/C_/Users/08809/Desktop/RP2040/sdk/pico-sdk/lib/cyw43-driver/src/cyw43_ll.c.obj
 .text.cyw43_send_ioctl
                0x10006340       0x56 CMakeFiles/ov2640_pio.dir/C_/Users/08809/Desktop/RP2040/sdk/pico-sdk/lib/cyw43-driver/src/cyw43_ll.c.obj
 *fill*         0x10006396        0x2 
 .text.cyw43_do_ioctl
                0x10006398       0xc0 CMakeFiles/ov2640_pio.dir/C_/Users/08809/Desktop/RP2040/sdk/pico-sdk/lib/cyw43-driver/src/cyw43_ll.c.obj
 .text.cyw43_ll_ioctl
                0x10006458       0x1e CMakeFiles/ov2640_pio.dir/C_/Users/08809/Desktop/RP2040/sdk/pico-sdk/lib/cyw43-driver/src/cyw43_ll.c.obj
                0x10006458                cyw43_ll_ioctl
 *fill*         0x10006476        0x2 
 .text.cyw43_clm_load
                0x10006478       0xdc CMakeFiles/ov2640_pio.dir/C_/Users/08809/Desktop/RP2040/sdk/pico-sdk/lib/cyw43-driver/src/cyw43_ll.c.obj
 .text.cyw43_write_iovar_u32
                0x10006554       0x60 CMakeFiles/ov2640_pio.dir/C_/Users/08809/Desktop/RP2040/sdk/pico-sdk/lib/cyw43-driver/src/cyw43_ll.c.obj
 .text.cyw43_write_iovar_n
                0x100065b4       0x50 CMakeFiles/ov2640_pio.dir/C_/Users/08809/Desktop/RP2040/sdk/pico-sdk/lib/cyw43-driver/src/cyw43_ll.c.obj
 .text.cyw43_set_ioctl_u32
                0x10006604       0x30 CMakeFiles/ov2640_pio.dir/C_/Users/08809/Desktop/RP2040/sdk/pico-sdk/lib/cyw43-driver/src/cyw43_ll.c.obj
 .text.cyw43_write_iovar_u32_u32
                0x10006634       0x74 CMakeFiles/ov2640_pio.dir/C_/Users/08809/Desktop/RP2040/sdk/pico-sdk/lib/cyw43-driver/src/cyw43_ll.c.obj
 .text.cyw43_ll_wifi_get_mac
                0x100066a8       0x44 CMakeFiles/ov2640_pio.dir/C_/Users/08809/Desktop/RP2040/sdk/pico-sdk/lib/cyw43-driver/src/cyw43_ll.c.obj
                0x100066a8                cyw43_ll_wifi_get_mac
 .text.cyw43_ll_bus_init
                0x100066ec      0x360 CMakeFiles/ov2640_pio.dir/C_/Users/08809/Desktop/RP2040/sdk/pico-sdk/lib/cyw43-driver/src/cyw43_ll.c.obj
                0x100066ec                cyw43_ll_bus_init
 .text.cyw43_ll_wifi_set_wpa_auth
                0x10006a4c        0xe CMakeFiles/ov2640_pio.dir/C_/Users/08809/Desktop/RP2040/sdk/pico-sdk/lib/cyw43-driver/src/cyw43_ll.c.obj
                0x10006a4c                cyw43_ll_wifi_set_wpa_auth
 *fill*         0x10006a5a        0x2 
 .text.cyw43_ll_wifi_rejoin
                0x10006a5c       0x20 CMakeFiles/ov2640_pio.dir/C_/Users/08809/Desktop/RP2040/sdk/pico-sdk/lib/cyw43-driver/src/cyw43_ll.c.obj
                0x10006a5c                cyw43_ll_wifi_rejoin
 .text.cyw43_ll_gpio_set
                0x10006a7c       0x30 CMakeFiles/ov2640_pio.dir/C_/Users/08809/Desktop/RP2040/sdk/pico-sdk/lib/cyw43-driver/src/cyw43_ll.c.obj
                0x10006a7c                cyw43_ll_gpio_set
 .text.cyw43_ll_has_work
                0x10006aac       0x12 CMakeFiles/ov2640_pio.dir/C_/Users/08809/Desktop/RP2040/sdk/pico-sdk/lib/cyw43-driver/src/cyw43_ll.c.obj
                0x10006aac                cyw43_ll_has_work
 .text.to_ms_since_boot
                0x10006abe       0x1c CMakeFiles/ov2640_pio.dir/C_/Users/08809/Desktop/RP2040/sdk/pico-sdk/lib/cyw43-driver/src/cyw43_ctrl.c.obj
 *fill*         0x10006ada        0x2 
 .text.update_us_since_boot
                0x10006adc       0x24 CMakeFiles/ov2640_pio.dir/C_/Users/08809/Desktop/RP2040/sdk/pico-sdk/lib/cyw43-driver/src/cyw43_ctrl.c.obj
 .text.cyw43_poll_func
                0x10006b00       0xac CMakeFiles/ov2640_pio.dir/C_/Users/08809/Desktop/RP2040/sdk/pico-sdk/lib/cyw43-driver/src/cyw43_ctrl.c.obj
 .text.get_absolute_time
                0x10006bac       0x22 CMakeFiles/ov2640_pio.dir/C_/Users/08809/Desktop/RP2040/sdk/pico-sdk/lib/cyw43-driver/src/cyw43_ctrl.c.obj
 .text.cyw43_hal_ticks_ms
                0x10006bce       0x16 CMakeFiles/ov2640_pio.dir/C_/Users/08809/Desktop/RP2040/sdk/pico-sdk/lib/cyw43-driver/src/cyw43_ctrl.c.obj
 .text.cyw43_dump_async_event
                0x10006be4       0x58 CMakeFiles/ov2640_pio.dir/C_/Users/08809/Desktop/RP2040/sdk/pico-sdk/lib/cyw43-driver/src/cyw43_ctrl.c.obj
 .text.cyw43_ensure_up
                0x10006c3c       0xec CMakeFiles/ov2640_pio.dir/C_/Users/08809/Desktop/RP2040/sdk/pico-sdk/lib/cyw43-driver/src/cyw43_ctrl.c.obj
 .text.cyw43_init
                0x10006d28       0x8c CMakeFiles/ov2640_pio.dir/C_/Users/08809/Desktop/RP2040/sdk/pico-sdk/lib/cyw43-driver/src/cyw43_ctrl.c.obj
                0x10006d28                cyw43_init
 .text.cyw43_deinit
                0x10006db4       0x3c CMakeFiles/ov2640_pio.dir/C_/Users/08809/Desktop/RP2040/sdk/pico-sdk/lib/cyw43-driver/src/cyw43_ctrl.c.obj
                0x10006db4                cyw43_deinit
 .text.cyw43_cb_read_host_interrupt_pin
                0x10006df0        0xe CMakeFiles/ov2640_pio.dir/C_/Users/08809/Desktop/RP2040/sdk/pico-sdk/lib/cyw43-driver/src/cyw43_ctrl.c.obj
                0x10006df0                cyw43_cb_read_host_interrupt_pin
 *fill*         0x10006dfe        0x2 
 .text.cyw43_cb_ensure_awake
                0x10006e00        0xc CMakeFiles/ov2640_pio.dir/C_/Users/08809/Desktop/RP2040/sdk/pico-sdk/lib/cyw43-driver/src/cyw43_ctrl.c.obj
                0x10006e00                cyw43_cb_ensure_awake
 .text.cyw43_cb_process_async_event
                0x10006e0c      0x1b0 CMakeFiles/ov2640_pio.dir/C_/Users/08809/Desktop/RP2040/sdk/pico-sdk/lib/cyw43-driver/src/cyw43_ctrl.c.obj
                0x10006e0c                cyw43_cb_process_async_event
 .text.cyw43_gpio_set
                0x10006fbc       0x30 CMakeFiles/ov2640_pio.dir/C_/Users/08809/Desktop/RP2040/sdk/pico-sdk/lib/cyw43-driver/src/cyw43_ctrl.c.obj
                0x10006fbc                cyw43_gpio_set
 .text.pio_get_default_sm_config
                0x10006fec       0x28 CMakeFiles/ov2640_pio.dir/C_/Users/08809/Desktop/RP2040/sdk/pico-sdk/src/rp2_common/hardware_pio/pio.c.obj
 .text._pio_can_add_program_at_offset
                0x10007014       0x3c CMakeFiles/ov2640_pio.dir/C_/Users/08809/Desktop/RP2040/sdk/pico-sdk/src/rp2_common/hardware_pio/pio.c.obj
 .text._pio_find_offset_for_program
                0x10007050       0x7c CMakeFiles/ov2640_pio.dir/C_/Users/08809/Desktop/RP2040/sdk/pico-sdk/src/rp2_common/hardware_pio/pio.c.obj
 .text._pio_add_program_at_offset
                0x100070cc       0x7c CMakeFiles/ov2640_pio.dir/C_/Users/08809/Desktop/RP2040/sdk/pico-sdk/src/rp2_common/hardware_pio/pio.c.obj
 .text.pio_sm_unclaim
                0x10007148       0x20 CMakeFiles/ov2640_pio.dir/C_/Users/08809/Desktop/RP2040/sdk/pico-sdk/src/rp2_common/hardware_pio/pio.c.obj
                0x10007148                pio_sm_unclaim
 .text.pio_claim_unused_sm
                0x10007168       0x3c CMakeFiles/ov2640_pio.dir/C_/Users/08809/Desktop/RP2040/sdk/pico-sdk/src/rp2_common/hardware_pio/pio.c.obj
                0x10007168                pio_claim_unused_sm
 .text.pio_can_add_program
                0x100071a4       0x26 CMakeFiles/ov2640_pio.dir/C_/Users/08809/Desktop/RP2040/sdk/pico-sdk/src/rp2_common/hardware_pio/pio.c.obj
                0x100071a4                pio_can_add_program
 *fill*         0x100071ca        0x2 
 .text.pio_add_program
                0x100071cc       0x38 CMakeFiles/ov2640_pio.dir/C_/Users/08809/Desktop/RP2040/sdk/pico-sdk/src/rp2_common/hardware_pio/pio.c.obj
                0x100071cc                pio_add_program
 .text.pio_remove_program
                0x10007204       0x58 CMakeFiles/ov2640_pio.dir/C_/Users/08809/Desktop/RP2040/sdk/pico-sdk/src/rp2_common/hardware_pio/pio.c.obj
                0x10007204                pio_remove_program
 .text.pio_sm_set_pindirs_with_mask
                0x1000725c       0x9c CMakeFiles/ov2640_pio.dir/C_/Users/08809/Desktop/RP2040/sdk/pico-sdk/src/rp2_common/hardware_pio/pio.c.obj
                0x1000725c                pio_sm_set_pindirs_with_mask
 .text.pio_sm_set_consecutive_pindirs
                0x100072f8       0xa4 CMakeFiles/ov2640_pio.dir/C_/Users/08809/Desktop/RP2040/sdk/pico-sdk/src/rp2_common/hardware_pio/pio.c.obj
                0x100072f8                pio_sm_set_consecutive_pindirs
 .text.pio_sm_init
                0x1000739c       0xb0 CMakeFiles/ov2640_pio.dir/C_/Users/08809/Desktop/RP2040/sdk/pico-sdk/src/rp2_common/hardware_pio/pio.c.obj
                0x1000739c                pio_sm_init
 .text.dma_channel_unclaim
                0x1000744c       0x14 CMakeFiles/ov2640_pio.dir/C_/Users/08809/Desktop/RP2040/sdk/pico-sdk/src/rp2_common/hardware_dma/dma.c.obj
                0x1000744c                dma_channel_unclaim
 .text.dma_claim_unused_channel
                0x10007460       0x24 CMakeFiles/ov2640_pio.dir/C_/Users/08809/Desktop/RP2040/sdk/pico-sdk/src/rp2_common/hardware_dma/dma.c.obj
                0x10007460                dma_claim_unused_channel
 .text.dma_channel_cleanup
                0x10007484       0x5c CMakeFiles/ov2640_pio.dir/C_/Users/08809/Desktop/RP2040/sdk/pico-sdk/src/rp2_common/hardware_dma/dma.c.obj
                0x10007484                dma_channel_cleanup
 .text.cyw43_sleep_timeout_reached
                0x100074e0       0x50 CMakeFiles/ov2640_pio.dir/C_/Users/08809/Desktop/RP2040/sdk/pico-sdk/src/rp2_common/pico_cyw43_driver/cyw43_driver.c.obj
 .text.update_us_since_boot
                0x10007530       0x24 CMakeFiles/ov2640_pio.dir/C_/Users/08809/Desktop/RP2040/sdk/pico-sdk/src/rp2_common/pico_cyw43_driver/cyw43_driver.c.obj
 .text.delayed_by_ms
                0x10007554       0x44 CMakeFiles/ov2640_pio.dir/C_/Users/08809/Desktop/RP2040/sdk/pico-sdk/src/rp2_common/pico_cyw43_driver/cyw43_driver.c.obj
 .text.delayed_by_us
                0x10007598       0x34 CMakeFiles/ov2640_pio.dir/C_/Users/08809/Desktop/RP2040/sdk/pico-sdk/src/rp2_common/pico_cyw43_driver/cyw43_driver.c.obj
 .text.get_absolute_time
                0x100075cc       0x22 CMakeFiles/ov2640_pio.dir/C_/Users/08809/Desktop/RP2040/sdk/pico-sdk/src/rp2_common/pico_cyw43_driver/cyw43_driver.c.obj
 .text.make_timeout_time_ms
                0x100075ee       0x20 CMakeFiles/ov2640_pio.dir/C_/Users/08809/Desktop/RP2040/sdk/pico-sdk/src/rp2_common/pico_cyw43_driver/cyw43_driver.c.obj
 .text.async_context_add_at_time_worker_in_ms
                0x1000760e       0x26 CMakeFiles/ov2640_pio.dir/C_/Users/08809/Desktop/RP2040/sdk/pico-sdk/src/rp2_common/pico_cyw43_driver/cyw43_driver.c.obj
 .text.cyw43_do_poll
                0x10007634       0x74 CMakeFiles/ov2640_pio.dir/C_/Users/08809/Desktop/RP2040/sdk/pico-sdk/src/rp2_common/pico_cyw43_driver/cyw43_driver.c.obj
 .text.make_timeout_time_us
                0x100076a8       0x24 CMakeFiles/ov2640_pio.dir/C_/Users/08809/Desktop/RP2040/sdk/pico-sdk/src/rp2_common/pico_cyw43_driver/cyw43_driver.c.obj
 .text.cyw43_set_irq_enabled
                0x100076cc        0xe CMakeFiles/ov2640_pio.dir/C_/Users/08809/Desktop/RP2040/sdk/pico-sdk/src/rp2_common/pico_cyw43_driver/cyw43_driver.c.obj
 *fill*         0x100076da        0x2 
 .text.cyw43_irq_init
                0x100076dc       0x50 CMakeFiles/ov2640_pio.dir/C_/Users/08809/Desktop/RP2040/sdk/pico-sdk/src/rp2_common/pico_cyw43_driver/cyw43_driver.c.obj
                0x100076dc                cyw43_irq_init
 .text.cyw43_gpio_irq_handler
                0x1000772c       0x40 CMakeFiles/ov2640_pio.dir/C_/Users/08809/Desktop/RP2040/sdk/pico-sdk/src/rp2_common/pico_cyw43_driver/cyw43_driver.c.obj
 .text.cyw43_irq_deinit
                0x1000776c       0x48 CMakeFiles/ov2640_pio.dir/C_/Users/08809/Desktop/RP2040/sdk/pico-sdk/src/rp2_common/pico_cyw43_driver/cyw43_driver.c.obj
                0x1000776c                cyw43_irq_deinit
 .text.no_lwip_fail
                0x100077b4        0xc CMakeFiles/ov2640_pio.dir/C_/Users/08809/Desktop/RP2040/sdk/pico-sdk/src/rp2_common/pico_cyw43_driver/cyw43_driver.c.obj
 .text.cyw43_post_poll_hook
                0x100077c0       0x38 CMakeFiles/ov2640_pio.dir/C_/Users/08809/Desktop/RP2040/sdk/pico-sdk/src/rp2_common/pico_cyw43_driver/cyw43_driver.c.obj
                0x100077c0                cyw43_post_poll_hook
 .text.cyw43_schedule_internal_poll_dispatch
                0x100077f8       0x3c CMakeFiles/ov2640_pio.dir/C_/Users/08809/Desktop/RP2040/sdk/pico-sdk/src/rp2_common/pico_cyw43_driver/cyw43_driver.c.obj
                0x100077f8                cyw43_schedule_internal_poll_dispatch
 .text.cyw43_driver_init
                0x10007834       0x38 CMakeFiles/ov2640_pio.dir/C_/Users/08809/Desktop/RP2040/sdk/pico-sdk/src/rp2_common/pico_cyw43_driver/cyw43_driver.c.obj
                0x10007834                cyw43_driver_init
 .text.cyw43_driver_deinit
                0x1000786c       0x64 CMakeFiles/ov2640_pio.dir/C_/Users/08809/Desktop/RP2040/sdk/pico-sdk/src/rp2_common/pico_cyw43_driver/cyw43_driver.c.obj
                0x1000786c                cyw43_driver_deinit
 .text.storage_read_blocks
                0x100078d0        0x6 CMakeFiles/ov2640_pio.dir/C_/Users/08809/Desktop/RP2040/sdk/pico-sdk/src/rp2_common/pico_cyw43_driver/cyw43_driver.c.obj
                0x100078d0                storage_read_blocks
 *fill*         0x100078d6        0x2 
 .text.cyw43_hal_generate_laa_mac
                0x100078d8       0x34 CMakeFiles/ov2640_pio.dir/C_/Users/08809/Desktop/RP2040/sdk/pico-sdk/src/rp2_common/pico_cyw43_driver/cyw43_driver.c.obj
                0x100078d8                cyw43_hal_generate_laa_mac
 .text.cyw43_thread_enter
                0x1000790c       0x14 CMakeFiles/ov2640_pio.dir/C_/Users/08809/Desktop/RP2040/sdk/pico-sdk/src/rp2_common/pico_cyw43_driver/cyw43_driver.c.obj
                0x1000790c                cyw43_thread_enter
 .text.cyw43_thread_exit
                0x10007920       0x14 CMakeFiles/ov2640_pio.dir/C_/Users/08809/Desktop/RP2040/sdk/pico-sdk/src/rp2_common/pico_cyw43_driver/cyw43_driver.c.obj
                0x10007920                cyw43_thread_exit
 .text.cyw43_thread_lock_check
                0x10007934       0x14 CMakeFiles/ov2640_pio.dir/C_/Users/08809/Desktop/RP2040/sdk/pico-sdk/src/rp2_common/pico_cyw43_driver/cyw43_driver.c.obj
                0x10007934                cyw43_thread_lock_check
 .text.cyw43_await_background_or_timeout_us
                0x10007948       0x28 CMakeFiles/ov2640_pio.dir/C_/Users/08809/Desktop/RP2040/sdk/pico-sdk/src/rp2_common/pico_cyw43_driver/cyw43_driver.c.obj
                0x10007948                cyw43_await_background_or_timeout_us
 .text.cyw43_delay_ms
                0x10007970       0x24 CMakeFiles/ov2640_pio.dir/C_/Users/08809/Desktop/RP2040/sdk/pico-sdk/src/rp2_common/pico_cyw43_driver/cyw43_driver.c.obj
                0x10007970                cyw43_delay_ms
 .text.cyw43_cb_tcpip_deinit
                0x10007994        0x2 CMakeFiles/ov2640_pio.dir/C_/Users/08809/Desktop/RP2040/sdk/pico-sdk/src/rp2_common/pico_cyw43_driver/cyw43_driver.c.obj
                0x10007994                cyw43_cb_tcpip_deinit
 .text.cyw43_cb_tcpip_set_link_up
                0x10007996        0x6 CMakeFiles/ov2640_pio.dir/C_/Users/08809/Desktop/RP2040/sdk/pico-sdk/src/rp2_common/pico_cyw43_driver/cyw43_driver.c.obj
                0x10007996                cyw43_cb_tcpip_set_link_up
 .text.cyw43_cb_tcpip_set_link_down
                0x1000799c        0x6 CMakeFiles/ov2640_pio.dir/C_/Users/08809/Desktop/RP2040/sdk/pico-sdk/src/rp2_common/pico_cyw43_driver/cyw43_driver.c.obj
                0x1000799c                cyw43_cb_tcpip_set_link_down
 .text.cyw43_cb_process_ethernet
                0x100079a2        0x6 CMakeFiles/ov2640_pio.dir/C_/Users/08809/Desktop/RP2040/sdk/pico-sdk/src/rp2_common/pico_cyw43_driver/cyw43_driver.c.obj
                0x100079a2                cyw43_cb_process_ethernet
 .text.is_at_the_end_of_time
                0x100079a8       0x1c CMakeFiles/ov2640_pio.dir/C_/Users/08809/Desktop/RP2040/sdk/pico-sdk/src/rp2_common/pico_async_context/async_context_threadsafe_background.c.obj
 .text.async_context_threadsafe_background_acquire_lock_blocking
                0x100079c4        0xa CMakeFiles/ov2640_pio.dir/C_/Users/08809/Desktop/RP2040/sdk/pico-sdk/src/rp2_common/pico_async_context/async_context_threadsafe_background.c.obj
 *fill*         0x100079ce        0x2 
 .text.update_us_since_boot
                0x100079d0       0x24 CMakeFiles/ov2640_pio.dir/C_/Users/08809/Desktop/RP2040/sdk/pico-sdk/src/rp2_common/pico_async_context/async_context_threadsafe_background.c.obj
 .text.async_context_threadsafe_background_wake_up
                0x100079f4       0x16 CMakeFiles/ov2640_pio.dir/C_/Users/08809/Desktop/RP2040/sdk/pico-sdk/src/rp2_common/pico_async_context/async_context_threadsafe_background.c.obj
 .text.alarm_handler
                0x10007a0a       0x14 CMakeFiles/ov2640_pio.dir/C_/Users/08809/Desktop/RP2040/sdk/pico-sdk/src/rp2_common/pico_async_context/async_context_threadsafe_background.c.obj
 .text.async_context_threadsafe_background_set_work_pending
                0x10007a1e        0xc CMakeFiles/ov2640_pio.dir/C_/Users/08809/Desktop/RP2040/sdk/pico-sdk/src/rp2_common/pico_async_context/async_context_threadsafe_background.c.obj
 *fill*         0x10007a2a        0x2 
 .text.async_context_threadsafe_background_lock_check
                0x10007a2c       0x2c CMakeFiles/ov2640_pio.dir/C_/Users/08809/Desktop/RP2040/sdk/pico-sdk/src/rp2_common/pico_async_context/async_context_threadsafe_background.c.obj
 .text.get_absolute_time
                0x10007a58       0x22 CMakeFiles/ov2640_pio.dir/C_/Users/08809/Desktop/RP2040/sdk/pico-sdk/src/rp2_common/pico_async_context/async_context_threadsafe_background.c.obj
 *fill*         0x10007a7a        0x2 
 .text.process_under_lock
                0x10007a7c       0xe0 CMakeFiles/ov2640_pio.dir/C_/Users/08809/Desktop/RP2040/sdk/pico-sdk/src/rp2_common/pico_async_context/async_context_threadsafe_background.c.obj
 .text.lock_release
                0x10007b5c       0x1e CMakeFiles/ov2640_pio.dir/C_/Users/08809/Desktop/RP2040/sdk/pico-sdk/src/rp2_common/pico_async_context/async_context_threadsafe_background.c.obj
 .text.async_context_threadsafe_background_execute_sync
                0x10007b7a       0x1e CMakeFiles/ov2640_pio.dir/C_/Users/08809/Desktop/RP2040/sdk/pico-sdk/src/rp2_common/pico_async_context/async_context_threadsafe_background.c.obj
                0x10007b7a                async_context_threadsafe_background_execute_sync
 .text.async_context_threadsafe_background_release_lock
                0x10007b98        0x8 CMakeFiles/ov2640_pio.dir/C_/Users/08809/Desktop/RP2040/sdk/pico-sdk/src/rp2_common/pico_async_context/async_context_threadsafe_background.c.obj
 .text.low_prio_irq_deinit
                0x10007ba0       0x50 CMakeFiles/ov2640_pio.dir/C_/Users/08809/Desktop/RP2040/sdk/pico-sdk/src/rp2_common/pico_async_context/async_context_threadsafe_background.c.obj
 .text.async_context_threadsafe_background_deinit
                0x10007bf0       0x58 CMakeFiles/ov2640_pio.dir/C_/Users/08809/Desktop/RP2040/sdk/pico-sdk/src/rp2_common/pico_async_context/async_context_threadsafe_background.c.obj
 .text.low_priority_irq_handler
                0x10007c48       0x78 CMakeFiles/ov2640_pio.dir/C_/Users/08809/Desktop/RP2040/sdk/pico-sdk/src/rp2_common/pico_async_context/async_context_threadsafe_background.c.obj
 .text.async_context_threadsafe_background_wait_for_work_until
                0x10007cc0        0xa CMakeFiles/ov2640_pio.dir/C_/Users/08809/Desktop/RP2040/sdk/pico-sdk/src/rp2_common/pico_async_context/async_context_threadsafe_background.c.obj
 .text.async_context_threadsafe_background_wait_until
                0x10007cca       0x1a CMakeFiles/ov2640_pio.dir/C_/Users/08809/Desktop/RP2040/sdk/pico-sdk/src/rp2_common/pico_async_context/async_context_threadsafe_background.c.obj
 .text.async_context_threadsafe_background_when_pending_worker
                0x10007ce4       0x20 CMakeFiles/ov2640_pio.dir/C_/Users/08809/Desktop/RP2040/sdk/pico-sdk/src/rp2_common/pico_async_context/async_context_threadsafe_background.c.obj
 .text.async_context_threadsafe_background_add_when_pending_worker
                0x10007d04       0x20 CMakeFiles/ov2640_pio.dir/C_/Users/08809/Desktop/RP2040/sdk/pico-sdk/src/rp2_common/pico_async_context/async_context_threadsafe_background.c.obj
 .text.async_context_threadsafe_background_remove_at_time_worker
                0x10007d24       0x20 CMakeFiles/ov2640_pio.dir/C_/Users/08809/Desktop/RP2040/sdk/pico-sdk/src/rp2_common/pico_async_context/async_context_threadsafe_background.c.obj
 .text.async_context_threadsafe_background_add_at_time_worker
                0x10007d44       0x20 CMakeFiles/ov2640_pio.dir/C_/Users/08809/Desktop/RP2040/sdk/pico-sdk/src/rp2_common/pico_async_context/async_context_threadsafe_background.c.obj
 .text.low_prio_irq_init
                0x10007d64       0x84 CMakeFiles/ov2640_pio.dir/C_/Users/08809/Desktop/RP2040/sdk/pico-sdk/src/rp2_common/pico_async_context/async_context_threadsafe_background.c.obj
 .text.async_context_threadsafe_background_default_config
                0x10007de8        0xa CMakeFiles/ov2640_pio.dir/C_/Users/08809/Desktop/RP2040/sdk/pico-sdk/src/rp2_common/pico_async_context/async_context_threadsafe_background.c.obj
                0x10007de8                async_context_threadsafe_background_default_config
 *fill*         0x10007df2        0x2 
 .text.async_context_threadsafe_background_init
                0x10007df4       0x74 CMakeFiles/ov2640_pio.dir/C_/Users/08809/Desktop/RP2040/sdk/pico-sdk/src/rp2_common/pico_async_context/async_context_threadsafe_background.c.obj
                0x10007df4                async_context_threadsafe_background_init
 .text.is_at_the_end_of_time
                0x10007e68       0x1c CMakeFiles/ov2640_pio.dir/C_/Users/08809/Desktop/RP2040/sdk/pico-sdk/src/rp2_common/pico_async_context/async_context_base.c.obj
 .text.update_us_since_boot
                0x10007e84       0x24 CMakeFiles/ov2640_pio.dir/C_/Users/08809/Desktop/RP2040/sdk/pico-sdk/src/rp2_common/pico_async_context/async_context_base.c.obj
 .text.get_absolute_time
                0x10007ea8       0x22 CMakeFiles/ov2640_pio.dir/C_/Users/08809/Desktop/RP2040/sdk/pico-sdk/src/rp2_common/pico_async_context/async_context_base.c.obj
 .text.async_context_base_add_at_time_worker
                0x10007eca       0x1c CMakeFiles/ov2640_pio.dir/C_/Users/08809/Desktop/RP2040/sdk/pico-sdk/src/rp2_common/pico_async_context/async_context_base.c.obj
                0x10007eca                async_context_base_add_at_time_worker
 .text.async_context_base_remove_at_time_worker
                0x10007ee6       0x1c CMakeFiles/ov2640_pio.dir/C_/Users/08809/Desktop/RP2040/sdk/pico-sdk/src/rp2_common/pico_async_context/async_context_base.c.obj
                0x10007ee6                async_context_base_remove_at_time_worker
 .text.async_context_base_add_when_pending_worker
                0x10007f02       0x1c CMakeFiles/ov2640_pio.dir/C_/Users/08809/Desktop/RP2040/sdk/pico-sdk/src/rp2_common/pico_async_context/async_context_base.c.obj
                0x10007f02                async_context_base_add_when_pending_worker
 .text.async_context_base_remove_when_pending_worker
                0x10007f1e       0x1c CMakeFiles/ov2640_pio.dir/C_/Users/08809/Desktop/RP2040/sdk/pico-sdk/src/rp2_common/pico_async_context/async_context_base.c.obj
                0x10007f1e                async_context_base_remove_when_pending_worker
 *fill*         0x10007f3a        0x2 
 .text.async_context_base_remove_ready_at_time_worker
                0x10007f3c       0x78 CMakeFiles/ov2640_pio.dir/C_/Users/08809/Desktop/RP2040/sdk/pico-sdk/src/rp2_common/pico_async_context/async_context_base.c.obj
                0x10007f3c                async_context_base_remove_ready_at_time_worker
 .text.async_context_base_refresh_next_timeout
                0x10007fb4       0x3c CMakeFiles/ov2640_pio.dir/C_/Users/08809/Desktop/RP2040/sdk/pico-sdk/src/rp2_common/pico_async_context/async_context_base.c.obj
                0x10007fb4                async_context_base_refresh_next_timeout
 .text.async_context_base_execute_once
                0x10007ff0       0x48 CMakeFiles/ov2640_pio.dir/C_/Users/08809/Desktop/RP2040/sdk/pico-sdk/src/rp2_common/pico_async_context/async_context_base.c.obj
                0x10007ff0                async_context_base_execute_once
 .text.i2c_write_blocking_internal
                0x10008038      0x146 CMakeFiles/ov2640_pio.dir/C_/Users/08809/Desktop/RP2040/sdk/pico-sdk/src/rp2_common/hardware_i2c/i2c.c.obj
 .text.i2c_read_blocking_internal
                0x1000817e       0xe6 CMakeFiles/ov2640_pio.dir/C_/Users/08809/Desktop/RP2040/sdk/pico-sdk/src/rp2_common/hardware_i2c/i2c.c.obj
 .text.i2c_set_baudrate
                0x10008264       0xf0 CMakeFiles/ov2640_pio.dir/C_/Users/08809/Desktop/RP2040/sdk/pico-sdk/src/rp2_common/hardware_i2c/i2c.c.obj
                0x10008264                i2c_set_baudrate
 .text.i2c_init
                0x10008354       0x58 CMakeFiles/ov2640_pio.dir/C_/Users/08809/Desktop/RP2040/sdk/pico-sdk/src/rp2_common/hardware_i2c/i2c.c.obj
                0x10008354                i2c_init
 .text.i2c_write_blocking
                0x100083ac       0x18 CMakeFiles/ov2640_pio.dir/C_/Users/08809/Desktop/RP2040/sdk/pico-sdk/src/rp2_common/hardware_i2c/i2c.c.obj
                0x100083ac                i2c_write_blocking
 .text.i2c_read_blocking
                0x100083c4       0x18 CMakeFiles/ov2640_pio.dir/C_/Users/08809/Desktop/RP2040/sdk/pico-sdk/src/rp2_common/hardware_i2c/i2c.c.obj
                0x100083c4                i2c_read_blocking
 .text.memcmp   0x100083dc       0x44 c:/progra~2/armgnu~1/125863~1.3re/bin/../lib/gcc/arm-none-eabi/12.3.1/thumb/v6-m/nofp\libg.a(libc_a-memcmp.o)
                0x100083dc                memcmp
 .text.memmove  0x10008420       0xb0 c:/progra~2/armgnu~1/125863~1.3re/bin/../lib/gcc/arm-none-eabi/12.3.1/thumb/v6-m/nofp\libg.a(libc_a-memmove.o)
                0x10008420                memmove
 .text.strncmp  0x100084d0       0x68 c:/progra~2/armgnu~1/125863~1.3re/bin/../lib/gcc/arm-none-eabi/12.3.1/thumb/v6-m/nofp\libg.a(libc_a-strncmp.o)
                0x100084d0                strncmp
 .text.strlen   0x10008538       0x5c c:/progra~2/armgnu~1/125863~1.3re/bin/../lib/gcc/arm-none-eabi/12.3.1/thumb/v6-m/nofp\libg.a(libc_a-strlen-stub.o)
                0x10008538                strlen
 *(.fini)
 .fini          0x10008594        0x4 c:/progra~2/armgnu~1/125863~1.3re/bin/../lib/gcc/arm-none-eabi/12.3.1/thumb/v6-m/nofp/crti.o
                0x10008594                _fini
 .fini.__stub   0x10008598       0xa0 linker stubs
 *crtbegin.o(.ctors)
 *crtbegin?.o(.ctors)
 *(EXCLUDE_FILE(*crtend.o *crtend?.o) .ctors)
 *(SORT_BY_NAME(.ctors.*))
 *(.ctors)
 *crtbegin.o(.dtors)
 *crtbegin?.o(.dtors)
 *(EXCLUDE_FILE(*crtend.o *crtend?.o) .dtors)
 *(SORT_BY_NAME(.dtors.*))
 *(.dtors)
 *(.eh_frame*)
 .eh_frame      0x10008638        0x0 c:/progra~2/armgnu~1/125863~1.3re/bin/../lib/gcc/arm-none-eabi/12.3.1/thumb/v6-m/nofp/crtbegin.o
                0x10008638                        . = ALIGN (0x4)

.glue_7         0x10008638        0x0
 .glue_7        0x10008638        0x0 linker stubs

.glue_7t        0x10008638        0x0
 .glue_7t       0x10008638        0x0 linker stubs

.vfp11_veneer   0x10008638        0x0
 .vfp11_veneer  0x10008638        0x0 linker stubs

.v4_bx          0x10008638        0x0
 .v4_bx         0x10008638        0x0 linker stubs

.iplt           0x10008638        0x0
 .iplt          0x10008638        0x0 c:/progra~2/armgnu~1/125863~1.3re/bin/../lib/gcc/arm-none-eabi/12.3.1/thumb/v6-m/nofp/crtbegin.o

.rodata         0x10008638    0x39c5c
 *(EXCLUDE_FILE(*libm.a: *libc.a:*lib_a-mem*.o *libgcc.a:) .rodata*)
 .rodata.channel_config_set_chain_to.str1.4
                0x10008638       0x7e CMakeFiles/ov2640_pio.dir/src/ov2640.c.obj
 *fill*         0x100086b6        0x2 
 .rodata.channel_config_set_dreq.str1.4
                0x100086b8       0x13 CMakeFiles/ov2640_pio.dir/src/ov2640.c.obj
 *fill*         0x100086cb        0x1 
 .rodata.__func__.1
                0x100086cc       0x18 CMakeFiles/ov2640_pio.dir/src/ov2640.c.obj
 .rodata.__func__.3
                0x100086e4       0x1c CMakeFiles/ov2640_pio.dir/src/ov2640.c.obj
 .rodata.OV2640_UXGA_88x72_15fps
                0x10008700       0x22 CMakeFiles/ov2640_pio.dir/src/ov2640.c.obj
 *fill*         0x10008722        0x2 
 .rodata.OV2640_UXGA_RGB565
                0x10008724      0x1da CMakeFiles/ov2640_pio.dir/src/ov2640.c.obj
 *fill*         0x100088fe        0x2 
 .rodata.camera_read_program
                0x10008900        0x6 CMakeFiles/ov2640_pio.dir/src/ov2640.c.obj
 *fill*         0x10008906        0x2 
 .rodata.camera_read_program_instructions
                0x10008908        0x8 CMakeFiles/ov2640_pio.dir/src/ov2640.c.obj
 .rodata.gpio_add_raw_irq_handler_with_order_priority_masked.str1.4
                0x10008910       0x7b CMakeFiles/ov2640_pio.dir/C_/Users/08809/Desktop/RP2040/sdk/pico-sdk/src/rp2_common/hardware_gpio/gpio.c.obj
 *fill*         0x1000898b        0x1 
 .rodata.gpio_remove_raw_irq_handler_masked.str1.4
                0x1000898c       0x29 CMakeFiles/ov2640_pio.dir/C_/Users/08809/Desktop/RP2040/sdk/pico-sdk/src/rp2_common/hardware_gpio/gpio.c.obj
 *fill*         0x100089b5        0x3 
 .rodata.__func__.0
                0x100089b8       0x23 CMakeFiles/ov2640_pio.dir/C_/Users/08809/Desktop/RP2040/sdk/pico-sdk/src/rp2_common/hardware_gpio/gpio.c.obj
 *fill*         0x100089db        0x1 
 .rodata.__func__.1
                0x100089dc       0x34 CMakeFiles/ov2640_pio.dir/C_/Users/08809/Desktop/RP2040/sdk/pico-sdk/src/rp2_common/hardware_gpio/gpio.c.obj
 .rodata.hw_claim_clear.str1.4
                0x10008a10       0x71 CMakeFiles/ov2640_pio.dir/C_/Users/08809/Desktop/RP2040/sdk/pico-sdk/src/rp2_common/hardware_claim/claim.c.obj
 *fill*         0x10008a81        0x3 
 .rodata.__func__.0
                0x10008a84        0xf CMakeFiles/ov2640_pio.dir/C_/Users/08809/Desktop/RP2040/sdk/pico-sdk/src/rp2_common/hardware_claim/claim.c.obj
 *fill*         0x10008a93        0x1 
 .rodata.resolve_branch.str1.4
                0x10008a94       0x65 CMakeFiles/ov2640_pio.dir/C_/Users/08809/Desktop/RP2040/sdk/pico-sdk/src/rp2_common/hardware_irq/irq.c.obj
 *fill*         0x10008af9        0x3 
 .rodata.make_branch.str1.4
                0x10008afc       0x30 CMakeFiles/ov2640_pio.dir/C_/Users/08809/Desktop/RP2040/sdk/pico-sdk/src/rp2_common/hardware_irq/irq.c.obj
 .rodata.insert_branch_and_link.str1.4
                0x10008b2c       0x10 CMakeFiles/ov2640_pio.dir/C_/Users/08809/Desktop/RP2040/sdk/pico-sdk/src/rp2_common/hardware_irq/irq.c.obj
 .rodata.irq_set_exclusive_handler.str1.4
                0x10008b3c       0x36 CMakeFiles/ov2640_pio.dir/C_/Users/08809/Desktop/RP2040/sdk/pico-sdk/src/rp2_common/hardware_irq/irq.c.obj
 *fill*         0x10008b72        0x2 
 .rodata.irq_add_shared_handler.str1.4
                0x10008b74       0xc2 CMakeFiles/ov2640_pio.dir/C_/Users/08809/Desktop/RP2040/sdk/pico-sdk/src/rp2_common/hardware_irq/irq.c.obj
 *fill*         0x10008c36        0x2 
 .rodata.irq_remove_handler.str1.4
                0x10008c38       0x3a CMakeFiles/ov2640_pio.dir/C_/Users/08809/Desktop/RP2040/sdk/pico-sdk/src/rp2_common/hardware_irq/irq.c.obj
 *fill*         0x10008c72        0x2 
 .rodata.irq_add_tail_to_free_list.str1.4
                0x10008c74       0x3a CMakeFiles/ov2640_pio.dir/C_/Users/08809/Desktop/RP2040/sdk/pico-sdk/src/rp2_common/hardware_irq/irq.c.obj
 *fill*         0x10008cae        0x2 
 .rodata.user_irq_claim_unused.str1.4
                0x10008cb0       0x1b CMakeFiles/ov2640_pio.dir/C_/Users/08809/Desktop/RP2040/sdk/pico-sdk/src/rp2_common/hardware_irq/irq.c.obj
 *fill*         0x10008ccb        0x1 
 .rodata.__func__.0
                0x10008ccc       0x1a CMakeFiles/ov2640_pio.dir/C_/Users/08809/Desktop/RP2040/sdk/pico-sdk/src/rp2_common/hardware_irq/irq.c.obj
 *fill*         0x10008ce6        0x2 
 .rodata.__func__.1
                0x10008ce8       0x17 CMakeFiles/ov2640_pio.dir/C_/Users/08809/Desktop/RP2040/sdk/pico-sdk/src/rp2_common/hardware_irq/irq.c.obj
 *fill*         0x10008cff        0x1 
 .rodata.__func__.2
                0x10008d00       0x13 CMakeFiles/ov2640_pio.dir/C_/Users/08809/Desktop/RP2040/sdk/pico-sdk/src/rp2_common/hardware_irq/irq.c.obj
 *fill*         0x10008d13        0x1 
 .rodata.__func__.3
                0x10008d14        0xc CMakeFiles/ov2640_pio.dir/C_/Users/08809/Desktop/RP2040/sdk/pico-sdk/src/rp2_common/hardware_irq/irq.c.obj
 .rodata.__func__.4
                0x10008d20        0xf CMakeFiles/ov2640_pio.dir/C_/Users/08809/Desktop/RP2040/sdk/pico-sdk/src/rp2_common/hardware_irq/irq.c.obj
 *fill*         0x10008d2f        0x1 
 .rodata.__func__.5
                0x10008d30       0x17 CMakeFiles/ov2640_pio.dir/C_/Users/08809/Desktop/RP2040/sdk/pico-sdk/src/rp2_common/hardware_irq/irq.c.obj
 *fill*         0x10008d47        0x1 
 .rodata.__func__.6
                0x10008d48       0x1a CMakeFiles/ov2640_pio.dir/C_/Users/08809/Desktop/RP2040/sdk/pico-sdk/src/rp2_common/hardware_irq/irq.c.obj
 *fill*         0x10008d62        0x2 
 .rodata.str1.4
                0x10008d64       0x99 CMakeFiles/ov2640_pio.dir/C_/Users/08809/Desktop/RP2040/sdk/pico-sdk/src/common/pico_sync/mutex.c.obj
 *fill*         0x10008dfd        0x3 
 .rodata.__func__.0
                0x10008e00       0x15 CMakeFiles/ov2640_pio.dir/C_/Users/08809/Desktop/RP2040/sdk/pico-sdk/src/common/pico_sync/mutex.c.obj
 *fill*         0x10008e15        0x3 
 .rodata.__func__.1
                0x10008e18        0xb CMakeFiles/ov2640_pio.dir/C_/Users/08809/Desktop/RP2040/sdk/pico-sdk/src/common/pico_sync/mutex.c.obj
 *fill*         0x10008e23        0x1 
 .rodata.__func__.3
                0x10008e24       0x18 CMakeFiles/ov2640_pio.dir/C_/Users/08809/Desktop/RP2040/sdk/pico-sdk/src/common/pico_sync/mutex.c.obj
 .rodata.__func__.5
                0x10008e3c       0x1a CMakeFiles/ov2640_pio.dir/C_/Users/08809/Desktop/RP2040/sdk/pico-sdk/src/common/pico_sync/mutex.c.obj
 *fill*         0x10008e56        0x2 
 .rodata.__func__.6
                0x10008e58       0x1f CMakeFiles/ov2640_pio.dir/C_/Users/08809/Desktop/RP2040/sdk/pico-sdk/src/common/pico_sync/mutex.c.obj
 *fill*         0x10008e77        0x1 
 .rodata.get_entry.str1.4
                0x10008e78       0x6b CMakeFiles/ov2640_pio.dir/C_/Users/08809/Desktop/RP2040/sdk/pico-sdk/src/common/pico_time/time.c.obj
 *fill*         0x10008ee3        0x1 
 .rodata.update_us_since_boot.str1.4
                0x10008ee4       0x71 CMakeFiles/ov2640_pio.dir/C_/Users/08809/Desktop/RP2040/sdk/pico-sdk/src/common/pico_time/time.c.obj
 *fill*         0x10008f55        0x3 
 .rodata.ph_get_node.str1.4
                0x10008f58       0x76 CMakeFiles/ov2640_pio.dir/C_/Users/08809/Desktop/RP2040/sdk/pico-sdk/src/common/pico_time/time.c.obj
 *fill*         0x10008fce        0x2 
 .rodata.ph_add_child_node.str1.4
                0x10008fd0       0x2e CMakeFiles/ov2640_pio.dir/C_/Users/08809/Desktop/RP2040/sdk/pico-sdk/src/common/pico_time/time.c.obj
 *fill*         0x10008ffe        0x2 
 .rodata.ph_insert_node.str1.4
                0x10009000        0x3 CMakeFiles/ov2640_pio.dir/C_/Users/08809/Desktop/RP2040/sdk/pico-sdk/src/common/pico_time/time.c.obj
 *fill*         0x10009003        0x1 
 .rodata.ph_free_node.str1.4
                0x10009004       0x38 CMakeFiles/ov2640_pio.dir/C_/Users/08809/Desktop/RP2040/sdk/pico-sdk/src/common/pico_time/time.c.obj
 .rodata.add_alarm_under_lock.str1.4
                0x1000903c       0x28 CMakeFiles/ov2640_pio.dir/C_/Users/08809/Desktop/RP2040/sdk/pico-sdk/src/common/pico_time/time.c.obj
 .rodata.alarm_pool_alarm_callback.str1.4
                0x10009064       0x60 CMakeFiles/ov2640_pio.dir/C_/Users/08809/Desktop/RP2040/sdk/pico-sdk/src/common/pico_time/time.c.obj
 .rodata.alarm_pool_get_default.str1.4
                0x100090c4       0x21 CMakeFiles/ov2640_pio.dir/C_/Users/08809/Desktop/RP2040/sdk/pico-sdk/src/common/pico_time/time.c.obj
 *fill*         0x100090e5        0x3 
 .rodata.alarm_pool_cancel_alarm.str1.4
                0x100090e8       0x27 CMakeFiles/ov2640_pio.dir/C_/Users/08809/Desktop/RP2040/sdk/pico-sdk/src/common/pico_time/time.c.obj
 *fill*         0x1000910f        0x1 
 .rodata.sleep_until.str1.4
                0x10009110       0x4d CMakeFiles/ov2640_pio.dir/C_/Users/08809/Desktop/RP2040/sdk/pico-sdk/src/common/pico_time/time.c.obj
 *fill*         0x1000915d        0x3 
 .rodata.__func__.1
                0x10009160       0x18 CMakeFiles/ov2640_pio.dir/C_/Users/08809/Desktop/RP2040/sdk/pico-sdk/src/common/pico_time/time.c.obj
 .rodata.__func__.3
                0x10009178       0x17 CMakeFiles/ov2640_pio.dir/C_/Users/08809/Desktop/RP2040/sdk/pico-sdk/src/common/pico_time/time.c.obj
 *fill*         0x1000918f        0x1 
 .rodata.__func__.4
                0x10009190       0x12 CMakeFiles/ov2640_pio.dir/C_/Users/08809/Desktop/RP2040/sdk/pico-sdk/src/common/pico_time/time.c.obj
 *fill*         0x100091a2        0x2 
 .rodata.__func__.5
                0x100091a4        0xd CMakeFiles/ov2640_pio.dir/C_/Users/08809/Desktop/RP2040/sdk/pico-sdk/src/common/pico_time/time.c.obj
 *fill*         0x100091b1        0x3 
 .rodata.__func__.6